PANEL A -- DESIGN FIXE EX ANTE (aucun ciblage de volatilite)
Stress historique integral : aucune exclusion d'investissabilite.
strategie                  actions    oblig.       or       MF     brut   emprunt
---------------------------------------------------------------------------------
ACO 33/67                    100%*      0.0%     0.0%     0.0%   100.0%      0.0%
ACO 33/67 125%              125.0%      0.0%     0.0%     0.0%   125.0%     25.0%
ACO 33/67 150%              150.0%      0.0%     0.0%     0.0%   150.0%     50.0%
ACO 33/67 175%              175.0%      0.0%     0.0%     0.0%   175.0%     75.0%
ACO 33/67 200%              200.0%      0.0%     0.0%     0.0%   200.0%    100.0%
Stocks/I 50/50               100%*      0.0%     0.0%     0.0%   100.0%      0.0%
Actions domestiques         100%**      0.0%     0.0%     0.0%   100.0%      0.0%
ACO 33/67, change cst     100%****      0.0%     0.0%     0.0%   100.0%      0.0%
90/60 local fixe              90%*     60%**     0.0%     0.0%   150.0%     50.0%
90/60 oblig. mondiales        90%*    60%***     0.0%     0.0%   150.0%     50.0%
60/40 ACO/couvert            60.0%     40.0%     0.0%     0.0%   100.0%      0.0%
60/40 ACO + 33.33 MF         60.0%     40.0%     0.0%    33.3%   133.3%     33.3%
60/40 ACO + 33.33 Or         60.0%     40.0%    33.3%     0.0%   133.3%     33.3%
54/36/20/20 ACO              54.0%     36.0%    20.0%    20.0%   130.0%     30.0%
40/26.67/16.67/16.67 ACO     40.0%     26.7%    16.7%    16.7%   100.0%      0.0%
50/33.33/20.83/20.83 ACO     50.0%     33.3%    20.8%    20.8%   125.0%     25.0%
60/40/25/25 ACO              60.0%     40.0%    25.0%    25.0%   150.0%     50.0%
70/46.67/29.17/29.17 ACO     70.0%     46.7%    29.2%    29.2%   175.0%     75.0%
80/53.33/33.33/33.33 ACO     80.0%     53.3%    33.3%    33.3%   200.0%    100.0%
25/25/25/25 ACO              25.0%     25.0%    25.0%    25.0%   100.0%      0.0%
31.25/31.25/31.25/31.25 ACO     31.2%     31.2%    31.2%    31.2%   125.0%     25.0%
37.5/37.5/37.5/37.5 ACO      37.5%     37.5%    37.5%    37.5%   150.0%     50.0%
43.75/43.75/43.75/43.75 ACO     43.8%     43.8%    43.8%    43.8%   175.0%     75.0%
50/50/50/50 ACO              50.0%     50.0%    50.0%    50.0%   200.0%    100.0%
90/60/25/25 ACO              90.0%     60.0%    25.0%    25.0%   200.0%    100.0%
* ACO 33/67 est le portefeuille fixe optimal de la revision 2025 ;
  toutes les extensions conservent cette meme poche actions.
  Stocks/I conserve la convention historique 50/50 comme controle.
** Exposition domestique au pays de residence de la trajectoire.
*** Obligations mondiales couvertes ; bill du resident ; actions inchangees.
**** 33/67 domestique/international, change reel neutralise ; contrefactuel.

PANEL B -- MOMENTS REALISES (evaluation, jamais calibrage)
strategie                  rendement   volatilite    pct. 1 %       minimum (pays-annee)
----------------------------------------------------------------------------------------
ACO 33/67                      7.60%       17.50%     -40.36%       -84.60% (Japan 1945)
ACO 33/67 125%                 9.35%       21.57%     -48.20%       -83.21% (Japan 1945)
ACO 33/67 150%                11.11%       25.71%     -57.48%       -81.82% (Japan 1945)
ACO 33/67 175%                12.86%       29.90%     -66.32%       -80.44% (Japan 1945)
ACO 33/67 200%                14.61%       34.11%     -75.75%       -90.99% (Japan 2008)
40/26.67/16.67/16.67 ACO       5.30%       10.35%     -16.09%       -86.70% (Japan 1945)
50/33.33/20.83/20.83 ACO       6.48%       12.25%     -18.63%       -85.83% (Japan 1945)
60/40/25/25 ACO                7.66%       14.27%     -21.19%       -84.97% (Japan 1945)
70/46.67/29.17/29.17 ACO       8.84%       16.37%     -24.40%       -84.10% (Japan 1945)
80/53.33/33.33/33.33 ACO      10.02%       18.51%     -27.09%       -83.24% (Japan 1945)
25/25/25/25 ACO                5.00%       10.17%     -15.53%       -86.97% (Japan 1945)
31.25/31.25/31.25/31.25 ACO       6.11%       12.01%     -15.84%       -86.17% (Japan 1945)
37.5/37.5/37.5/37.5 ACO        7.21%       13.97%     -18.86%       -85.37% (Japan 1945)
43.75/43.75/43.75/43.75 ACO       8.32%       16.00%     -21.16%       -84.58% (Japan 1945)
50/50/50/50 ACO                9.42%       18.08%     -24.18%       -83.78% (Japan 1945)

PANEL C -- CYCLE DE VIE, CRRA ET EPARGNE EQUIVALENTE
10000 trajectoires appariees ; blocs 10 ans ; spread 0.30% ; gamma 3.84
MF nets de frais 0.85%, couts 0.61% et haircut 0.00%
Obligations et MF couverts ; friction de change 0.10%
Controle revenu median : age 25 28 433  age 47 69 191

Reference d'utilite : ACO 33/67 avec 10 % d'epargne.
strategie                   epargne eq.   richesse med.   conso moy.    ruine            delta [IC95]     legs med.
-----------------------------------------------------------------------------------------------------------------
ACO 33/67                        10.00%         891 754       71 531    7.17%  +0.00% [+0.00%;+0.00%]     1 564 506
ACO 33/67 125%                    8.78%       1 128 692       90 149    8.52%  +1.35% [+1.06%;+1.64%]     2 422 921
ACO 33/67 150%                    8.66%       1 364 707      115 272   11.16%  +3.99% [+3.55%;+4.43%]     3 310 848
ACO 33/67 175%                   10.28%       1 561 229      148 095   15.21%  +8.04% [+7.46%;+8.62%]     3 795 529
ACO 33/67 200%                   17.46%       1 632 500      188 902   21.13%  +13.96% [+13.25%;+14.67%]     3 393 459
40/26.67/16.67/16.67 ACO         11.84%         683 174       56 203    4.44%  -2.73% [-3.20%;-2.26%]       895 405
50/33.33/20.83/20.83 ACO          9.19%         860 327       65 100    3.15%  -4.02% [-4.48%;-3.56%]     1 531 023
60/40/25/25 ACO                   7.25%       1 076 638       76 618    2.43%  -4.74% [-5.19%;-4.29%]     2 525 126
70/46.67/29.17/29.17 ACO          5.80%       1 337 925       91 547    2.00%  -5.17% [-5.62%;-4.72%]     4 079 005
80/53.33/33.33/33.33 ACO          4.70%       1 650 808      110 884    1.76%  -5.41% [-5.86%;-4.96%]     6 383 830
25/25/25/25 ACO                  12.65%         645 444       54 614    5.17%  -2.00% [-2.53%;-1.47%]       797 409
31.25/31.25/31.25/31.25 ACO       9.93%         806 878       62 659    3.79%  -3.38% [-3.88%;-2.88%]     1 336 216
37.5/37.5/37.5/37.5 ACO           7.93%         996 285       73 026    2.97%  -4.20% [-4.69%;-3.71%]     2 142 842
43.75/43.75/43.75/43.75 ACO       6.41%       1 232 578       86 434    2.53%  -4.64% [-5.12%;-4.16%]     3 389 222
50/50/50/50 ACO                   5.26%       1 514 055      103 805    2.21%  -4.96% [-5.44%;-4.48%]     5 225 720
