PANEL A -- DESIGN FIXE EX ANTE (aucun ciblage de volatilite)
Stress historique integral : aucune exclusion d'investissabilite.
strategie                  actions    oblig.       or       MF     brut   emprunt
---------------------------------------------------------------------------------
ACO 33/67                    100%*      0.0%     0.0%     0.0%   100.0%      0.0%
ACO 33/67 125%              125.0%      0.0%     0.0%     0.0%   125.0%     25.0%
ACO 33/67 150%              150.0%      0.0%     0.0%     0.0%   150.0%     50.0%
ACO 33/67 175%              175.0%      0.0%     0.0%     0.0%   175.0%     75.0%
ACO 33/67 200%              200.0%      0.0%     0.0%     0.0%   200.0%    100.0%
Stocks/I 50/50               100%*      0.0%     0.0%     0.0%   100.0%      0.0%
Actions domestiques         100%**      0.0%     0.0%     0.0%   100.0%      0.0%
ACO 33/67, change cst     100%****      0.0%     0.0%     0.0%   100.0%      0.0%
90/60 local fixe              90%*     60%**     0.0%     0.0%   150.0%     50.0%
90/60 oblig. mondiales        90%*    60%***     0.0%     0.0%   150.0%     50.0%
60/40 ACO/couvert            60.0%     40.0%     0.0%     0.0%   100.0%      0.0%
60/40 ACO + 33.33 MF         60.0%     40.0%     0.0%    33.3%   133.3%     33.3%
60/40 ACO + 33.33 Or         60.0%     40.0%    33.3%     0.0%   133.3%     33.3%
54/36/20/20 ACO              54.0%     36.0%    20.0%    20.0%   130.0%     30.0%
40/26.67/16.67/16.67 ACO     40.0%     26.7%    16.7%    16.7%   100.0%      0.0%
50/33.33/20.83/20.83 ACO     50.0%     33.3%    20.8%    20.8%   125.0%     25.0%
60/40/25/25 ACO              60.0%     40.0%    25.0%    25.0%   150.0%     50.0%
70/46.67/29.17/29.17 ACO     70.0%     46.7%    29.2%    29.2%   175.0%     75.0%
80/53.33/33.33/33.33 ACO     80.0%     53.3%    33.3%    33.3%   200.0%    100.0%
25/25/25/25 ACO              25.0%     25.0%    25.0%    25.0%   100.0%      0.0%
31.25/31.25/31.25/31.25 ACO     31.2%     31.2%    31.2%    31.2%   125.0%     25.0%
37.5/37.5/37.5/37.5 ACO      37.5%     37.5%    37.5%    37.5%   150.0%     50.0%
43.75/43.75/43.75/43.75 ACO     43.8%     43.8%    43.8%    43.8%   175.0%     75.0%
50/50/50/50 ACO              50.0%     50.0%    50.0%    50.0%   200.0%    100.0%
90/60/25/25 ACO              90.0%     60.0%    25.0%    25.0%   200.0%    100.0%
* ACO 33/67 est le portefeuille fixe optimal de la revision 2025 ;
  toutes les extensions conservent cette meme poche actions.
  Stocks/I conserve la convention historique 50/50 comme controle.
** Exposition domestique au pays de residence de la trajectoire.
*** Obligations mondiales couvertes ; bill du resident ; actions inchangees.
**** 33/67 domestique/international, change reel neutralise ; contrefactuel.

PANEL B -- MOMENTS REALISES (evaluation, jamais calibrage)
strategie                  rendement   volatilite    pct. 1 %       minimum (pays-annee)
----------------------------------------------------------------------------------------
ACO 33/67                      7.82%       18.08%     -38.43%       -84.30% (Japan 1945)
ACO 33/67 125%                 9.61%       22.43%     -47.81%       -82.83% (Japan 1945)
ACO 33/67 150%                11.41%       26.84%     -56.96%       -81.37% (Japan 1945)
ACO 33/67 175%                13.21%       31.28%     -66.07%       -79.90% (Japan 1945)
ACO 33/67 200%                15.01%       35.75%     -75.49%       -90.77% (Japan 2008)
40/26.67/16.67/16.67 ACO       5.49%       10.78%     -15.87%       -86.60% (Japan 1945)
50/33.33/20.83/20.83 ACO       6.71%       13.02%     -17.68%       -85.71% (Japan 1945)
60/40/25/25 ACO                7.92%       15.37%     -20.35%       -84.82% (Japan 1945)
70/46.67/29.17/29.17 ACO       9.14%       17.77%     -22.80%       -83.94% (Japan 1945)
80/53.33/33.33/33.33 ACO      10.36%       20.22%     -26.09%       -83.05% (Japan 1945)
25/25/25/25 ACO                5.20%       10.71%     -14.25%       -86.92% (Japan 1945)
31.25/31.25/31.25/31.25 ACO       6.35%       12.93%     -15.19%       -86.11% (Japan 1945)
37.5/37.5/37.5/37.5 ACO        7.49%       15.26%     -18.43%       -85.30% (Japan 1945)
43.75/43.75/43.75/43.75 ACO       8.63%       17.65%     -20.50%       -84.49% (Japan 1945)
50/50/50/50 ACO                9.78%       20.08%     -23.07%       -83.68% (Japan 1945)

PANEL C -- CYCLE DE VIE, CRRA ET EPARGNE EQUIVALENTE
10000 trajectoires appariees ; blocs 10 ans ; spread 0.30% ; gamma 3.84
MF nets de frais 0.85%, couts 0.61% et haircut 0.00%
Obligations et MF couverts ; friction de change 0.10%
Controle revenu median : age 25 28 532  age 47 69 001

Reference d'utilite : ACO 33/67 avec 10 % d'epargne.
strategie                   epargne eq.   richesse med.   conso moy.    ruine            delta [IC95]     legs med.
-----------------------------------------------------------------------------------------------------------------
ACO 33/67                        10.00%         904 529       72 219    7.54%  +0.00% [+0.00%;+0.00%]     1 554 293
ACO 33/67 125%                    8.55%       1 151 482       91 531    8.85%  +1.31% [+1.01%;+1.61%]     2 470 034
ACO 33/67 150%                    8.27%       1 412 821      117 714   11.39%  +3.85% [+3.41%;+4.29%]     3 438 928
ACO 33/67 175%                    9.67%       1 640 915      152 193   15.22%  +7.68% [+7.10%;+8.26%]     4 035 590
ACO 33/67 200%                   15.86%       1 771 144      195 796   20.89%  +13.35% [+12.64%;+14.06%]     3 682 491
40/26.67/16.67/16.67 ACO         12.29%         679 538       56 160    4.89%  -2.65% [-3.14%;-2.16%]       890 725
50/33.33/20.83/20.83 ACO          9.44%         854 122       65 287    3.31%  -4.23% [-4.69%;-3.77%]     1 542 478
60/40/25/25 ACO                   7.39%       1 074 235       77 136    2.47%  -5.07% [-5.52%;-4.62%]     2 566 362
70/46.67/29.17/29.17 ACO          5.87%       1 339 810       92 531    2.07%  -5.47% [-5.93%;-5.01%]     4 175 853
80/53.33/33.33/33.33 ACO          4.73%       1 674 022      112 529    1.89%  -5.65% [-6.11%;-5.19%]     6 489 626
25/25/25/25 ACO                  13.12%         642 083       54 445    5.43%  -2.11% [-2.65%;-1.57%]       779 447
31.25/31.25/31.25/31.25 ACO      10.23%         796 651       62 641    3.79%  -3.75% [-4.26%;-3.24%]     1 311 800
37.5/37.5/37.5/37.5 ACO           8.11%         987 981       73 233    3.04%  -4.50% [-4.99%;-4.01%]     2 159 069
43.75/43.75/43.75/43.75 ACO       6.52%       1 218 306       86 959    2.49%  -5.05% [-5.53%;-4.57%]     3 420 983
50/50/50/50 ACO                   5.30%       1 492 758      104 762    2.20%  -5.34% [-5.82%;-4.86%]     5 260 719
