PANEL A -- DESIGN FIXE EX ANTE (aucun ciblage de volatilite)
Stress historique integral : aucune exclusion d'investissabilite.
strategie                  actions    oblig.       or       MF     brut   emprunt
---------------------------------------------------------------------------------
ACO 33/67                    100%*      0.0%     0.0%     0.0%   100.0%      0.0%
ACO 33/67 125%              125.0%      0.0%     0.0%     0.0%   125.0%     25.0%
ACO 33/67 150%              150.0%      0.0%     0.0%     0.0%   150.0%     50.0%
ACO 33/67 175%              175.0%      0.0%     0.0%     0.0%   175.0%     75.0%
ACO 33/67 200%              200.0%      0.0%     0.0%     0.0%   200.0%    100.0%
Stocks/I 50/50               100%*      0.0%     0.0%     0.0%   100.0%      0.0%
Actions domestiques         100%**      0.0%     0.0%     0.0%   100.0%      0.0%
ACO 33/67, change cst     100%****      0.0%     0.0%     0.0%   100.0%      0.0%
90/60 local fixe              90%*     60%**     0.0%     0.0%   150.0%     50.0%
90/60 oblig. mondiales        90%*    60%***     0.0%     0.0%   150.0%     50.0%
60/40 ACO/couvert            60.0%     40.0%     0.0%     0.0%   100.0%      0.0%
60/40 ACO + 33.33 MF         60.0%     40.0%     0.0%    33.3%   133.3%     33.3%
60/40 ACO + 33.33 Or         60.0%     40.0%    33.3%     0.0%   133.3%     33.3%
54/36/20/20 ACO              54.0%     36.0%    20.0%    20.0%   130.0%     30.0%
40/26.67/16.67/16.67 ACO     40.0%     26.7%    16.7%    16.7%   100.0%      0.0%
50/33.33/20.83/20.83 ACO     50.0%     33.3%    20.8%    20.8%   125.0%     25.0%
60/40/25/25 ACO              60.0%     40.0%    25.0%    25.0%   150.0%     50.0%
70/46.67/29.17/29.17 ACO     70.0%     46.7%    29.2%    29.2%   175.0%     75.0%
80/53.33/33.33/33.33 ACO     80.0%     53.3%    33.3%    33.3%   200.0%    100.0%
25/25/25/25 ACO              25.0%     25.0%    25.0%    25.0%   100.0%      0.0%
31.25/31.25/31.25/31.25 ACO     31.2%     31.2%    31.2%    31.2%   125.0%     25.0%
37.5/37.5/37.5/37.5 ACO      37.5%     37.5%    37.5%    37.5%   150.0%     50.0%
43.75/43.75/43.75/43.75 ACO     43.8%     43.8%    43.8%    43.8%   175.0%     75.0%
50/50/50/50 ACO              50.0%     50.0%    50.0%    50.0%   200.0%    100.0%
90/60/25/25 ACO              90.0%     60.0%    25.0%    25.0%   200.0%    100.0%
* ACO 33/67 est le portefeuille fixe optimal de la revision 2025 ;
  toutes les extensions conservent cette meme poche actions.
  Stocks/I conserve la convention historique 50/50 comme controle.
** Exposition domestique au pays de residence de la trajectoire.
*** Obligations mondiales couvertes ; bill du resident ; actions inchangees.
**** 33/67 domestique/international, change reel neutralise ; contrefactuel.

PANEL B -- MOMENTS REALISES (evaluation, jamais calibrage)
strategie                  rendement   volatilite    pct. 1 %       minimum (pays-annee)
----------------------------------------------------------------------------------------
ACO 33/67                      8.12%       25.28%     -40.36%       -84.60% (Japan 1945)
ACO 33/67 125%                10.00%       31.47%     -48.19%       -83.21% (Japan 1945)
ACO 33/67 150%                11.89%       37.71%     -57.47%       -81.82% (Japan 1945)
ACO 33/67 175%                13.78%       43.99%     -66.32%       -80.44% (Japan 1945)
ACO 33/67 200%                15.67%       50.28%     -75.74%       -90.99% (Japan 2008)
40/26.67/16.67/16.67 ACO       4.49%       15.66%     -17.25%       -87.86% (Japan 1945)
50/33.33/20.83/20.83 ACO       5.47%       19.23%     -20.08%       -87.29% (Japan 1945)
60/40/25/25 ACO                6.45%       22.88%     -22.93%       -86.72% (Japan 1945)
70/46.67/29.17/29.17 ACO       7.44%       26.58%     -26.44%       -86.14% (Japan 1945)
80/53.33/33.33/33.33 ACO       8.42%       30.31%     -30.06%       -85.57% (Japan 1945)
25/25/25/25 ACO                3.60%       15.09%     -17.28%       -88.72% (Japan 1945)
31.25/31.25/31.25/31.25 ACO       4.36%       18.50%     -18.02%       -88.36% (Japan 1945)
37.5/37.5/37.5/37.5 ACO        5.12%       21.99%     -21.48%       -88.00% (Japan 1945)
43.75/43.75/43.75/43.75 ACO       5.89%       25.54%     -24.22%       -87.64% (Japan 1945)
50/50/50/50 ACO                6.65%       29.12%     -27.68%       -87.28% (Japan 1945)

PANEL C -- CYCLE DE VIE, CRRA ET EPARGNE EQUIVALENTE
10000 trajectoires appariees ; blocs 10 ans ; spread 0.30% ; gamma 3.84
MF nets de frais 0.85%, couts 0.61% et haircut 7.00%
Obligations et MF couverts ; friction de change 0.10%
Controle revenu median : age 25 28 445  age 47 70 443

Reference d'utilite : ACO 33/67 avec 10 % d'epargne.
strategie                   epargne eq.   richesse med.   conso moy.    ruine            delta [IC95]     legs med.
-----------------------------------------------------------------------------------------------------------------
ACO 33/67                        10.00%         893 324       71 733    6.98%  +0.00% [+0.00%;+0.00%]     1 564 744
ACO 33/67 125%                    8.56%       1 137 622       90 926    8.13%  +1.15% [+0.86%;+1.44%]     2 512 346
ACO 33/67 150%                    8.30%       1 381 587      117 048   10.69%  +3.71% [+3.27%;+4.15%]     3 504 847
ACO 33/67 175%                    9.64%       1 575 340      151 395   14.81%  +7.83% [+7.25%;+8.41%]     4 129 999
ACO 33/67 200%                   15.66%       1 674 475      195 615   20.28%  +13.30% [+12.59%;+14.01%]     3 768 679
40/26.67/16.67/16.67 ACO         17.39%         517 069       48 486    8.99%  +2.01% [+1.45%;+2.57%]       432 721
50/33.33/20.83/20.83 ACO         14.29%         605 482       53 177    7.11%  +0.13% [-0.38%;+0.64%]       649 180
60/40/25/25 ACO                  12.06%         704 199       58 749    6.00%  -0.98% [-1.46%;-0.50%]       934 803
70/46.67/29.17/29.17 ACO         10.39%         814 754       65 358    5.36%  -1.62% [-2.08%;-1.16%]     1 312 136
80/53.33/33.33/33.33 ACO          9.10%         938 275       73 190    5.24%  -1.74% [-2.20%;-1.28%]     1 781 376
25/25/25/25 ACO                  22.88%         429 771       44 407   13.91%  +6.93% [+6.23%;+7.63%]       258 008
31.25/31.25/31.25/31.25 ACO      19.83%         480 825       47 224   12.15%  +5.17% [+4.49%;+5.85%]       350 985
37.5/37.5/37.5/37.5 ACO          17.65%         532 035       50 413   11.57%  +4.59% [+3.92%;+5.26%]       459 847
43.75/43.75/43.75/43.75 ACO      16.07%         587 377       54 025   11.24%  +4.26% [+3.60%;+4.92%]       579 268
50/50/50/50 ACO                  14.96%         645 098       58 115   11.23%  +4.25% [+3.59%;+4.91%]       717 234
