PANEL A -- DESIGN FIXE EX ANTE (aucun ciblage de volatilite)
Stress historique integral : aucune exclusion d'investissabilite.
strategie                  actions    oblig.       or       MF     brut   emprunt
---------------------------------------------------------------------------------
ACO 33/67                    100%*      0.0%     0.0%     0.0%   100.0%      0.0%
ACO 33/67 125%              125.0%      0.0%     0.0%     0.0%   125.0%     25.0%
ACO 33/67 150%              150.0%      0.0%     0.0%     0.0%   150.0%     50.0%
ACO 33/67 175%              175.0%      0.0%     0.0%     0.0%   175.0%     75.0%
ACO 33/67 200%              200.0%      0.0%     0.0%     0.0%   200.0%    100.0%
Stocks/I 50/50               100%*      0.0%     0.0%     0.0%   100.0%      0.0%
Actions domestiques         100%**      0.0%     0.0%     0.0%   100.0%      0.0%
ACO 33/67, change cst     100%****      0.0%     0.0%     0.0%   100.0%      0.0%
90/60 local fixe              90%*     60%**     0.0%     0.0%   150.0%     50.0%
90/60 oblig. mondiales        90%*    60%***     0.0%     0.0%   150.0%     50.0%
60/40 ACO/couvert            60.0%     40.0%     0.0%     0.0%   100.0%      0.0%
60/40 ACO + 33.33 MF         60.0%     40.0%     0.0%    33.3%   133.3%     33.3%
60/40 ACO + 33.33 Or         60.0%     40.0%    33.3%     0.0%   133.3%     33.3%
54/36/20/20 ACO              54.0%     36.0%    20.0%    20.0%   130.0%     30.0%
40/26.67/16.67/16.67 ACO     40.0%     26.7%    16.7%    16.7%   100.0%      0.0%
50/33.33/20.83/20.83 ACO     50.0%     33.3%    20.8%    20.8%   125.0%     25.0%
60/40/25/25 ACO              60.0%     40.0%    25.0%    25.0%   150.0%     50.0%
70/46.67/29.17/29.17 ACO     70.0%     46.7%    29.2%    29.2%   175.0%     75.0%
80/53.33/33.33/33.33 ACO     80.0%     53.3%    33.3%    33.3%   200.0%    100.0%
25/25/25/25 ACO              25.0%     25.0%    25.0%    25.0%   100.0%      0.0%
31.25/31.25/31.25/31.25 ACO     31.2%     31.2%    31.2%    31.2%   125.0%     25.0%
37.5/37.5/37.5/37.5 ACO      37.5%     37.5%    37.5%    37.5%   150.0%     50.0%
43.75/43.75/43.75/43.75 ACO     43.8%     43.8%    43.8%    43.8%   175.0%     75.0%
50/50/50/50 ACO              50.0%     50.0%    50.0%    50.0%   200.0%    100.0%
90/60/25/25 ACO              90.0%     60.0%    25.0%    25.0%   200.0%    100.0%
* ACO 33/67 est le portefeuille fixe optimal de la revision 2025 ;
  toutes les extensions conservent cette meme poche actions.
  Stocks/I conserve la convention historique 50/50 comme controle.
** Exposition domestique au pays de residence de la trajectoire.
*** Obligations mondiales couvertes ; bill du resident ; actions inchangees.
**** 33/67 domestique/international, change reel neutralise ; contrefactuel.

PANEL B -- MOMENTS REALISES (evaluation, jamais calibrage)
strategie                  rendement   volatilite    pct. 1 %       minimum (pays-annee)
----------------------------------------------------------------------------------------
ACO 33/67                      8.12%       25.28%     -40.36%       -84.60% (Japan 1945)
ACO 33/67 125%                10.00%       31.47%     -48.19%       -83.21% (Japan 1945)
ACO 33/67 150%                11.89%       37.71%     -57.47%       -81.82% (Japan 1945)
ACO 33/67 175%                13.78%       43.99%     -66.32%       -80.44% (Japan 1945)
ACO 33/67 200%                15.67%       50.28%     -75.74%       -90.99% (Japan 2008)
40/26.67/16.67/16.67 ACO       5.16%       15.66%     -16.59%       -87.20% (Japan 1945)
50/33.33/20.83/20.83 ACO       6.31%       19.23%     -19.25%       -86.46% (Japan 1945)
60/40/25/25 ACO                7.45%       22.88%     -21.93%       -85.72% (Japan 1945)
70/46.67/29.17/29.17 ACO       8.60%       26.58%     -25.27%       -84.98% (Japan 1945)
80/53.33/33.33/33.33 ACO       9.75%       30.31%     -28.72%       -84.24% (Japan 1945)
25/25/25/25 ACO                4.60%       15.09%     -16.28%       -87.72% (Japan 1945)
31.25/31.25/31.25/31.25 ACO       5.61%       18.50%     -16.77%       -87.11% (Japan 1945)
37.5/37.5/37.5/37.5 ACO        6.62%       21.99%     -19.98%       -86.50% (Japan 1945)
43.75/43.75/43.75/43.75 ACO       7.64%       25.54%     -22.47%       -85.89% (Japan 1945)
50/50/50/50 ACO                8.65%       29.12%     -25.68%       -85.28% (Japan 1945)

PANEL C -- CYCLE DE VIE, CRRA ET EPARGNE EQUIVALENTE
10000 trajectoires appariees ; blocs 10 ans ; spread 0.30% ; gamma 3.84
MF nets de frais 0.85%, couts 0.61% et haircut 3.00%
Obligations et MF couverts ; friction de change 0.10%
Controle revenu median : age 25 28 445  age 47 70 443

Reference d'utilite : ACO 33/67 avec 10 % d'epargne.
strategie                   epargne eq.   richesse med.   conso moy.    ruine            delta [IC95]     legs med.
-----------------------------------------------------------------------------------------------------------------
ACO 33/67                        10.00%         893 324       71 733    6.98%  +0.00% [+0.00%;+0.00%]     1 564 744
ACO 33/67 125%                    8.56%       1 137 622       90 926    8.13%  +1.15% [+0.86%;+1.44%]     2 512 346
ACO 33/67 150%                    8.30%       1 381 587      117 048   10.69%  +3.71% [+3.27%;+4.15%]     3 504 847
ACO 33/67 175%                    9.64%       1 575 340      151 395   14.81%  +7.83% [+7.25%;+8.41%]     4 129 999
ACO 33/67 200%                   15.66%       1 674 475      195 615   20.28%  +13.30% [+12.59%;+14.01%]     3 768 679
40/26.67/16.67/16.67 ACO         14.25%         600 960       52 527    6.33%  -0.65% [-1.16%;-0.14%]       651 449
50/33.33/20.83/20.83 ACO         11.23%         734 244       59 457    4.51%  -2.47% [-2.94%;-2.00%]     1 061 034
60/40/25/25 ACO                   9.08%         890 565       68 115    3.44%  -3.54% [-3.98%;-3.10%]     1 672 831
70/46.67/29.17/29.17 ACO          7.47%       1 074 639       78 948    3.01%  -3.97% [-4.41%;-3.53%]     2 543 316
80/53.33/33.33/33.33 ACO          6.23%       1 295 236       92 502    2.78%  -4.20% [-4.64%;-3.76%]     3 762 651
25/25/25/25 ACO                  16.57%         538 182       49 613    8.40%  +1.42% [+0.82%;+2.02%]       490 350
31.25/31.25/31.25/31.25 ACO      13.41%         639 453       55 016    6.66%  -0.32% [-0.88%;+0.24%]       759 189
37.5/37.5/37.5/37.5 ACO          11.11%         753 331       61 636    5.46%  -1.52% [-2.06%;-0.98%]     1 135 173
43.75/43.75/43.75/43.75 ACO       9.39%         883 037       69 745    4.76%  -2.22% [-2.74%;-1.70%]     1 633 726
50/50/50/50 ACO                   8.07%       1 037 096       79 709    4.49%  -2.49% [-3.01%;-1.97%]     2 308 045
