PANEL A -- DESIGN FIXE EX ANTE (aucun ciblage de volatilite)
Stress historique integral : aucune exclusion d'investissabilite.
strategie                  actions    oblig.       or       MF     brut   emprunt
---------------------------------------------------------------------------------
ACO 33/67                    100%*      0.0%     0.0%     0.0%   100.0%      0.0%
ACO 33/67 125%              125.0%      0.0%     0.0%     0.0%   125.0%     25.0%
ACO 33/67 150%              150.0%      0.0%     0.0%     0.0%   150.0%     50.0%
ACO 33/67 175%              175.0%      0.0%     0.0%     0.0%   175.0%     75.0%
ACO 33/67 200%              200.0%      0.0%     0.0%     0.0%   200.0%    100.0%
Stocks/I 50/50               100%*      0.0%     0.0%     0.0%   100.0%      0.0%
Actions domestiques         100%**      0.0%     0.0%     0.0%   100.0%      0.0%
ACO 33/67, change cst     100%****      0.0%     0.0%     0.0%   100.0%      0.0%
90/60 local fixe              90%*     60%**     0.0%     0.0%   150.0%     50.0%
90/60 oblig. mondiales        90%*    60%***     0.0%     0.0%   150.0%     50.0%
60/40 ACO/couvert            60.0%     40.0%     0.0%     0.0%   100.0%      0.0%
60/40 ACO + 33.33 MF         60.0%     40.0%     0.0%    33.3%   133.3%     33.3%
60/40 ACO + 33.33 Or         60.0%     40.0%    33.3%     0.0%   133.3%     33.3%
54/36/20/20 ACO              54.0%     36.0%    20.0%    20.0%   130.0%     30.0%
40/26.67/16.67/16.67 ACO     40.0%     26.7%    16.7%    16.7%   100.0%      0.0%
50/33.33/20.83/20.83 ACO     50.0%     33.3%    20.8%    20.8%   125.0%     25.0%
60/40/25/25 ACO              60.0%     40.0%    25.0%    25.0%   150.0%     50.0%
70/46.67/29.17/29.17 ACO     70.0%     46.7%    29.2%    29.2%   175.0%     75.0%
80/53.33/33.33/33.33 ACO     80.0%     53.3%    33.3%    33.3%   200.0%    100.0%
25/25/25/25 ACO              25.0%     25.0%    25.0%    25.0%   100.0%      0.0%
31.25/31.25/31.25/31.25 ACO     31.2%     31.2%    31.2%    31.2%   125.0%     25.0%
37.5/37.5/37.5/37.5 ACO      37.5%     37.5%    37.5%    37.5%   150.0%     50.0%
43.75/43.75/43.75/43.75 ACO     43.8%     43.8%    43.8%    43.8%   175.0%     75.0%
50/50/50/50 ACO              50.0%     50.0%    50.0%    50.0%   200.0%    100.0%
90/60/25/25 ACO              90.0%     60.0%    25.0%    25.0%   200.0%    100.0%
* ACO 33/67 est le portefeuille fixe optimal de la revision 2025 ;
  toutes les extensions conservent cette meme poche actions.
  Stocks/I conserve la convention historique 50/50 comme controle.
** Exposition domestique au pays de residence de la trajectoire.
*** Obligations mondiales couvertes ; bill du resident ; actions inchangees.
**** 33/67 domestique/international, change reel neutralise ; contrefactuel.

PANEL B -- MOMENTS REALISES (evaluation, jamais calibrage)
strategie                  rendement   volatilite    pct. 1 %       minimum (pays-annee)
----------------------------------------------------------------------------------------
ACO 33/67                      8.12%       25.28%     -40.36%       -84.60% (Japan 1945)
ACO 33/67 125%                10.00%       31.47%     -48.19%       -83.21% (Japan 1945)
ACO 33/67 150%                11.89%       37.71%     -57.47%       -81.82% (Japan 1945)
ACO 33/67 175%                13.78%       43.99%     -66.32%       -80.44% (Japan 1945)
ACO 33/67 200%                15.67%       50.28%     -75.74%       -90.99% (Japan 2008)
40/26.67/16.67/16.67 ACO       4.66%       15.66%     -17.09%       -87.70% (Japan 1945)
50/33.33/20.83/20.83 ACO       5.68%       19.23%     -19.88%       -87.08% (Japan 1945)
60/40/25/25 ACO                6.70%       22.88%     -22.68%       -86.47% (Japan 1945)
70/46.67/29.17/29.17 ACO       7.73%       26.58%     -26.15%       -85.85% (Japan 1945)
80/53.33/33.33/33.33 ACO       8.75%       30.31%     -29.72%       -85.24% (Japan 1945)
25/25/25/25 ACO                3.85%       15.09%     -17.03%       -88.47% (Japan 1945)
31.25/31.25/31.25/31.25 ACO       4.68%       18.50%     -17.71%       -88.05% (Japan 1945)
37.5/37.5/37.5/37.5 ACO        5.50%       21.99%     -21.11%       -87.62% (Japan 1945)
43.75/43.75/43.75/43.75 ACO       6.32%       25.54%     -23.79%       -87.20% (Japan 1945)
50/50/50/50 ACO                7.15%       29.12%     -27.18%       -86.78% (Japan 1945)

PANEL C -- CYCLE DE VIE, CRRA ET EPARGNE EQUIVALENTE
10000 trajectoires appariees ; blocs 10 ans ; spread 0.30% ; gamma 3.84
MF nets de frais 0.85%, couts 0.61% et haircut 6.00%
Obligations et MF couverts ; friction de change 0.10%
Controle revenu median : age 25 28 445  age 47 70 443

Reference d'utilite : ACO 33/67 avec 10 % d'epargne.
strategie                   epargne eq.   richesse med.   conso moy.    ruine            delta [IC95]     legs med.
-----------------------------------------------------------------------------------------------------------------
ACO 33/67                        10.00%         893 324       71 733    6.98%  +0.00% [+0.00%;+0.00%]     1 564 744
ACO 33/67 125%                    8.56%       1 137 622       90 926    8.13%  +1.15% [+0.86%;+1.44%]     2 512 346
ACO 33/67 150%                    8.30%       1 381 587      117 048   10.69%  +3.71% [+3.27%;+4.15%]     3 504 847
ACO 33/67 175%                    9.64%       1 575 340      151 395   14.81%  +7.83% [+7.25%;+8.41%]     4 129 999
ACO 33/67 200%                   15.66%       1 674 475      195 615   20.28%  +13.30% [+12.59%;+14.01%]     3 768 679
40/26.67/16.67/16.67 ACO         16.53%         536 752       49 436    8.13%  +1.15% [+0.61%;+1.69%]       477 371
50/33.33/20.83/20.83 ACO         13.44%         634 769       54 626    6.33%  -0.65% [-1.15%;-0.15%]       733 711
60/40/25/25 ACO                  11.21%         747 042       60 877    5.23%  -1.75% [-2.21%;-1.29%]     1 082 205
70/46.67/29.17/29.17 ACO          9.55%         871 279       68 387    4.65%  -2.33% [-2.78%;-1.88%]     1 549 483
80/53.33/33.33/33.33 ACO          8.26%       1 015 858       77 411    4.44%  -2.54% [-2.99%;-2.09%]     2 161 874
25/25/25/25 ACO                  21.01%         454 616       45 596   12.09%  +5.11% [+4.44%;+5.78%]       305 112
31.25/31.25/31.25/31.25 ACO      17.91%         516 042       48 957   10.49%  +3.51% [+2.87%;+4.15%]       431 664
37.5/37.5/37.5/37.5 ACO          15.63%         578 832       52 842    9.69%  +2.71% [+2.08%;+3.34%]       578 361
43.75/43.75/43.75/43.75 ACO      13.95%         650 114       57 335    9.12%  +2.14% [+1.52%;+2.76%]       761 003
50/50/50/50 ACO                  12.72%         726 060       62 526    9.24%  +2.26% [+1.64%;+2.88%]       971 987
