PANEL A -- DESIGN FIXE EX ANTE (aucun ciblage de volatilite)
Stress historique integral : aucune exclusion d'investissabilite.
strategie                  actions    oblig.       or       MF     brut   emprunt
---------------------------------------------------------------------------------
ACO 33/67                    100%*      0.0%     0.0%     0.0%   100.0%      0.0%
ACO 33/67 125%              125.0%      0.0%     0.0%     0.0%   125.0%     25.0%
ACO 33/67 150%              150.0%      0.0%     0.0%     0.0%   150.0%     50.0%
ACO 33/67 175%              175.0%      0.0%     0.0%     0.0%   175.0%     75.0%
ACO 33/67 200%              200.0%      0.0%     0.0%     0.0%   200.0%    100.0%
Stocks/I 50/50               100%*      0.0%     0.0%     0.0%   100.0%      0.0%
Actions domestiques         100%**      0.0%     0.0%     0.0%   100.0%      0.0%
ACO 33/67, change cst     100%****      0.0%     0.0%     0.0%   100.0%      0.0%
90/60 local fixe              90%*     60%**     0.0%     0.0%   150.0%     50.0%
90/60 oblig. mondiales        90%*    60%***     0.0%     0.0%   150.0%     50.0%
60/40 ACO/couvert            60.0%     40.0%     0.0%     0.0%   100.0%      0.0%
60/40 ACO + 33.33 MF         60.0%     40.0%     0.0%    33.3%   133.3%     33.3%
60/40 ACO + 33.33 Or         60.0%     40.0%    33.3%     0.0%   133.3%     33.3%
54/36/20/20 ACO              54.0%     36.0%    20.0%    20.0%   130.0%     30.0%
40/26.67/16.67/16.67 ACO     40.0%     26.7%    16.7%    16.7%   100.0%      0.0%
50/33.33/20.83/20.83 ACO     50.0%     33.3%    20.8%    20.8%   125.0%     25.0%
60/40/25/25 ACO              60.0%     40.0%    25.0%    25.0%   150.0%     50.0%
70/46.67/29.17/29.17 ACO     70.0%     46.7%    29.2%    29.2%   175.0%     75.0%
80/53.33/33.33/33.33 ACO     80.0%     53.3%    33.3%    33.3%   200.0%    100.0%
25/25/25/25 ACO              25.0%     25.0%    25.0%    25.0%   100.0%      0.0%
31.25/31.25/31.25/31.25 ACO     31.2%     31.2%    31.2%    31.2%   125.0%     25.0%
37.5/37.5/37.5/37.5 ACO      37.5%     37.5%    37.5%    37.5%   150.0%     50.0%
43.75/43.75/43.75/43.75 ACO     43.8%     43.8%    43.8%    43.8%   175.0%     75.0%
50/50/50/50 ACO              50.0%     50.0%    50.0%    50.0%   200.0%    100.0%
90/60/25/25 ACO              90.0%     60.0%    25.0%    25.0%   200.0%    100.0%
* ACO 33/67 est le portefeuille fixe optimal de la revision 2025 ;
  toutes les extensions conservent cette meme poche actions.
  Stocks/I conserve la convention historique 50/50 comme controle.
** Exposition domestique au pays de residence de la trajectoire.
*** Obligations mondiales couvertes ; bill du resident ; actions inchangees.
**** 33/67 domestique/international, change reel neutralise ; contrefactuel.

PANEL B -- MOMENTS REALISES (evaluation, jamais calibrage)
strategie                  rendement   volatilite    pct. 1 %       minimum (pays-annee)
----------------------------------------------------------------------------------------
Actions domestiques            7.60%       23.34%     -45.64%       -90.35% (Japan 1945)
ACO 33/67                      8.12%       25.28%     -40.36%       -84.60% (Japan 1945)
Stocks/I                       7.99%       22.59%     -40.22%       -86.06% (Japan 1945)
Balanced domestique            5.38%       15.82%     -34.19%       -90.35% (Japan 1945)
Balanced/I                     5.61%       15.04%     -27.63%       -87.78% (Japan 1945)
90/60 local fixe               8.25%       23.95%     -36.55%       -85.28% (Japan 1945)
90/60 oblig. mondiales         8.19%       24.13%     -36.19%       -84.93% (Japan 1945)
ACO 33/67, change reel cst       7.44%       15.75%     -37.40%     -45.63% (Belgium 2008)
ACO 33/67 125%                10.00%       31.47%     -48.19%       -83.21% (Japan 1945)
ACO 33/67 150%                11.89%       37.71%     -57.47%       -81.82% (Japan 1945)
ACO 33/67 175%                13.78%       43.99%     -66.32%       -80.44% (Japan 1945)
ACO 33/67 200%                15.67%       50.28%     -75.74%       -90.99% (Japan 2008)
60/40 ACO/couvert              5.64%       16.51%     -25.67%       -86.67% (Japan 1945)
60/40 ACO + 33.33 MF           7.91%       17.95%     -20.08%       -86.08% (Japan 1945)
60/40 ACO + 33.33 Or           6.79%       23.86%     -23.33%       -84.99% (Japan 1945)
54/36/20/20 ACO                7.18%       19.94%     -19.08%       -85.66% (Japan 1945)
40/26.67/16.67/16.67 ACO       5.66%       15.66%     -16.09%       -86.70% (Japan 1945)
50/33.33/20.83/20.83 ACO       6.93%       19.23%     -18.63%       -85.83% (Japan 1945)
60/40/25/25 ACO                8.20%       22.88%     -21.18%       -84.97% (Japan 1945)
70/46.67/29.17/29.17 ACO       9.48%       26.58%     -24.40%       -84.10% (Japan 1945)
80/53.33/33.33/33.33 ACO      10.75%       30.31%     -27.72%       -83.24% (Japan 1945)
25/25/25/25 ACO                5.35%       15.09%     -15.53%       -86.97% (Japan 1945)
31.25/31.25/31.25/31.25 ACO       6.55%       18.50%     -15.83%       -86.17% (Japan 1945)
37.5/37.5/37.5/37.5 ACO        7.75%       21.99%     -18.86%       -85.37% (Japan 1945)
43.75/43.75/43.75/43.75 ACO       8.95%       25.54%     -21.16%       -84.58% (Japan 1945)
50/50/50/50 ACO               10.15%       29.12%     -24.18%       -83.78% (Japan 1945)
90/60/25/25 ACO               10.75%       30.34%     -29.39%       -83.22% (Japan 1945)

PANEL C -- CYCLE DE VIE, CRRA ET EPARGNE EQUIVALENTE
10000 trajectoires appariees ; blocs 10 ans ; spread 0.30% ; gamma 3.84
MF nets de frais 0.85%, couts 0.61% et haircut 0.00%
Obligations et MF couverts ; friction de change 0.10%
Controle revenu median : age 25 28 445  age 47 70 443

Reference d'utilite : ACO 33/67 avec 10 % d'epargne.
strategie                   epargne eq.   richesse med.   conso moy.    ruine            delta [IC95]     legs med.
-----------------------------------------------------------------------------------------------------------------
Actions domestiques              18.60%         722 465       66 180   15.52%  +8.54% [+7.91%;+9.17%]       837 830
ACO 33/67                        10.00%         893 324       71 733    6.98%  +0.00% [+0.00%;+0.00%]     1 564 744
Stocks/I                         10.56%         879 570       70 990    7.78%  +0.80% [+0.52%;+1.08%]     1 497 245
Balanced domestique              19.95%         592 070       54 796   13.65%  +6.67% [+6.03%;+7.31%]       568 893
Balanced/I                       14.81%         641 054       55 884    9.10%  +2.12% [+1.64%;+2.60%]       720 157
90/60 local fixe                  9.72%         959 879       76 278    7.27%  +0.29% [-0.08%;+0.66%]     1 837 689
90/60 oblig. mondiales            9.49%         960 717       75 604    6.91%  -0.07% [-0.40%;+0.26%]     1 843 290
ACO 33/67  change reel cst        9.24%         871 287       68 857    4.32%  -2.66% [-3.07%;-2.25%]     1 510 774
ACO 33/67 125%                    8.56%       1 137 622       90 926    8.13%  +1.15% [+0.86%;+1.44%]     2 512 346
ACO 33/67 150%                    8.30%       1 381 587      117 048   10.69%  +3.71% [+3.27%;+4.15%]     3 504 847
ACO 33/67 175%                    9.64%       1 575 340      151 395   14.81%  +7.83% [+7.25%;+8.41%]     4 129 999
ACO 33/67 200%                   15.66%       1 674 475      195 615   20.28%  +13.30% [+12.59%;+14.01%]     3 768 679
60/40 ACO/couvert                14.20%         642 320       55 727    8.45%  +1.47% [+1.04%;+1.90%]       735 000
60/40 ACO + 33.33 MF              7.61%       1 051 314       77 518    2.75%  -4.23% [-4.66%;-3.80%]     2 435 732
60/40 ACO + 33.33 Or             10.87%         757 738       61 522    4.55%  -2.43% [-2.87%;-1.99%]     1 140 756
54/36/20/20 ACO                   9.03%         886 893       67 158    3.10%  -3.88% [-4.32%;-3.44%]     1 674 391
40/26.67/16.67/16.67 ACO         12.35%         672 728       56 021    5.04%  -1.94% [-2.43%;-1.45%]       882 717
50/33.33/20.83/20.83 ACO          9.46%         849 916       65 098    3.32%  -3.66% [-4.11%;-3.21%]     1 519 932
60/40/25/25 ACO                   7.39%       1 067 904       76 875    2.53%  -4.45% [-4.89%;-4.01%]     2 539 921
70/46.67/29.17/29.17 ACO          5.87%       1 332 310       92 210    2.13%  -4.85% [-5.29%;-4.41%]     4 142 359
80/53.33/33.33/33.33 ACO          4.72%       1 657 572      112 166    1.80%  -5.18% [-5.63%;-4.73%]     6 503 223
25/25/25/25 ACO                  13.26%         639 711       54 427    5.90%  -1.08% [-1.62%;-0.54%]       777 270
31.25/31.25/31.25/31.25 ACO      10.25%         795 142       62 659    4.00%  -2.98% [-3.48%;-2.48%]     1 317 149
37.5/37.5/37.5/37.5 ACO           8.11%         984 572       73 298    2.97%  -4.01% [-4.48%;-3.54%]     2 147 913
43.75/43.75/43.75/43.75 ACO       6.53%       1 217 229       87 092    2.48%  -4.50% [-4.97%;-4.03%]     3 416 525
50/50/50/50 ACO                   5.31%       1 498 722      105 032    2.27%  -4.71% [-5.18%;-4.24%]     5 326 724
90/60/25/25 ACO                   4.90%       1 611 908      110 957    2.08%  -4.90% [-5.33%;-4.47%]     6 110 667
