PANEL A -- DESIGN FIXE EX ANTE (aucun ciblage de volatilite)
Stress historique integral : aucune exclusion d'investissabilite.
strategie                  actions    oblig.       or       MF     brut   emprunt
---------------------------------------------------------------------------------
ACO 33/67                    100%*      0.0%     0.0%     0.0%   100.0%      0.0%
ACO 33/67 125%              125.0%      0.0%     0.0%     0.0%   125.0%     25.0%
ACO 33/67 150%              150.0%      0.0%     0.0%     0.0%   150.0%     50.0%
ACO 33/67 175%              175.0%      0.0%     0.0%     0.0%   175.0%     75.0%
ACO 33/67 200%              200.0%      0.0%     0.0%     0.0%   200.0%    100.0%
Stocks/I 50/50               100%*      0.0%     0.0%     0.0%   100.0%      0.0%
Actions domestiques         100%**      0.0%     0.0%     0.0%   100.0%      0.0%
ACO 33/67, change cst     100%****      0.0%     0.0%     0.0%   100.0%      0.0%
90/60 local fixe              90%*     60%**     0.0%     0.0%   150.0%     50.0%
90/60 oblig. mondiales        90%*    60%***     0.0%     0.0%   150.0%     50.0%
60/40 ACO/couvert            60.0%     40.0%     0.0%     0.0%   100.0%      0.0%
60/40 ACO + 33.33 MF         60.0%     40.0%     0.0%    33.3%   133.3%     33.3%
60/40 ACO + 33.33 Or         60.0%     40.0%    33.3%     0.0%   133.3%     33.3%
54/36/20/20 ACO              54.0%     36.0%    20.0%    20.0%   130.0%     30.0%
40/26.67/16.67/16.67 ACO     40.0%     26.7%    16.7%    16.7%   100.0%      0.0%
50/33.33/20.83/20.83 ACO     50.0%     33.3%    20.8%    20.8%   125.0%     25.0%
60/40/25/25 ACO              60.0%     40.0%    25.0%    25.0%   150.0%     50.0%
70/46.67/29.17/29.17 ACO     70.0%     46.7%    29.2%    29.2%   175.0%     75.0%
80/53.33/33.33/33.33 ACO     80.0%     53.3%    33.3%    33.3%   200.0%    100.0%
25/25/25/25 ACO              25.0%     25.0%    25.0%    25.0%   100.0%      0.0%
31.25/31.25/31.25/31.25 ACO     31.2%     31.2%    31.2%    31.2%   125.0%     25.0%
37.5/37.5/37.5/37.5 ACO      37.5%     37.5%    37.5%    37.5%   150.0%     50.0%
43.75/43.75/43.75/43.75 ACO     43.8%     43.8%    43.8%    43.8%   175.0%     75.0%
50/50/50/50 ACO              50.0%     50.0%    50.0%    50.0%   200.0%    100.0%
90/60/25/25 ACO              90.0%     60.0%    25.0%    25.0%   200.0%    100.0%
* ACO 33/67 est le portefeuille fixe optimal de la revision 2025 ;
  toutes les extensions conservent cette meme poche actions.
  Stocks/I conserve la convention historique 50/50 comme controle.
** Exposition domestique au pays de residence de la trajectoire.
*** Obligations mondiales couvertes ; bill du resident ; actions inchangees.
**** 33/67 domestique/international, change reel neutralise ; contrefactuel.

PANEL B -- MOMENTS REALISES (evaluation, jamais calibrage)
strategie                  rendement   volatilite    pct. 1 %       minimum (pays-annee)
----------------------------------------------------------------------------------------
Actions domestiques            8.04%       22.70%     -41.22%     -57.94% (Belgium 2008)
ACO 33/67                      7.91%       17.02%     -38.12%       -45.80% (Japan 2008)
Stocks/I                       7.95%       17.61%     -38.18%     -47.62% (Belgium 2008)
Balanced domestique            5.83%       15.02%     -27.11%      -46.09% (France 1947)
Balanced/I                     5.77%       12.06%     -23.74%      -45.79% (France 1947)
90/60 local fixe               8.15%       16.97%     -32.81%      -52.72% (France 1947)
90/60 oblig. mondiales         8.06%       16.47%     -32.03%      -45.45% (France 1947)
ACO 33/67, change reel cst       7.79%       15.66%     -37.47%     -45.63% (Belgium 2008)
ACO 33/67 125%                 9.65%       21.15%     -47.71%       -57.10% (Japan 2008)
ACO 33/67 150%                11.39%       25.33%     -56.37%       -68.39% (Japan 2008)
ACO 33/67 175%                13.14%       29.53%     -65.98%       -79.69% (Japan 2008)
ACO 33/67 200%                14.88%       33.74%     -75.46%       -90.99% (Japan 2008)
60/40 ACO/couvert              5.69%       11.34%     -22.62%      -40.84% (France 1947)
60/40 ACO + 33.33 MF           7.89%       12.69%     -17.75%      -40.11% (France 1947)
60/40 ACO + 33.33 Or           6.47%       13.18%     -20.36%      -43.35% (France 1947)
54/36/20/20 ACO                7.00%       11.92%     -16.28%      -40.99% (France 1947)
40/26.67/16.67/16.67 ACO       5.60%        9.43%     -13.33%      -38.66% (France 1947)
50/33.33/20.83/20.83 ACO       6.76%       11.44%     -15.42%      -40.42% (France 1947)
60/40/25/25 ACO                7.92%       13.53%     -18.34%      -42.17% (France 1947)
70/46.67/29.17/29.17 ACO       9.08%       15.66%     -21.67%      -43.93% (France 1947)
80/53.33/33.33/33.33 ACO      10.25%       17.81%     -24.43%      -45.69% (France 1947)
25/25/25/25 ACO                5.27%        9.19%     -12.80%      -37.09% (France 1947)
31.25/31.25/31.25/31.25 ACO       6.35%       11.12%     -14.27%      -38.45% (France 1947)
37.5/37.5/37.5/37.5 ACO        7.44%       13.12%     -15.90%      -39.82% (France 1947)
43.75/43.75/43.75/43.75 ACO       8.52%       15.17%     -18.97%      -41.18% (France 1947)
50/50/50/50 ACO                9.60%       17.25%     -21.93%      -42.54% (France 1947)
90/60/25/25 ACO               10.29%       18.27%     -26.45%      -46.78% (France 1947)

PANEL C -- CYCLE DE VIE, CRRA ET EPARGNE EQUIVALENTE
10000 trajectoires appariees ; blocs 10 ans ; spread 0.30% ; gamma 3.84
MF nets de frais 0.85%, couts 0.61% et haircut 0.00%
Obligations et MF couverts ; friction de change 0.10%
Controle revenu median : age 25 28 533  age 47 69 995

Reference d'utilite : ACO 33/67 avec 10 % d'epargne.
strategie                   epargne eq.   richesse med.   conso moy.    ruine            delta [IC95]     legs med.
-----------------------------------------------------------------------------------------------------------------
Actions domestiques              14.47%         800 867       72 540   10.87%  +5.83% [+5.28%;+6.38%]     1 200 603
ACO 33/67                        10.00%         928 407       73 918    5.04%  +0.00% [+0.00%;+0.00%]     1 758 732
Stocks/I                         10.13%         922 974       74 080    5.30%  +0.26% [+0.02%;+0.50%]     1 734 246
Balanced domestique              14.31%         674 223       59 658    7.17%  +2.13% [+1.62%;+2.64%]       848 088
Balanced/I                       12.45%         712 723       59 546    4.15%  -0.89% [-1.28%;-0.50%]       996 894
90/60 local fixe                  9.01%       1 038 734       80 012    4.50%  -0.54% [-0.88%;-0.20%]     2 263 967
90/60 oblig. mondiales            8.88%       1 045 541       79 765    4.26%  -0.78% [-1.07%;-0.49%]     2 280 760
ACO 33/67  change reel cst        9.52%         916 732       71 572    3.49%  -1.55% [-1.87%;-1.23%]     1 740 537
ACO 33/67 125%                    9.23%       1 132 648       91 852    6.92%  +1.88% [+1.59%;+2.17%]     2 545 955
ACO 33/67 150%                    9.64%       1 311 327      115 391   10.39%  +5.35% [+4.90%;+5.80%]     3 325 619
ACO 33/67 175%                   12.35%       1 452 702      145 117   14.33%  +9.29% [+8.71%;+9.87%]     3 540 674
ACO 33/67 200%                   25.14%       1 476 701      180 961   21.09%  +16.05% [+15.32%;+16.78%]     2 941 490
60/40 ACO/couvert                12.35%         717 876       59 272    3.84%  -1.20% [-1.53%;-0.87%]     1 007 742
60/40 ACO + 33.33 MF              6.82%       1 184 133       83 792    0.55%  -4.49% [-4.90%;-4.08%]     3 287 553
60/40 ACO + 33.33 Or             10.04%         837 023       65 075    1.80%  -3.24% [-3.64%;-2.84%]     1 452 034
54/36/20/20 ACO                   8.16%         994 275       72 011    0.68%  -4.36% [-4.77%;-3.95%]     2 223 420
40/26.67/16.67/16.67 ACO         10.76%         764 091       60 086    1.21%  -3.83% [-4.25%;-3.41%]     1 205 299
50/33.33/20.83/20.83 ACO          8.49%         956 631       69 873    0.72%  -4.32% [-4.73%;-3.91%]     2 035 210
60/40/25/25 ACO                   6.81%       1 182 733       82 479    0.55%  -4.49% [-4.90%;-4.08%]     3 286 754
70/46.67/29.17/29.17 ACO          5.51%       1 471 371       98 723    0.47%  -4.57% [-4.98%;-4.16%]     5 181 011
80/53.33/33.33/33.33 ACO          4.52%       1 815 637      119 624    0.51%  -4.53% [-4.95%;-4.11%]     7 958 921
25/25/25/25 ACO                  11.33%         733 948       58 795    1.67%  -3.37% [-3.83%;-2.91%]     1 082 895
31.25/31.25/31.25/31.25 ACO       9.02%         909 890       67 961    0.96%  -4.08% [-4.52%;-3.64%]     1 785 437
37.5/37.5/37.5/37.5 ACO           7.28%       1 131 528       79 758    0.69%  -4.35% [-4.78%;-3.92%]     2 889 943
43.75/43.75/43.75/43.75 ACO       5.93%       1 390 116       94 972    0.57%  -4.47% [-4.90%;-4.04%]     4 499 627
50/50/50/50 ACO                   4.89%       1 701 569      114 610    0.61%  -4.43% [-4.86%;-4.00%]     6 856 073
90/60/25/25 ACO                   4.75%       1 754 316      117 554    0.73%  -4.31% [-4.71%;-3.91%]     7 332 811
