PANEL A -- DESIGN FIXE EX ANTE (aucun ciblage de volatilite)
Stress historique integral : aucune exclusion d'investissabilite.
strategie                  actions    oblig.       or       MF     brut   emprunt
---------------------------------------------------------------------------------
ACO 33/67                    100%*      0.0%     0.0%     0.0%   100.0%      0.0%
ACO 33/67 125%              125.0%      0.0%     0.0%     0.0%   125.0%     25.0%
ACO 33/67 150%              150.0%      0.0%     0.0%     0.0%   150.0%     50.0%
ACO 33/67 175%              175.0%      0.0%     0.0%     0.0%   175.0%     75.0%
ACO 33/67 200%              200.0%      0.0%     0.0%     0.0%   200.0%    100.0%
Stocks/I 50/50               100%*      0.0%     0.0%     0.0%   100.0%      0.0%
Actions domestiques         100%**      0.0%     0.0%     0.0%   100.0%      0.0%
ACO 33/67, change cst     100%****      0.0%     0.0%     0.0%   100.0%      0.0%
90/60 local fixe              90%*     60%**     0.0%     0.0%   150.0%     50.0%
90/60 oblig. mondiales        90%*    60%***     0.0%     0.0%   150.0%     50.0%
60/40 ACO/couvert            60.0%     40.0%     0.0%     0.0%   100.0%      0.0%
60/40 ACO + 33.33 MF         60.0%     40.0%     0.0%    33.3%   133.3%     33.3%
60/40 ACO + 33.33 Or         60.0%     40.0%    33.3%     0.0%   133.3%     33.3%
54/36/20/20 ACO              54.0%     36.0%    20.0%    20.0%   130.0%     30.0%
40/26.67/16.67/16.67 ACO     40.0%     26.7%    16.7%    16.7%   100.0%      0.0%
50/33.33/20.83/20.83 ACO     50.0%     33.3%    20.8%    20.8%   125.0%     25.0%
60/40/25/25 ACO              60.0%     40.0%    25.0%    25.0%   150.0%     50.0%
70/46.67/29.17/29.17 ACO     70.0%     46.7%    29.2%    29.2%   175.0%     75.0%
80/53.33/33.33/33.33 ACO     80.0%     53.3%    33.3%    33.3%   200.0%    100.0%
25/25/25/25 ACO              25.0%     25.0%    25.0%    25.0%   100.0%      0.0%
31.25/31.25/31.25/31.25 ACO     31.2%     31.2%    31.2%    31.2%   125.0%     25.0%
37.5/37.5/37.5/37.5 ACO      37.5%     37.5%    37.5%    37.5%   150.0%     50.0%
43.75/43.75/43.75/43.75 ACO     43.8%     43.8%    43.8%    43.8%   175.0%     75.0%
50/50/50/50 ACO              50.0%     50.0%    50.0%    50.0%   200.0%    100.0%
90/60/25/25 ACO              90.0%     60.0%    25.0%    25.0%   200.0%    100.0%
* ACO 33/67 est le portefeuille fixe optimal de la revision 2025 ;
  toutes les extensions conservent cette meme poche actions.
  Stocks/I conserve la convention historique 50/50 comme controle.
** Exposition domestique au pays de residence de la trajectoire.
*** Obligations mondiales couvertes ; bill du resident ; actions inchangees.
**** 33/67 domestique/international, change reel neutralise ; contrefactuel.

PANEL B -- MOMENTS REALISES (evaluation, jamais calibrage)
strategie                  rendement   volatilite    pct. 1 %       minimum (pays-annee)
----------------------------------------------------------------------------------------
Actions domestiques            7.56%       22.76%     -45.64%     -53.28% (Belgium 2008)
ACO 33/67                      7.53%       17.03%     -39.11%       -46.55% (Italy 1947)
Stocks/I                       7.54%       17.61%     -39.66%       -48.26% (Italy 1947)
Balanced domestique            5.35%       15.48%     -32.87%       -68.11% (Japan 1945)
Balanced/I                     5.34%       12.52%     -27.54%       -65.10% (Japan 1945)
90/60 local fixe               7.73%       17.13%     -35.45%      -52.05% (France 1947)
90/60 oblig. mondiales         7.70%       16.48%     -33.05%    -45.52% (Portugal 1974)
ACO 33/67, change reel cst       7.43%       15.65%     -37.40%      -44.12% (Norway 2008)
ACO 33/67 125%                 9.28%       21.00%     -47.74%     -53.09% (Belgium 2008)
ACO 33/67 150%                11.02%       25.05%     -55.84%     -63.62% (Belgium 2008)
ACO 33/67 175%                12.76%       29.15%     -65.46%     -74.26% (Denmark 2008)
ACO 33/67 200%                14.51%       33.27%     -75.59%     -85.09% (Denmark 2008)
60/40 ACO/couvert              5.32%       11.63%     -25.67%       -41.23% (Italy 1947)
60/40 ACO + 33.33 MF           7.57%       12.81%     -20.08%       -39.63% (Italy 1947)
60/40 ACO + 33.33 Or           6.25%       13.40%     -23.16%       -42.36% (Italy 1947)
54/36/20/20 ACO                6.75%       12.14%     -18.52%       -40.32% (Italy 1947)
40/26.67/16.67/16.67 ACO       5.32%        9.83%     -15.93%       -38.91% (Italy 1947)
50/33.33/20.83/20.83 ACO       6.51%       11.70%     -17.95%       -39.89% (Italy 1947)
60/40/25/25 ACO                7.71%       13.70%     -19.99%       -40.87% (Italy 1947)
70/46.67/29.17/29.17 ACO       8.90%       15.79%     -22.58%      -42.33% (France 1947)
80/53.33/33.33/33.33 ACO      10.09%       17.92%     -25.86%      -43.85% (France 1947)
25/25/25/25 ACO                5.05%        9.65%     -15.49%       -37.09% (Italy 1947)
31.25/31.25/31.25/31.25 ACO       6.17%       11.47%     -15.83%       -37.62% (Italy 1947)
37.5/37.5/37.5/37.5 ACO        7.29%       13.43%     -18.58%      -38.56% (France 1947)
43.75/43.75/43.75/43.75 ACO       8.42%       15.47%     -20.35%      -39.71% (France 1947)
50/50/50/50 ACO                9.54%       17.57%     -22.67%      -40.87% (France 1947)
90/60/25/25 ACO               10.09%       18.30%     -27.74%      -44.81% (France 1947)

PANEL C -- CYCLE DE VIE, CRRA ET EPARGNE EQUIVALENTE
10000 trajectoires appariees ; blocs 10 ans ; spread 0.30% ; gamma 3.84
MF nets de frais 0.85%, couts 0.61% et haircut 0.00%
Obligations et MF couverts ; friction de change 0.10%
Controle revenu median : age 25 28 445  age 47 70 443

Reference d'utilite : ACO 33/67 avec 10 % d'epargne.
strategie                   epargne eq.   richesse med.   conso moy.    ruine            delta [IC95]     legs med.
-----------------------------------------------------------------------------------------------------------------
Actions domestiques              16.74%         728 310       66 258   14.74%  +7.39% [+6.78%;+8.00%]       862 252
ACO 33/67                        10.00%         866 430       69 778    7.35%  +0.00% [+0.00%;+0.00%]     1 451 068
Stocks/I                         10.47%         855 565       69 370    7.90%  +0.55% [+0.28%;+0.82%]     1 403 483
Balanced domestique              18.64%         593 362       54 714   13.33%  +5.98% [+5.36%;+6.60%]       573 459
Balanced/I                       14.92%         629 055       55 273    9.81%  +2.46% [+1.97%;+2.95%]       697 003
90/60 local fixe                  9.79%         933 719       74 515    7.85%  +0.50% [+0.12%;+0.88%]     1 731 596
90/60 oblig. mondiales            9.11%         941 699       74 182    6.56%  -0.79% [-1.15%;-0.43%]     1 792 849
ACO 33/67  change reel cst        9.03%         871 846       68 761    4.33%  -3.02% [-3.42%;-2.62%]     1 517 061
ACO 33/67 125%                    8.40%       1 097 195       87 340    8.18%  +0.83% [+0.53%;+1.13%]     2 331 144
ACO 33/67 150%                    7.94%       1 337 680      110 854   10.33%  +2.98% [+2.52%;+3.44%]     3 303 222
ACO 33/67 175%                    8.87%       1 532 595      141 248   14.07%  +6.72% [+6.13%;+7.31%]     3 958 395
ACO 33/67 200%                   13.37%       1 643 636      179 794   19.43%  +12.08% [+11.36%;+12.80%]     3 817 055
60/40 ACO/couvert                13.90%         633 615       55 170    8.62%  +1.27% [+0.84%;+1.70%]       709 776
60/40 ACO + 33.33 MF              7.32%       1 035 808       76 650    2.34%  -5.01% [-5.45%;-4.57%]     2 383 982
60/40 ACO + 33.33 Or             10.58%         744 687       60 511    4.48%  -2.87% [-3.32%;-2.42%]     1 090 773
54/36/20/20 ACO                   8.73%         873 882       66 261    2.73%  -4.62% [-5.07%;-4.17%]     1 611 673
40/26.67/16.67/16.67 ACO         12.06%         665 520       55 511    4.87%  -2.48% [-2.97%;-1.99%]       851 018
50/33.33/20.83/20.83 ACO          9.15%         840 028       64 285    3.01%  -4.34% [-4.79%;-3.89%]     1 461 132
60/40/25/25 ACO                   7.09%       1 053 502       75 622    1.91%  -5.44% [-5.90%;-4.98%]     2 462 667
70/46.67/29.17/29.17 ACO          5.60%       1 313 408       90 301    1.35%  -6.00% [-6.47%;-5.53%]     4 028 265
80/53.33/33.33/33.33 ACO          4.49%       1 629 175      109 281    0.99%  -6.36% [-6.84%;-5.88%]     6 327 313
25/25/25/25 ACO                  12.83%         633 361       54 046    5.57%  -1.78% [-2.32%;-1.24%]       753 612
31.25/31.25/31.25/31.25 ACO       9.85%         786 904       62 068    3.62%  -3.73% [-4.23%;-3.23%]     1 282 633
37.5/37.5/37.5/37.5 ACO           7.73%         974 009       72 419    2.38%  -4.97% [-5.46%;-4.48%]     2 098 519
43.75/43.75/43.75/43.75 ACO       6.17%       1 204 285       85 792    1.58%  -5.77% [-6.26%;-5.28%]     3 362 184
50/50/50/50 ACO                   5.01%       1 481 384      103 137    1.23%  -6.12% [-6.62%;-5.62%]     5 260 166
90/60/25/25 ACO                   4.66%       1 586 913      107 963    1.29%  -6.06% [-6.53%;-5.59%]     5 898 841
