PANEL A -- DESIGN FIXE EX ANTE (aucun ciblage de volatilite)
Stress historique integral : aucune exclusion d'investissabilite.
strategie                  actions    oblig.       or       MF     brut   emprunt
---------------------------------------------------------------------------------
ACO 33/67                    100%*      0.0%     0.0%     0.0%   100.0%      0.0%
Stocks/I 50/50               100%*      0.0%     0.0%     0.0%   100.0%      0.0%
Actions domestiques         100%**      0.0%     0.0%     0.0%   100.0%      0.0%
ACO 33/67, change cst     100%****      0.0%     0.0%     0.0%   100.0%      0.0%
90/60 local fixe              90%*     60%**     0.0%     0.0%   150.0%     50.0%
90/60 oblig. mondiales        90%*    60%***     0.0%     0.0%   150.0%     50.0%
60/40 ACO/couvert            60.0%     40.0%     0.0%     0.0%   100.0%      0.0%
60/40 ACO + 33.33 MF         60.0%     40.0%     0.0%    33.3%   133.3%     33.3%
60/40 ACO + 33.33 Or         60.0%     40.0%    33.3%     0.0%   133.3%     33.3%
54/36/20/20 ACO              54.0%     36.0%    20.0%    20.0%   130.0%     30.0%
40/26.67/16.67/16.67 ACO     40.0%     26.7%    16.7%    16.7%   100.0%      0.0%
50/33.33/20.83/20.83 ACO     50.0%     33.3%    20.8%    20.8%   125.0%     25.0%
60/40/25/25 ACO              60.0%     40.0%    25.0%    25.0%   150.0%     50.0%
70/46.67/29.17/29.17 ACO     70.0%     46.7%    29.2%    29.2%   175.0%     75.0%
80/53.33/33.33/33.33 ACO     80.0%     53.3%    33.3%    33.3%   200.0%    100.0%
25/25/25/25 ACO              25.0%     25.0%    25.0%    25.0%   100.0%      0.0%
31.25/31.25/31.25/31.25 ACO     31.2%     31.2%    31.2%    31.2%   125.0%     25.0%
37.5/37.5/37.5/37.5 ACO      37.5%     37.5%    37.5%    37.5%   150.0%     50.0%
43.75/43.75/43.75/43.75 ACO     43.8%     43.8%    43.8%    43.8%   175.0%     75.0%
50/50/50/50 ACO              50.0%     50.0%    50.0%    50.0%   200.0%    100.0%
90/60/25/25 ACO              90.0%     60.0%    25.0%    25.0%   200.0%    100.0%
* ACO 33/67 est le portefeuille fixe optimal de la revision 2025 ;
  toutes les extensions conservent cette meme poche actions.
  Stocks/I conserve la convention historique 50/50 comme controle.
** Exposition domestique au pays de residence de la trajectoire.
*** Obligations mondiales couvertes ; bill du resident ; actions inchangees.
**** 33/67 domestique/international, change reel neutralise ; contrefactuel.

PANEL B -- MOMENTS REALISES (evaluation, jamais calibrage)
strategie                  rendement   volatilite    pct. 1 %       minimum (pays-annee)
----------------------------------------------------------------------------------------
ACO 33/67                      8.12%       25.69%     -40.34%       -84.60% (Japan 1945)
40/26.67/16.67/16.67 ACO       5.48%       15.95%     -17.00%       -86.69% (Japan 1945)
50/33.33/20.83/20.83 ACO       6.73%       19.57%     -19.77%       -85.82% (Japan 1945)
60/40/25/25 ACO                7.99%       23.29%     -22.78%       -84.95% (Japan 1945)
70/46.67/29.17/29.17 ACO       9.24%       27.05%     -26.91%       -84.09% (Japan 1945)
80/53.33/33.33/33.33 ACO      10.50%       30.85%     -29.72%       -83.22% (Japan 1945)
25/25/25/25 ACO                5.10%       15.31%     -15.78%       -86.96% (Japan 1945)
31.25/31.25/31.25/31.25 ACO       6.26%       18.76%     -17.90%       -86.16% (Japan 1945)
37.5/37.5/37.5/37.5 ACO        7.42%       22.30%     -20.48%       -85.36% (Japan 1945)
43.75/43.75/43.75/43.75 ACO       8.58%       25.90%     -22.84%       -84.56% (Japan 1945)
50/50/50/50 ACO                9.74%       29.53%     -26.89%       -83.76% (Japan 1945)

PANEL C -- CYCLE DE VIE, CRRA ET EPARGNE EQUIVALENTE
5000 trajectoires appariees ; blocs 10 ans ; spread 0.30% ; gamma 3.84
MF nets de frais 0.85%, couts 0.57% et haircut 0.00%
Obligations et MF couverts ; friction de change 0.10%
Controle revenu median : age 25 28 551  age 47 68 890

Reference d'utilite : ACO 33/67 avec 10 % d'epargne.
strategie                   epargne eq.   richesse med.   conso moy.    ruine            delta [IC95]     legs med.
-----------------------------------------------------------------------------------------------------------------
ACO 33/67                        10.00%         900 786       72 639    7.10%  +0.00% [+0.00%;+0.00%]     1 510 264
40/26.67/16.67/16.67 ACO         12.98%         651 939       54 735    5.62%  -1.48% [-2.19%;-0.77%]       752 103
50/33.33/20.83/20.83 ACO         10.00%         811 111       63 197    3.60%  -3.50% [-4.16%;-2.84%]     1 274 140
60/40/25/25 ACO                   7.90%       1 015 039       74 123    2.54%  -4.56% [-5.20%;-3.92%]     2 103 679
70/46.67/29.17/29.17 ACO          6.36%       1 244 177       88 277    2.00%  -5.10% [-5.74%;-4.46%]     3 305 174
80/53.33/33.33/33.33 ACO          5.19%       1 542 104      106 627    1.70%  -5.40% [-6.05%;-4.75%]     5 134 366
25/25/25/25 ACO                  14.32%         609 243       52 558    6.60%  -0.50% [-1.31%;+0.31%]       640 575
31.25/31.25/31.25/31.25 ACO      11.28%         742 012       59 852    4.76%  -2.34% [-3.10%;-1.58%]     1 045 847
37.5/37.5/37.5/37.5 ACO           9.05%         904 625       69 187    3.58%  -3.52% [-4.24%;-2.80%]     1 658 765
43.75/43.75/43.75/43.75 ACO       7.39%       1 106 316       81 207    2.92%  -4.18% [-4.88%;-3.48%]     2 541 269
50/50/50/50 ACO                   6.13%       1 330 097       96 679    2.52%  -4.58% [-5.28%;-3.88%]     3 836 099
