PANEL A -- DESIGN FIXE EX ANTE (aucun ciblage de volatilite)
Stress historique integral : aucune exclusion d'investissabilite.
strategie                  actions    oblig.       or       MF     brut   emprunt
---------------------------------------------------------------------------------
ACO 33/67                    100%*      0.0%     0.0%     0.0%   100.0%      0.0%
Stocks/I 50/50               100%*      0.0%     0.0%     0.0%   100.0%      0.0%
Actions domestiques         100%**      0.0%     0.0%     0.0%   100.0%      0.0%
ACO 33/67, change cst     100%****      0.0%     0.0%     0.0%   100.0%      0.0%
90/60 local fixe              90%*     60%**     0.0%     0.0%   150.0%     50.0%
90/60 oblig. mondiales        90%*    60%***     0.0%     0.0%   150.0%     50.0%
60/40 ACO/couvert            60.0%     40.0%     0.0%     0.0%   100.0%      0.0%
60/40 ACO + 33.33 MF         60.0%     40.0%     0.0%    33.3%   133.3%     33.3%
60/40 ACO + 33.33 Or         60.0%     40.0%    33.3%     0.0%   133.3%     33.3%
54/36/20/20 ACO              54.0%     36.0%    20.0%    20.0%   130.0%     30.0%
40/26.67/16.67/16.67 ACO     40.0%     26.7%    16.7%    16.7%   100.0%      0.0%
50/33.33/20.83/20.83 ACO     50.0%     33.3%    20.8%    20.8%   125.0%     25.0%
60/40/25/25 ACO              60.0%     40.0%    25.0%    25.0%   150.0%     50.0%
70/46.67/29.17/29.17 ACO     70.0%     46.7%    29.2%    29.2%   175.0%     75.0%
80/53.33/33.33/33.33 ACO     80.0%     53.3%    33.3%    33.3%   200.0%    100.0%
25/25/25/25 ACO              25.0%     25.0%    25.0%    25.0%   100.0%      0.0%
31.25/31.25/31.25/31.25 ACO     31.2%     31.2%    31.2%    31.2%   125.0%     25.0%
37.5/37.5/37.5/37.5 ACO      37.5%     37.5%    37.5%    37.5%   150.0%     50.0%
43.75/43.75/43.75/43.75 ACO     43.8%     43.8%    43.8%    43.8%   175.0%     75.0%
50/50/50/50 ACO              50.0%     50.0%    50.0%    50.0%   200.0%    100.0%
90/60/25/25 ACO              90.0%     60.0%    25.0%    25.0%   200.0%    100.0%
* ACO 33/67 est le portefeuille fixe optimal de la revision 2025 ;
  toutes les extensions conservent cette meme poche actions.
  Stocks/I conserve la convention historique 50/50 comme controle.
** Exposition domestique au pays de residence de la trajectoire.
*** Obligations mondiales couvertes ; bill du resident ; actions inchangees.
**** 33/67 domestique/international, change reel neutralise ; contrefactuel.

PANEL B -- MOMENTS REALISES (evaluation, jamais calibrage)
strategie                  rendement   volatilite    pct. 1 %       minimum (pays-annee)
----------------------------------------------------------------------------------------
ACO 33/67                      7.82%       18.08%     -38.43%       -84.30% (Japan 1945)
40/26.67/16.67/16.67 ACO       5.34%       10.68%     -16.03%       -86.59% (Japan 1945)
50/33.33/20.83/20.83 ACO       6.51%       12.90%     -18.81%       -85.70% (Japan 1945)
60/40/25/25 ACO                7.69%       15.23%     -21.03%       -84.81% (Japan 1945)
70/46.67/29.17/29.17 ACO       8.87%       17.62%     -23.89%       -83.92% (Japan 1945)
80/53.33/33.33/33.33 ACO      10.05%       20.05%     -27.43%       -83.03% (Japan 1945)
25/25/25/25 ACO                4.97%       10.52%     -15.21%       -86.91% (Japan 1945)
31.25/31.25/31.25/31.25 ACO       6.06%       12.69%     -16.19%       -86.09% (Japan 1945)
37.5/37.5/37.5/37.5 ACO        7.14%       14.97%     -19.07%       -85.28% (Japan 1945)
43.75/43.75/43.75/43.75 ACO       8.23%       17.31%     -21.29%       -84.47% (Japan 1945)
50/50/50/50 ACO                9.31%       19.70%     -24.72%       -83.65% (Japan 1945)

PANEL C -- CYCLE DE VIE, CRRA ET EPARGNE EQUIVALENTE
5000 trajectoires appariees ; blocs 10 ans ; spread 0.30% ; gamma 3.84
MF nets de frais 0.85%, couts 0.57% et haircut 0.00%
Obligations et MF couverts ; friction de change 0.10%
Controle revenu median : age 25 28 566  age 47 69 394

Reference d'utilite : ACO 33/67 avec 10 % d'epargne.
strategie                   epargne eq.   richesse med.   conso moy.    ruine            delta [IC95]     legs med.
-----------------------------------------------------------------------------------------------------------------
ACO 33/67                        10.00%         899 387       71 868    7.58%  +0.00% [+0.00%;+0.00%]     1 577 323
40/26.67/16.67/16.67 ACO         12.82%         659 624       54 787    4.94%  -2.64% [-3.32%;-1.96%]       816 066
50/33.33/20.83/20.83 ACO          9.97%         817 993       63 129    3.66%  -3.92% [-4.56%;-3.28%]     1 366 410
60/40/25/25 ACO                   7.88%       1 020 832       73 878    2.88%  -4.70% [-5.33%;-4.07%]     2 219 664
70/46.67/29.17/29.17 ACO          6.32%       1 261 037       87 718    2.38%  -5.20% [-5.84%;-4.56%]     3 491 962
80/53.33/33.33/33.33 ACO          5.14%       1 556 135      105 527    2.00%  -5.58% [-6.24%;-4.92%]     5 353 269
25/25/25/25 ACO                  14.01%         613 339       52 651    5.70%  -1.88% [-2.63%;-1.13%]       686 807
31.25/31.25/31.25/31.25 ACO      11.09%         745 035       59 859    4.22%  -3.36% [-4.07%;-2.65%]     1 117 866
37.5/37.5/37.5/37.5 ACO           8.89%         910 504       69 079    3.48%  -4.10% [-4.79%;-3.41%]     1 761 575
43.75/43.75/43.75/43.75 ACO       7.25%       1 106 071       80 897    2.82%  -4.76% [-5.44%;-4.08%]     2 697 649
50/50/50/50 ACO                   5.99%       1 337 773       96 045    2.58%  -5.00% [-5.69%;-4.31%]     4 018 250
