PANEL A -- DESIGN FIXE EX ANTE (aucun ciblage de volatilite)
Stress historique integral : aucune exclusion d'investissabilite.
strategie                  actions    oblig.       or       MF     brut   emprunt
---------------------------------------------------------------------------------
ACO 33/67                    100%*      0.0%     0.0%     0.0%   100.0%      0.0%
Stocks/I 50/50               100%*      0.0%     0.0%     0.0%   100.0%      0.0%
Actions domestiques         100%**      0.0%     0.0%     0.0%   100.0%      0.0%
ACO 33/67, change cst     100%****      0.0%     0.0%     0.0%   100.0%      0.0%
90/60 local fixe              90%*     60%**     0.0%     0.0%   150.0%     50.0%
90/60 oblig. mondiales        90%*    60%***     0.0%     0.0%   150.0%     50.0%
60/40 ACO/couvert            60.0%     40.0%     0.0%     0.0%   100.0%      0.0%
60/40 ACO + 33.33 MF         60.0%     40.0%     0.0%    33.3%   133.3%     33.3%
60/40 ACO + 33.33 Or         60.0%     40.0%    33.3%     0.0%   133.3%     33.3%
54/36/20/20 ACO              54.0%     36.0%    20.0%    20.0%   130.0%     30.0%
40/26.67/16.67/16.67 ACO     40.0%     26.7%    16.7%    16.7%   100.0%      0.0%
50/33.33/20.83/20.83 ACO     50.0%     33.3%    20.8%    20.8%   125.0%     25.0%
60/40/25/25 ACO              60.0%     40.0%    25.0%    25.0%   150.0%     50.0%
70/46.67/29.17/29.17 ACO     70.0%     46.7%    29.2%    29.2%   175.0%     75.0%
80/53.33/33.33/33.33 ACO     80.0%     53.3%    33.3%    33.3%   200.0%    100.0%
25/25/25/25 ACO              25.0%     25.0%    25.0%    25.0%   100.0%      0.0%
31.25/31.25/31.25/31.25 ACO     31.2%     31.2%    31.2%    31.2%   125.0%     25.0%
37.5/37.5/37.5/37.5 ACO      37.5%     37.5%    37.5%    37.5%   150.0%     50.0%
43.75/43.75/43.75/43.75 ACO     43.8%     43.8%    43.8%    43.8%   175.0%     75.0%
50/50/50/50 ACO              50.0%     50.0%    50.0%    50.0%   200.0%    100.0%
90/60/25/25 ACO              90.0%     60.0%    25.0%    25.0%   200.0%    100.0%
* ACO 33/67 est le portefeuille fixe optimal de la revision 2025 ;
  toutes les extensions conservent cette meme poche actions.
  Stocks/I conserve la convention historique 50/50 comme controle.
** Exposition domestique au pays de residence de la trajectoire.
*** Obligations mondiales couvertes ; bill du resident ; actions inchangees.
**** 33/67 domestique/international, change reel neutralise ; contrefactuel.

PANEL B -- MOMENTS REALISES (evaluation, jamais calibrage)
strategie                  rendement   volatilite    pct. 1 %       minimum (pays-annee)
----------------------------------------------------------------------------------------
ACO 33/67                      8.11%       25.70%     -40.03%       -84.60% (Japan 1945)
40/26.67/16.67/16.67 ACO       5.51%       15.89%     -16.93%       -86.69% (Japan 1945)
50/33.33/20.83/20.83 ACO       6.75%       19.50%     -19.85%       -85.83% (Japan 1945)
60/40/25/25 ACO                7.99%       23.20%     -22.94%       -84.96% (Japan 1945)
70/46.67/29.17/29.17 ACO       9.23%       26.95%     -26.75%       -84.09% (Japan 1945)
80/53.33/33.33/33.33 ACO      10.47%       30.74%     -29.77%       -83.23% (Japan 1945)
25/25/25/25 ACO                5.14%       15.22%     -15.99%       -86.96% (Japan 1945)
31.25/31.25/31.25/31.25 ACO       6.28%       18.65%     -17.99%       -86.16% (Japan 1945)
37.5/37.5/37.5/37.5 ACO        7.43%       22.17%     -20.65%       -85.36% (Japan 1945)
43.75/43.75/43.75/43.75 ACO       8.57%       25.75%     -22.82%       -84.56% (Japan 1945)
50/50/50/50 ACO                9.72%       29.35%     -26.76%       -83.76% (Japan 1945)

PANEL C -- CYCLE DE VIE, CRRA ET EPARGNE EQUIVALENTE
5000 trajectoires appariees ; blocs 10 ans ; spread 0.30% ; gamma 3.84
MF nets de frais 0.85%, couts 0.57% et haircut 0.00%
Obligations et MF couverts ; friction de change 0.10%
Controle revenu median : age 25 28 585  age 47 70 112

Reference d'utilite : ACO 33/67 avec 10 % d'epargne.
strategie                   epargne eq.   richesse med.   conso moy.    ruine            delta [IC95]     legs med.
-----------------------------------------------------------------------------------------------------------------
ACO 33/67                        10.00%         885 977       73 163    7.54%  +0.00% [+0.00%;+0.00%]     1 533 779
40/26.67/16.67/16.67 ACO         12.79%         656 093       55 236    5.10%  -2.44% [-3.15%;-1.73%]       794 526
50/33.33/20.83/20.83 ACO          9.92%         816 986       63 890    3.42%  -4.12% [-4.78%;-3.46%]     1 351 476
60/40/25/25 ACO                   7.88%       1 016 964       75 104    2.48%  -5.06% [-5.70%;-4.42%]     2 223 427
70/46.67/29.17/29.17 ACO          6.36%       1 260 934       89 676    2.06%  -5.48% [-6.12%;-4.84%]     3 577 615
80/53.33/33.33/33.33 ACO          5.20%       1 562 029      108 634    1.88%  -5.66% [-6.31%;-5.01%]     5 548 250
25/25/25/25 ACO                  14.00%         612 393       53 136    6.20%  -1.34% [-2.14%;-0.54%]       679 639
31.25/31.25/31.25/31.25 ACO      11.02%         751 893       60 631    4.30%  -3.24% [-3.98%;-2.50%]     1 111 186
37.5/37.5/37.5/37.5 ACO           8.88%         921 575       70 242    3.18%  -4.36% [-5.07%;-3.65%]     1 777 066
43.75/43.75/43.75/43.75 ACO       7.27%       1 125 149       82 627    2.58%  -4.96% [-5.65%;-4.27%]     2 749 192
50/50/50/50 ACO                   6.04%       1 367 360       98 568    2.34%  -5.20% [-5.89%;-4.51%]     4 142 095
