PANEL A -- DESIGN FIXE EX ANTE (aucun ciblage de volatilite)
Stress historique integral : aucune exclusion d'investissabilite.
strategie                  actions    oblig.       or       MF     brut   emprunt
---------------------------------------------------------------------------------
ACO 33/67                    100%*      0.0%     0.0%     0.0%   100.0%      0.0%
Stocks/I 50/50               100%*      0.0%     0.0%     0.0%   100.0%      0.0%
Actions domestiques         100%**      0.0%     0.0%     0.0%   100.0%      0.0%
ACO 33/67, change cst     100%****      0.0%     0.0%     0.0%   100.0%      0.0%
90/60 local fixe              90%*     60%**     0.0%     0.0%   150.0%     50.0%
90/60 oblig. mondiales        90%*    60%***     0.0%     0.0%   150.0%     50.0%
60/40 ACO/couvert            60.0%     40.0%     0.0%     0.0%   100.0%      0.0%
60/40 ACO + 33.33 MF         60.0%     40.0%     0.0%    33.3%   133.3%     33.3%
60/40 ACO + 33.33 Or         60.0%     40.0%    33.3%     0.0%   133.3%     33.3%
54/36/20/20 ACO              54.0%     36.0%    20.0%    20.0%   130.0%     30.0%
40/26.67/16.67/16.67 ACO     40.0%     26.7%    16.7%    16.7%   100.0%      0.0%
50/33.33/20.83/20.83 ACO     50.0%     33.3%    20.8%    20.8%   125.0%     25.0%
60/40/25/25 ACO              60.0%     40.0%    25.0%    25.0%   150.0%     50.0%
70/46.67/29.17/29.17 ACO     70.0%     46.7%    29.2%    29.2%   175.0%     75.0%
80/53.33/33.33/33.33 ACO     80.0%     53.3%    33.3%    33.3%   200.0%    100.0%
25/25/25/25 ACO              25.0%     25.0%    25.0%    25.0%   100.0%      0.0%
31.25/31.25/31.25/31.25 ACO     31.2%     31.2%    31.2%    31.2%   125.0%     25.0%
37.5/37.5/37.5/37.5 ACO      37.5%     37.5%    37.5%    37.5%   150.0%     50.0%
43.75/43.75/43.75/43.75 ACO     43.8%     43.8%    43.8%    43.8%   175.0%     75.0%
50/50/50/50 ACO              50.0%     50.0%    50.0%    50.0%   200.0%    100.0%
90/60/25/25 ACO              90.0%     60.0%    25.0%    25.0%   200.0%    100.0%
* ACO 33/67 est le portefeuille fixe optimal de la revision 2025 ;
  toutes les extensions conservent cette meme poche actions.
  Stocks/I conserve la convention historique 50/50 comme controle.
** Exposition domestique au pays de residence de la trajectoire.
*** Obligations mondiales couvertes ; bill du resident ; actions inchangees.
**** 33/67 domestique/international, change reel neutralise ; contrefactuel.

PANEL B -- MOMENTS REALISES (evaluation, jamais calibrage)
strategie                  rendement   volatilite    pct. 1 %       minimum (pays-annee)
----------------------------------------------------------------------------------------
ACO 33/67                      8.14%       25.83%     -40.50%       -84.60% (Japan 1945)
40/26.67/16.67/16.67 ACO       5.51%       15.95%     -16.85%       -86.69% (Japan 1945)
50/33.33/20.83/20.83 ACO       6.75%       19.60%     -19.84%       -85.82% (Japan 1945)
60/40/25/25 ACO                7.98%       23.33%     -23.04%       -84.96% (Japan 1945)
70/46.67/29.17/29.17 ACO       9.22%       27.12%     -26.84%       -84.09% (Japan 1945)
80/53.33/33.33/33.33 ACO      10.45%       30.93%     -29.53%       -83.22% (Japan 1945)
25/25/25/25 ACO                5.13%       15.27%     -16.01%       -86.96% (Japan 1945)
31.25/31.25/31.25/31.25 ACO       6.26%       18.73%     -18.09%       -86.16% (Japan 1945)
37.5/37.5/37.5/37.5 ACO        7.40%       22.28%     -20.64%       -85.36% (Japan 1945)
43.75/43.75/43.75/43.75 ACO       8.54%       25.88%     -22.99%       -84.56% (Japan 1945)
50/50/50/50 ACO                9.68%       29.51%     -27.13%       -83.76% (Japan 1945)

PANEL C -- CYCLE DE VIE, CRRA ET EPARGNE EQUIVALENTE
5000 trajectoires appariees ; blocs 10 ans ; spread 0.30% ; gamma 3.84
MF nets de frais 0.85%, couts 0.57% et haircut 0.00%
Obligations et MF couverts ; friction de change 0.10%
Controle revenu median : age 25 28 585  age 47 70 112

Reference d'utilite : ACO 33/67 avec 10 % d'epargne.
strategie                   epargne eq.   richesse med.   conso moy.    ruine            delta [IC95]     legs med.
-----------------------------------------------------------------------------------------------------------------
ACO 33/67                        10.00%         883 237       73 372    7.84%  +0.00% [+0.00%;+0.00%]     1 511 504
40/26.67/16.67/16.67 ACO         12.60%         654 242       55 143    5.10%  -2.74% [-3.47%;-2.01%]       789 037
50/33.33/20.83/20.83 ACO          9.81%         813 475       63 673    3.32%  -4.52% [-5.20%;-3.84%]     1 330 766
60/40/25/25 ACO                   7.84%       1 008 713       74 699    2.52%  -5.32% [-5.97%;-4.67%]     2 185 360
70/46.67/29.17/29.17 ACO          6.35%       1 243 683       89 008    2.22%  -5.62% [-6.27%;-4.97%]     3 459 903
80/53.33/33.33/33.33 ACO          5.21%       1 533 795      107 585    1.98%  -5.86% [-6.52%;-5.20%]     5 305 742
25/25/25/25 ACO                  13.80%         610 720       52 994    6.08%  -1.76% [-2.58%;-0.94%]       676 313
31.25/31.25/31.25/31.25 ACO      10.90%         748 039       60 342    4.26%  -3.58% [-4.34%;-2.82%]     1 093 977
37.5/37.5/37.5/37.5 ACO           8.82%         906 172       69 746    3.08%  -4.76% [-5.48%;-4.04%]     1 745 420
43.75/43.75/43.75/43.75 ACO       7.24%       1 103 292       81 830    2.62%  -5.22% [-5.92%;-4.52%]     2 689 301
50/50/50/50 ACO                   6.04%       1 339 974       97 347    2.40%  -5.44% [-6.14%;-4.74%]     4 015 420
