PANEL A -- DESIGN FIXE EX ANTE (aucun ciblage de volatilite)
Stress historique integral : aucune exclusion d'investissabilite.
strategie                  actions    oblig.       or       MF     brut   emprunt
---------------------------------------------------------------------------------
ACO 33/67                    100%*      0.0%     0.0%     0.0%   100.0%      0.0%
Stocks/I 50/50               100%*      0.0%     0.0%     0.0%   100.0%      0.0%
Actions domestiques         100%**      0.0%     0.0%     0.0%   100.0%      0.0%
ACO 33/67, change cst     100%****      0.0%     0.0%     0.0%   100.0%      0.0%
90/60 local fixe              90%*     60%**     0.0%     0.0%   150.0%     50.0%
90/60 oblig. mondiales        90%*    60%***     0.0%     0.0%   150.0%     50.0%
60/40 ACO/couvert            60.0%     40.0%     0.0%     0.0%   100.0%      0.0%
60/40 ACO + 33.33 MF         60.0%     40.0%     0.0%    33.3%   133.3%     33.3%
60/40 ACO + 33.33 Or         60.0%     40.0%    33.3%     0.0%   133.3%     33.3%
54/36/20/20 ACO              54.0%     36.0%    20.0%    20.0%   130.0%     30.0%
40/26.67/16.67/16.67 ACO     40.0%     26.7%    16.7%    16.7%   100.0%      0.0%
50/33.33/20.83/20.83 ACO     50.0%     33.3%    20.8%    20.8%   125.0%     25.0%
60/40/25/25 ACO              60.0%     40.0%    25.0%    25.0%   150.0%     50.0%
70/46.67/29.17/29.17 ACO     70.0%     46.7%    29.2%    29.2%   175.0%     75.0%
80/53.33/33.33/33.33 ACO     80.0%     53.3%    33.3%    33.3%   200.0%    100.0%
25/25/25/25 ACO              25.0%     25.0%    25.0%    25.0%   100.0%      0.0%
31.25/31.25/31.25/31.25 ACO     31.2%     31.2%    31.2%    31.2%   125.0%     25.0%
37.5/37.5/37.5/37.5 ACO      37.5%     37.5%    37.5%    37.5%   150.0%     50.0%
43.75/43.75/43.75/43.75 ACO     43.8%     43.8%    43.8%    43.8%   175.0%     75.0%
50/50/50/50 ACO              50.0%     50.0%    50.0%    50.0%   200.0%    100.0%
90/60/25/25 ACO              90.0%     60.0%    25.0%    25.0%   200.0%    100.0%
* ACO 33/67 est le portefeuille fixe optimal de la revision 2025 ;
  toutes les extensions conservent cette meme poche actions.
  Stocks/I conserve la convention historique 50/50 comme controle.
** Exposition domestique au pays de residence de la trajectoire.
*** Obligations mondiales couvertes ; bill du resident ; actions inchangees.
**** 33/67 domestique/international, change reel neutralise ; contrefactuel.

PANEL B -- MOMENTS REALISES (evaluation, jamais calibrage)
strategie                  rendement   volatilite    pct. 1 %       minimum (pays-annee)
----------------------------------------------------------------------------------------
ACO 33/67                      8.13%       25.76%     -40.54%       -84.60% (Japan 1945)
40/26.67/16.67/16.67 ACO       5.53%       15.89%     -16.94%       -86.68% (Japan 1945)
50/33.33/20.83/20.83 ACO       6.76%       19.51%     -19.90%       -85.82% (Japan 1945)
60/40/25/25 ACO                7.98%       23.21%     -22.95%       -84.95% (Japan 1945)
70/46.67/29.17/29.17 ACO       9.21%       26.97%     -27.00%       -84.08% (Japan 1945)
80/53.33/33.33/33.33 ACO      10.44%       30.76%     -29.49%       -83.21% (Japan 1945)
25/25/25/25 ACO                5.14%       15.22%     -15.84%       -86.95% (Japan 1945)
31.25/31.25/31.25/31.25 ACO       6.27%       18.65%     -17.97%       -86.15% (Japan 1945)
37.5/37.5/37.5/37.5 ACO        7.40%       22.17%     -20.62%       -85.35% (Japan 1945)
43.75/43.75/43.75/43.75 ACO       8.53%       25.74%     -22.98%       -84.55% (Japan 1945)
50/50/50/50 ACO                9.66%       29.34%     -25.95%       -83.75% (Japan 1945)

PANEL C -- CYCLE DE VIE, CRRA ET EPARGNE EQUIVALENTE
5000 trajectoires appariees ; blocs 10 ans ; spread 0.30% ; gamma 3.84
MF nets de frais 0.85%, couts 0.57% et haircut 0.00%
Obligations et MF couverts ; friction de change 0.10%
Controle revenu median : age 25 28 574  age 47 71 209

Reference d'utilite : ACO 33/67 avec 10 % d'epargne.
strategie                   epargne eq.   richesse med.   conso moy.    ruine            delta [IC95]     legs med.
-----------------------------------------------------------------------------------------------------------------
ACO 33/67                        10.00%         905 407       73 813    7.36%  +0.00% [+0.00%;+0.00%]     1 585 246
40/26.67/16.67/16.67 ACO         12.96%         664 531       55 201    5.66%  -1.70% [-2.38%;-1.02%]       823 917
50/33.33/20.83/20.83 ACO         10.07%         827 233       63 808    3.90%  -3.46% [-4.09%;-2.83%]     1 407 033
60/40/25/25 ACO                   7.99%       1 024 620       74 963    2.96%  -4.40% [-5.03%;-3.77%]     2 314 549
70/46.67/29.17/29.17 ACO          6.44%       1 251 805       89 462    2.46%  -4.90% [-5.52%;-4.28%]     3 641 752
80/53.33/33.33/33.33 ACO          5.26%       1 549 337      108 322    2.26%  -5.10% [-5.72%;-4.48%]     5 566 778
25/25/25/25 ACO                  14.19%         622 129       52 993    6.50%  -0.86% [-1.63%;-0.09%]       682 087
31.25/31.25/31.25/31.25 ACO      11.19%         766 505       60 391    4.52%  -2.84% [-3.56%;-2.12%]     1 113 970
37.5/37.5/37.5/37.5 ACO           9.04%         927 723       69 844    3.38%  -3.98% [-4.66%;-3.30%]     1 756 412
43.75/43.75/43.75/43.75 ACO       7.40%       1 134 207       82 042    3.02%  -4.34% [-5.03%;-3.65%]     2 693 217
50/50/50/50 ACO                   6.15%       1 377 719       97 785    2.82%  -4.54% [-5.22%;-3.86%]     4 027 029
