PANEL A -- DESIGN FIXE EX ANTE (aucun ciblage de volatilite)
Stress historique integral : aucune exclusion d'investissabilite.
strategie                  actions    oblig.       or       MF     brut   emprunt
---------------------------------------------------------------------------------
ACO 33/67                    100%*      0.0%     0.0%     0.0%   100.0%      0.0%
Stocks/I 50/50               100%*      0.0%     0.0%     0.0%   100.0%      0.0%
Actions domestiques         100%**      0.0%     0.0%     0.0%   100.0%      0.0%
ACO 33/67, change cst     100%****      0.0%     0.0%     0.0%   100.0%      0.0%
90/60 local fixe              90%*     60%**     0.0%     0.0%   150.0%     50.0%
90/60 oblig. mondiales        90%*    60%***     0.0%     0.0%   150.0%     50.0%
60/40 ACO/couvert            60.0%     40.0%     0.0%     0.0%   100.0%      0.0%
60/40 ACO + 33.33 MF         60.0%     40.0%     0.0%    33.3%   133.3%     33.3%
60/40 ACO + 33.33 Or         60.0%     40.0%    33.3%     0.0%   133.3%     33.3%
54/36/20/20 ACO              54.0%     36.0%    20.0%    20.0%   130.0%     30.0%
40/26.67/16.67/16.67 ACO     40.0%     26.7%    16.7%    16.7%   100.0%      0.0%
50/33.33/20.83/20.83 ACO     50.0%     33.3%    20.8%    20.8%   125.0%     25.0%
60/40/25/25 ACO              60.0%     40.0%    25.0%    25.0%   150.0%     50.0%
70/46.67/29.17/29.17 ACO     70.0%     46.7%    29.2%    29.2%   175.0%     75.0%
80/53.33/33.33/33.33 ACO     80.0%     53.3%    33.3%    33.3%   200.0%    100.0%
25/25/25/25 ACO              25.0%     25.0%    25.0%    25.0%   100.0%      0.0%
31.25/31.25/31.25/31.25 ACO     31.2%     31.2%    31.2%    31.2%   125.0%     25.0%
37.5/37.5/37.5/37.5 ACO      37.5%     37.5%    37.5%    37.5%   150.0%     50.0%
43.75/43.75/43.75/43.75 ACO     43.8%     43.8%    43.8%    43.8%   175.0%     75.0%
50/50/50/50 ACO              50.0%     50.0%    50.0%    50.0%   200.0%    100.0%
90/60/25/25 ACO              90.0%     60.0%    25.0%    25.0%   200.0%    100.0%
* ACO 33/67 est le portefeuille fixe optimal de la revision 2025 ;
  toutes les extensions conservent cette meme poche actions.
  Stocks/I conserve la convention historique 50/50 comme controle.
** Exposition domestique au pays de residence de la trajectoire.
*** Obligations mondiales couvertes ; bill du resident ; actions inchangees.
**** 33/67 domestique/international, change reel neutralise ; contrefactuel.

PANEL B -- MOMENTS REALISES (evaluation, jamais calibrage)
strategie                  rendement   volatilite    pct. 1 %       minimum (pays-annee)
----------------------------------------------------------------------------------------
ACO 33/67                      8.18%       25.77%     -39.46%       -84.59% (Japan 1945)
40/26.67/16.67/16.67 ACO       5.54%       15.98%     -16.56%       -86.67% (Japan 1945)
50/33.33/20.83/20.83 ACO       6.79%       19.62%     -19.39%       -85.80% (Japan 1945)
60/40/25/25 ACO                8.04%       23.34%     -22.00%       -84.93% (Japan 1945)
70/46.67/29.17/29.17 ACO       9.29%       27.12%     -25.30%       -84.06% (Japan 1945)
80/53.33/33.33/33.33 ACO      10.54%       30.93%     -28.71%       -83.19% (Japan 1945)
25/25/25/25 ACO                5.16%       15.33%     -15.91%       -86.94% (Japan 1945)
31.25/31.25/31.25/31.25 ACO       6.32%       18.79%     -17.98%       -86.14% (Japan 1945)
37.5/37.5/37.5/37.5 ACO        7.47%       22.34%     -20.18%       -85.34% (Japan 1945)
43.75/43.75/43.75/43.75 ACO       8.62%       25.95%     -22.54%       -84.53% (Japan 1945)
50/50/50/50 ACO                9.78%       29.59%     -26.05%       -83.73% (Japan 1945)

PANEL C -- CYCLE DE VIE, CRRA ET EPARGNE EQUIVALENTE
5000 trajectoires appariees ; blocs 10 ans ; spread 0.30% ; gamma 3.84
MF nets de frais 0.85%, couts 0.57% et haircut 0.00%
Obligations et MF couverts ; friction de change 0.10%
Controle revenu median : age 25 28 450  age 47 69 454

Reference d'utilite : ACO 33/67 avec 10 % d'epargne.
strategie                   epargne eq.   richesse med.   conso moy.    ruine            delta [IC95]     legs med.
-----------------------------------------------------------------------------------------------------------------
ACO 33/67                        10.00%         877 053       73 512    7.34%  +0.00% [+0.00%;+0.00%]     1 536 413
40/26.67/16.67/16.67 ACO         12.81%         647 710       55 264    5.82%  -1.52% [-2.20%;-0.84%]       809 023
50/33.33/20.83/20.83 ACO          9.85%         806 253       63 943    3.94%  -3.40% [-4.03%;-2.77%]     1 369 989
60/40/25/25 ACO                   7.77%         998 926       75 148    3.04%  -4.30% [-4.92%;-3.68%]     2 244 218
70/46.67/29.17/29.17 ACO          6.22%       1 226 402       89 658    2.68%  -4.66% [-5.28%;-4.04%]     3 542 996
80/53.33/33.33/33.33 ACO          5.05%       1 512 879      108 485    2.48%  -4.86% [-5.49%;-4.23%]     5 574 520
25/25/25/25 ACO                  14.02%         611 927       53 107    6.84%  -0.50% [-1.28%;+0.28%]       673 230
31.25/31.25/31.25/31.25 ACO      10.97%         748 746       60 592    4.80%  -2.54% [-3.25%;-1.83%]     1 101 235
37.5/37.5/37.5/37.5 ACO           8.79%         916 041       70 169    3.68%  -3.66% [-4.33%;-2.99%]     1 745 969
43.75/43.75/43.75/43.75 ACO       7.16%       1 108 899       82 458    3.18%  -4.16% [-4.82%;-3.50%]     2 718 356
50/50/50/50 ACO                   5.89%       1 354 122       98 287    2.84%  -4.50% [-5.17%;-3.83%]     4 086 012
