PANEL A -- DESIGN FIXE EX ANTE (aucun ciblage de volatilite)
Stress historique integral : aucune exclusion d'investissabilite.
strategie                  actions    oblig.       or       MF     brut   emprunt
---------------------------------------------------------------------------------
ACO 33/67                    100%*      0.0%     0.0%     0.0%   100.0%      0.0%
ACO 33/67 125%              125.0%      0.0%     0.0%     0.0%   125.0%     25.0%
ACO 33/67 150%              150.0%      0.0%     0.0%     0.0%   150.0%     50.0%
ACO 33/67 175%              175.0%      0.0%     0.0%     0.0%   175.0%     75.0%
ACO 33/67 200%              200.0%      0.0%     0.0%     0.0%   200.0%    100.0%
Stocks/I 50/50               100%*      0.0%     0.0%     0.0%   100.0%      0.0%
Actions domestiques         100%**      0.0%     0.0%     0.0%   100.0%      0.0%
ACO 33/67, change cst     100%****      0.0%     0.0%     0.0%   100.0%      0.0%
90/60 local fixe              90%*     60%**     0.0%     0.0%   150.0%     50.0%
90/60 oblig. mondiales        90%*    60%***     0.0%     0.0%   150.0%     50.0%
60/40 ACO/couvert            60.0%     40.0%     0.0%     0.0%   100.0%      0.0%
60/40 ACO + 33.33 MF         60.0%     40.0%     0.0%    33.3%   133.3%     33.3%
60/40 ACO + 33.33 Or         60.0%     40.0%    33.3%     0.0%   133.3%     33.3%
54/36/20/20 ACO              54.0%     36.0%    20.0%    20.0%   130.0%     30.0%
40/26.67/16.67/16.67 ACO     40.0%     26.7%    16.7%    16.7%   100.0%      0.0%
50/33.33/20.83/20.83 ACO     50.0%     33.3%    20.8%    20.8%   125.0%     25.0%
60/40/25/25 ACO              60.0%     40.0%    25.0%    25.0%   150.0%     50.0%
70/46.67/29.17/29.17 ACO     70.0%     46.7%    29.2%    29.2%   175.0%     75.0%
80/53.33/33.33/33.33 ACO     80.0%     53.3%    33.3%    33.3%   200.0%    100.0%
25/25/25/25 ACO              25.0%     25.0%    25.0%    25.0%   100.0%      0.0%
31.25/31.25/31.25/31.25 ACO     31.2%     31.2%    31.2%    31.2%   125.0%     25.0%
37.5/37.5/37.5/37.5 ACO      37.5%     37.5%    37.5%    37.5%   150.0%     50.0%
43.75/43.75/43.75/43.75 ACO     43.8%     43.8%    43.8%    43.8%   175.0%     75.0%
50/50/50/50 ACO              50.0%     50.0%    50.0%    50.0%   200.0%    100.0%
90/60/25/25 ACO              90.0%     60.0%    25.0%    25.0%   200.0%    100.0%
* ACO 33/67 est le portefeuille fixe optimal de la revision 2025 ;
  toutes les extensions conservent cette meme poche actions.
  Stocks/I conserve la convention historique 50/50 comme controle.
** Exposition domestique au pays de residence de la trajectoire.
*** Obligations mondiales couvertes ; bill du resident ; actions inchangees.
**** 33/67 domestique/international, change reel neutralise ; contrefactuel.

PANEL B -- MOMENTS REALISES (evaluation, jamais calibrage)
strategie                  rendement   volatilite    pct. 1 %       minimum (pays-annee)
----------------------------------------------------------------------------------------
ACO 33/67                      7.70%       18.17%     -40.36%       -84.60% (Japan 1945)
ACO 33/67 125%                 9.48%       22.47%     -48.19%       -83.21% (Japan 1945)
ACO 33/67 150%                11.26%       26.84%     -57.48%       -81.82% (Japan 1945)
ACO 33/67 175%                13.05%       31.26%     -66.32%       -80.44% (Japan 1945)
ACO 33/67 200%                14.83%       35.71%     -75.75%       -90.99% (Japan 2008)
40/26.67/16.67/16.67 ACO       5.38%       10.97%     -16.09%       -86.70% (Japan 1945)
50/33.33/20.83/20.83 ACO       6.59%       13.15%     -18.63%       -85.83% (Japan 1945)
60/40/25/25 ACO                7.80%       15.44%     -21.19%       -84.97% (Japan 1945)
70/46.67/29.17/29.17 ACO       9.00%       17.81%     -24.40%       -84.10% (Japan 1945)
80/53.33/33.33/33.33 ACO      10.21%       20.22%     -27.07%       -83.24% (Japan 1945)
25/25/25/25 ACO                5.10%       10.89%     -15.53%       -86.97% (Japan 1945)
31.25/31.25/31.25/31.25 ACO       6.23%       13.04%     -15.84%       -86.17% (Japan 1945)
37.5/37.5/37.5/37.5 ACO        7.36%       15.30%     -18.86%       -85.37% (Japan 1945)
43.75/43.75/43.75/43.75 ACO       8.49%       17.64%     -21.16%       -84.58% (Japan 1945)
50/50/50/50 ACO                9.63%       20.03%     -24.18%       -83.78% (Japan 1945)

PANEL C -- CYCLE DE VIE, CRRA ET EPARGNE EQUIVALENTE
10000 trajectoires appariees ; blocs 10 ans ; spread 0.30% ; gamma 3.84
MF nets de frais 0.85%, couts 0.61% et haircut 0.00%
Obligations et MF couverts ; friction de change 0.10%
Controle revenu median : age 25 28 501  age 47 70 593

Reference d'utilite : ACO 33/67 avec 10 % d'epargne.
strategie                   epargne eq.   richesse med.   conso moy.    ruine            delta [IC95]     legs med.
-----------------------------------------------------------------------------------------------------------------
ACO 33/67                        10.00%         891 210       72 160    7.19%  +0.00% [+0.00%;+0.00%]     1 564 397
ACO 33/67 125%                    8.68%       1 128 078       91 361    8.68%  +1.49% [+1.19%;+1.79%]     2 466 143
ACO 33/67 150%                    8.44%       1 374 871      117 474   11.46%  +4.27% [+3.82%;+4.72%]     3 358 029
ACO 33/67 175%                   10.02%       1 585 322      151 847   15.79%  +8.60% [+8.01%;+9.19%]     3 922 855
ACO 33/67 200%                   17.00%       1 696 767      196 051   21.82%  +14.63% [+13.91%;+15.35%]     3 532 967
40/26.67/16.67/16.67 ACO         11.94%         685 819       56 281    4.50%  -2.69% [-3.17%;-2.21%]       879 534
50/33.33/20.83/20.83 ACO          9.24%         860 927       65 301    3.24%  -3.95% [-4.41%;-3.49%]     1 509 459
60/40/25/25 ACO                   7.28%       1 074 592       76 993    2.47%  -4.72% [-5.17%;-4.27%]     2 492 003
70/46.67/29.17/29.17 ACO          5.82%       1 334 684       92 163    2.03%  -5.16% [-5.61%;-4.71%]     4 027 377
80/53.33/33.33/33.33 ACO          4.71%       1 649 017      111 847    1.74%  -5.45% [-5.91%;-4.99%]     6 314 221
25/25/25/25 ACO                  12.73%         647 935       54 628    5.28%  -1.91% [-2.45%;-1.37%]       766 305
31.25/31.25/31.25/31.25 ACO       9.96%         802 236       62 770    3.84%  -3.35% [-3.85%;-2.85%]     1 288 418
37.5/37.5/37.5/37.5 ACO           7.94%         988 330       73 283    2.87%  -4.32% [-4.81%;-3.83%]     2 087 316
43.75/43.75/43.75/43.75 ACO       6.41%       1 212 898       86 903    2.42%  -4.77% [-5.25%;-4.29%]     3 283 930
50/50/50/50 ACO                   5.25%       1 480 595      104 563    2.16%  -5.03% [-5.51%;-4.55%]     5 077 596
