PANEL A -- DESIGN FIXE EX ANTE (aucun ciblage de volatilite)
Stress historique integral : aucune exclusion d'investissabilite.
strategie                  actions    oblig.       or       MF     brut   emprunt
---------------------------------------------------------------------------------
ACO 33/67                    100%*      0.0%     0.0%     0.0%   100.0%      0.0%
Stocks/I 50/50               100%*      0.0%     0.0%     0.0%   100.0%      0.0%
Actions domestiques         100%**      0.0%     0.0%     0.0%   100.0%      0.0%
ACO 33/67, change cst     100%****      0.0%     0.0%     0.0%   100.0%      0.0%
90/60 local fixe              90%*     60%**     0.0%     0.0%   150.0%     50.0%
90/60 oblig. mondiales        90%*    60%***     0.0%     0.0%   150.0%     50.0%
60/40 ACO/couvert            60.0%     40.0%     0.0%     0.0%   100.0%      0.0%
60/40 ACO + 33.33 MF         60.0%     40.0%     0.0%    33.3%   133.3%     33.3%
60/40 ACO + 33.33 Or         60.0%     40.0%    33.3%     0.0%   133.3%     33.3%
54/36/20/20 ACO              54.0%     36.0%    20.0%    20.0%   130.0%     30.0%
40/26.67/16.67/16.67 ACO     40.0%     26.7%    16.7%    16.7%   100.0%      0.0%
50/33.33/20.83/20.83 ACO     50.0%     33.3%    20.8%    20.8%   125.0%     25.0%
60/40/25/25 ACO              60.0%     40.0%    25.0%    25.0%   150.0%     50.0%
70/46.67/29.17/29.17 ACO     70.0%     46.7%    29.2%    29.2%   175.0%     75.0%
80/53.33/33.33/33.33 ACO     80.0%     53.3%    33.3%    33.3%   200.0%    100.0%
25/25/25/25 ACO              25.0%     25.0%    25.0%    25.0%   100.0%      0.0%
31.25/31.25/31.25/31.25 ACO     31.2%     31.2%    31.2%    31.2%   125.0%     25.0%
37.5/37.5/37.5/37.5 ACO      37.5%     37.5%    37.5%    37.5%   150.0%     50.0%
43.75/43.75/43.75/43.75 ACO     43.8%     43.8%    43.8%    43.8%   175.0%     75.0%
50/50/50/50 ACO              50.0%     50.0%    50.0%    50.0%   200.0%    100.0%
90/60/25/25 ACO              90.0%     60.0%    25.0%    25.0%   200.0%    100.0%
* ACO 33/67 est le portefeuille fixe optimal de la revision 2025 ;
  toutes les extensions conservent cette meme poche actions.
  Stocks/I conserve la convention historique 50/50 comme controle.
** Exposition domestique au pays de residence de la trajectoire.
*** Obligations mondiales couvertes ; bill du resident ; actions inchangees.
**** 33/67 domestique/international, change reel neutralise ; contrefactuel.

PANEL B -- MOMENTS REALISES (evaluation, jamais calibrage)
strategie                  rendement   volatilite    pct. 1 %       minimum (pays-annee)
----------------------------------------------------------------------------------------
ACO 33/67                      8.29%       16.59%     -38.77%    -46.80% (Portugal 1974)
40/26.67/16.67/16.67 ACO       5.45%        8.70%     -12.08%    -25.76% (Portugal 1974)
50/33.33/20.83/20.83 ACO       6.59%       10.64%     -14.71%    -26.81% (Portugal 1974)
60/40/25/25 ACO                7.73%       12.63%     -18.86%    -27.86% (Portugal 1974)
70/46.67/29.17/29.17 ACO       8.87%       14.64%     -22.99%    -32.58% (Portugal 1990)
80/53.33/33.33/33.33 ACO      10.01%       16.67%     -26.95%    -37.72% (Portugal 1990)
25/25/25/25 ACO                4.97%        8.26%     -12.30%    -18.00% (Portugal 1974)
31.25/31.25/31.25/31.25 ACO       5.99%       10.12%     -14.30%    -19.96% (Portugal 1990)
37.5/37.5/37.5/37.5 ACO        7.00%       12.03%     -16.22%    -24.63% (Portugal 1990)
43.75/43.75/43.75/43.75 ACO       8.02%       13.97%     -19.95%    -29.30% (Portugal 1990)
50/50/50/50 ACO                9.04%       15.92%     -23.68%    -33.97% (Portugal 1990)

PANEL C -- CYCLE DE VIE, CRRA ET EPARGNE EQUIVALENTE
10000 trajectoires appariees ; blocs 10 ans ; spread 0.30% ; gamma 3.84
MF nets de frais 0.85%, couts 0.57% et haircut 0.00%
Obligations et MF couverts ; friction de change 0.10%
Controle revenu median : age 25 28 461  age 47 69 996

Reference d'utilite : ACO 33/67 avec 10 % d'epargne.
strategie                   epargne eq.   richesse med.   conso moy.    ruine            delta [IC95]     legs med.
-----------------------------------------------------------------------------------------------------------------
ACO 33/67                        10.00%       1 086 170       83 889    5.42%  +0.00% [+0.00%;+0.00%]     2 446 146
40/26.67/16.67/16.67 ACO         13.43%         677 413       56 129    1.32%  -4.10% [-4.53%;-3.67%]       914 855
50/33.33/20.83/20.83 ACO         10.55%         850 981       64 903    0.62%  -4.80% [-5.23%;-4.37%]     1 571 619
60/40/25/25 ACO                   8.39%       1 067 753       76 279    0.41%  -5.01% [-5.45%;-4.57%]     2 633 071
70/46.67/29.17/29.17 ACO          6.77%       1 333 157       91 046    0.41%  -5.01% [-5.45%;-4.57%]     4 213 795
80/53.33/33.33/33.33 ACO          5.53%       1 654 259      110 231    0.43%  -4.99% [-5.43%;-4.55%]     6 587 468
25/25/25/25 ACO                  15.00%         614 657       52 750    1.55%  -3.87% [-4.35%;-3.39%]       692 351
31.25/31.25/31.25/31.25 ACO      12.12%         747 696       59 593    0.89%  -4.53% [-4.99%;-4.07%]     1 141 473
37.5/37.5/37.5/37.5 ACO           9.94%         913 475       68 273    0.67%  -4.75% [-5.21%;-4.29%]     1 822 585
43.75/43.75/43.75/43.75 ACO       8.25%       1 113 932       79 311    0.59%  -4.83% [-5.29%;-4.37%]     2 796 670
50/50/50/50 ACO                   6.93%       1 346 394       93 376    0.72%  -4.70% [-5.17%;-4.23%]     4 198 425
real 24.67
user 26.28
sys 0.40
