PANEL A -- DESIGN FIXE EX ANTE (aucun ciblage de volatilite)
Stress historique integral : aucune exclusion d'investissabilite.
strategie                  actions    oblig.       or       MF     brut   emprunt
---------------------------------------------------------------------------------
ACO 33/67                    100%*      0.0%     0.0%     0.0%   100.0%      0.0%
Stocks/I 50/50               100%*      0.0%     0.0%     0.0%   100.0%      0.0%
Actions domestiques         100%**      0.0%     0.0%     0.0%   100.0%      0.0%
ACO 33/67, change cst     100%****      0.0%     0.0%     0.0%   100.0%      0.0%
90/60 local fixe              90%*     60%**     0.0%     0.0%   150.0%     50.0%
90/60 oblig. mondiales        90%*    60%***     0.0%     0.0%   150.0%     50.0%
60/40 ACO/couvert            60.0%     40.0%     0.0%     0.0%   100.0%      0.0%
60/40 ACO + 33.33 MF         60.0%     40.0%     0.0%    33.3%   133.3%     33.3%
60/40 ACO + 33.33 Or         60.0%     40.0%    33.3%     0.0%   133.3%     33.3%
54/36/20/20 ACO              54.0%     36.0%    20.0%    20.0%   130.0%     30.0%
40/26.67/16.67/16.67 ACO     40.0%     26.7%    16.7%    16.7%   100.0%      0.0%
50/33.33/20.83/20.83 ACO     50.0%     33.3%    20.8%    20.8%   125.0%     25.0%
60/40/25/25 ACO              60.0%     40.0%    25.0%    25.0%   150.0%     50.0%
70/46.67/29.17/29.17 ACO     70.0%     46.7%    29.2%    29.2%   175.0%     75.0%
80/53.33/33.33/33.33 ACO     80.0%     53.3%    33.3%    33.3%   200.0%    100.0%
25/25/25/25 ACO              25.0%     25.0%    25.0%    25.0%   100.0%      0.0%
31.25/31.25/31.25/31.25 ACO     31.2%     31.2%    31.2%    31.2%   125.0%     25.0%
37.5/37.5/37.5/37.5 ACO      37.5%     37.5%    37.5%    37.5%   150.0%     50.0%
43.75/43.75/43.75/43.75 ACO     43.8%     43.8%    43.8%    43.8%   175.0%     75.0%
50/50/50/50 ACO              50.0%     50.0%    50.0%    50.0%   200.0%    100.0%
90/60/25/25 ACO              90.0%     60.0%    25.0%    25.0%   200.0%    100.0%
* ACO 33/67 est le portefeuille fixe optimal de la revision 2025 ;
  toutes les extensions conservent cette meme poche actions.
  Stocks/I conserve la convention historique 50/50 comme controle.
** Exposition domestique au pays de residence de la trajectoire.
*** Obligations mondiales couvertes ; bill du resident ; actions inchangees.
**** 33/67 domestique/international, change reel neutralise ; contrefactuel.

PANEL B -- MOMENTS REALISES (evaluation, jamais calibrage)
strategie                  rendement   volatilite    pct. 1 %       minimum (pays-annee)
----------------------------------------------------------------------------------------
ACO 33/67                      7.58%       17.43%     -39.42%       -84.60% (Japan 1945)
40/26.67/16.67/16.67 ACO       5.18%       10.14%     -16.08%       -86.69% (Japan 1945)
50/33.33/20.83/20.83 ACO       6.31%       12.02%     -19.07%       -85.82% (Japan 1945)
60/40/25/25 ACO                7.45%       14.02%     -22.15%       -84.95% (Japan 1945)
70/46.67/29.17/29.17 ACO       8.58%       16.08%     -25.47%       -84.09% (Japan 1945)
80/53.33/33.33/33.33 ACO       9.72%       18.19%     -28.90%       -83.22% (Japan 1945)
25/25/25/25 ACO                4.81%        9.87%     -15.37%       -86.96% (Japan 1945)
31.25/31.25/31.25/31.25 ACO       5.85%       11.65%     -16.95%       -86.16% (Japan 1945)
37.5/37.5/37.5/37.5 ACO        6.90%       13.55%     -20.01%       -85.36% (Japan 1945)
43.75/43.75/43.75/43.75 ACO       7.94%       15.52%     -22.46%       -84.56% (Japan 1945)
50/50/50/50 ACO                8.99%       17.54%     -25.51%       -83.76% (Japan 1945)

PANEL C -- CYCLE DE VIE, CRRA ET EPARGNE EQUIVALENTE
10000 trajectoires appariees ; blocs 10 ans ; spread 0.30% ; gamma 3.84
MF nets de frais 0.85%, couts 0.57% et haircut 0.00%
Obligations et MF couverts ; friction de change 0.10%
Controle revenu median : age 25 28 469  age 47 69 098

Reference d'utilite : ACO 33/67 avec 10 % d'epargne.
strategie                   epargne eq.   richesse med.   conso moy.    ruine            delta [IC95]     legs med.
-----------------------------------------------------------------------------------------------------------------
ACO 33/67                        10.00%         882 792       71 703    7.38%  +0.00% [+0.00%;+0.00%]     1 513 772
40/26.67/16.67/16.67 ACO         12.23%         654 486       55 249    4.66%  -2.72% [-3.21%;-2.23%]       823 944
50/33.33/20.83/20.83 ACO          9.56%         812 485       63 529    3.01%  -4.37% [-4.84%;-3.90%]     1 385 439
60/40/25/25 ACO                   7.61%       1 005 151       74 121    2.26%  -5.12% [-5.58%;-4.66%]     2 253 804
70/46.67/29.17/29.17 ACO          6.14%       1 238 711       87 710    1.91%  -5.47% [-5.93%;-5.01%]     3 516 590
80/53.33/33.33/33.33 ACO          5.02%       1 522 800      105 169    1.68%  -5.70% [-6.16%;-5.24%]     5 352 710
25/25/25/25 ACO                  13.27%         611 667       53 204    5.40%  -1.98% [-2.53%;-1.43%]       693 660
31.25/31.25/31.25/31.25 ACO      10.55%         747 853       60 421    3.94%  -3.44% [-3.96%;-2.92%]     1 122 582
37.5/37.5/37.5/37.5 ACO           8.52%         915 231       69 600    3.01%  -4.37% [-4.87%;-3.87%]     1 770 822
43.75/43.75/43.75/43.75 ACO       6.97%       1 111 112       81 317    2.58%  -4.80% [-5.30%;-4.30%]     2 737 784
50/50/50/50 ACO                   5.77%       1 347 031       96 305    2.32%  -5.06% [-5.55%;-4.57%]     4 093 075
