PANEL A -- DESIGN FIXE EX ANTE (aucun ciblage de volatilite)
Stress historique integral : aucune exclusion d'investissabilite.
strategie                  actions    oblig.       or       MF     brut   emprunt
---------------------------------------------------------------------------------
ACO 33/67                    100%*      0.0%     0.0%     0.0%   100.0%      0.0%
Stocks/I 50/50               100%*      0.0%     0.0%     0.0%   100.0%      0.0%
Actions domestiques         100%**      0.0%     0.0%     0.0%   100.0%      0.0%
ACO 33/67, change cst     100%****      0.0%     0.0%     0.0%   100.0%      0.0%
90/60 local fixe              90%*     60%**     0.0%     0.0%   150.0%     50.0%
90/60 oblig. mondiales        90%*    60%***     0.0%     0.0%   150.0%     50.0%
60/40 ACO/couvert            60.0%     40.0%     0.0%     0.0%   100.0%      0.0%
60/40 ACO + 33.33 MF         60.0%     40.0%     0.0%    33.3%   133.3%     33.3%
60/40 ACO + 33.33 Or         60.0%     40.0%    33.3%     0.0%   133.3%     33.3%
54/36/20/20 ACO              54.0%     36.0%    20.0%    20.0%   130.0%     30.0%
40/26.67/16.67/16.67 ACO     40.0%     26.7%    16.7%    16.7%   100.0%      0.0%
50/33.33/20.83/20.83 ACO     50.0%     33.3%    20.8%    20.8%   125.0%     25.0%
60/40/25/25 ACO              60.0%     40.0%    25.0%    25.0%   150.0%     50.0%
70/46.67/29.17/29.17 ACO     70.0%     46.7%    29.2%    29.2%   175.0%     75.0%
80/53.33/33.33/33.33 ACO     80.0%     53.3%    33.3%    33.3%   200.0%    100.0%
25/25/25/25 ACO              25.0%     25.0%    25.0%    25.0%   100.0%      0.0%
31.25/31.25/31.25/31.25 ACO     31.2%     31.2%    31.2%    31.2%   125.0%     25.0%
37.5/37.5/37.5/37.5 ACO      37.5%     37.5%    37.5%    37.5%   150.0%     50.0%
43.75/43.75/43.75/43.75 ACO     43.8%     43.8%    43.8%    43.8%   175.0%     75.0%
50/50/50/50 ACO              50.0%     50.0%    50.0%    50.0%   200.0%    100.0%
90/60/25/25 ACO              90.0%     60.0%    25.0%    25.0%   200.0%    100.0%
* ACO 33/67 est le portefeuille fixe optimal de la revision 2025 ;
  toutes les extensions conservent cette meme poche actions.
  Stocks/I conserve la convention historique 50/50 comme controle.
** Exposition domestique au pays de residence de la trajectoire.
*** Obligations mondiales couvertes ; bill du resident ; actions inchangees.
**** 33/67 domestique/international, change reel neutralise ; contrefactuel.

PANEL B -- MOMENTS REALISES (evaluation, jamais calibrage)
strategie                  rendement   volatilite    pct. 1 %       minimum (pays-annee)
----------------------------------------------------------------------------------------
ACO 33/67                      8.12%       25.28%     -40.36%       -84.60% (Japan 1945)
40/26.67/16.67/16.67 ACO       5.50%       15.59%     -16.30%       -86.69% (Japan 1945)
50/33.33/20.83/20.83 ACO       6.74%       19.15%     -19.48%       -85.82% (Japan 1945)
60/40/25/25 ACO                7.97%       22.78%     -22.47%       -84.95% (Japan 1945)
70/46.67/29.17/29.17 ACO       9.21%       26.47%     -26.67%       -84.09% (Japan 1945)
80/53.33/33.33/33.33 ACO      10.44%       30.19%     -29.10%       -83.22% (Japan 1945)
25/25/25/25 ACO                5.12%       14.96%     -15.52%       -86.96% (Japan 1945)
31.25/31.25/31.25/31.25 ACO       6.26%       18.33%     -17.72%       -86.16% (Japan 1945)
37.5/37.5/37.5/37.5 ACO        7.40%       21.80%     -20.18%       -85.36% (Japan 1945)
43.75/43.75/43.75/43.75 ACO       8.54%       25.31%     -22.70%       -84.56% (Japan 1945)
50/50/50/50 ACO                9.68%       28.86%     -26.14%       -83.76% (Japan 1945)

PANEL C -- CYCLE DE VIE, CRRA ET EPARGNE EQUIVALENTE
10000 trajectoires appariees ; blocs 10 ans ; spread 0.30% ; gamma 3.84
MF nets de frais 0.85%, couts 0.57% et haircut 0.00%
Obligations et MF couverts ; friction de change 0.10%
Controle revenu median : age 25 28 528  age 47 70 059

Reference d'utilite : ACO 33/67 avec 10 % d'epargne.
strategie                   epargne eq.   richesse med.   conso moy.    ruine            delta [IC95]     legs med.
-----------------------------------------------------------------------------------------------------------------
ACO 33/67                        10.00%         915 242       73 595    7.38%  +0.00% [+0.00%;+0.00%]     1 607 268
40/26.67/16.67/16.67 ACO         13.40%         621 800       53 617    5.15%  -2.23% [-2.74%;-1.72%]       725 164
50/33.33/20.83/20.83 ACO         10.31%         780 583       61 787    3.42%  -3.96% [-4.43%;-3.49%]     1 257 257
60/40/25/25 ACO                   8.09%         969 219       72 389    2.61%  -4.77% [-5.22%;-4.32%]     2 092 516
70/46.67/29.17/29.17 ACO          6.46%       1 203 170       86 214    2.15%  -5.23% [-5.68%;-4.78%]     3 383 584
80/53.33/33.33/33.33 ACO          5.22%       1 490 474      104 269    1.98%  -5.40% [-5.85%;-4.95%]     5 290 527
25/25/25/25 ACO                  14.74%         574 070       51 214    6.23%  -1.15% [-1.72%;-0.58%]       589 856
31.25/31.25/31.25/31.25 ACO      11.56%         701 617       58 046    4.35%  -3.03% [-3.56%;-2.50%]       979 047
37.5/37.5/37.5/37.5 ACO           9.26%         862 240       66 803    3.37%  -4.01% [-4.51%;-3.51%]     1 569 182
43.75/43.75/43.75/43.75 ACO       7.52%       1 048 885       78 087    2.92%  -4.46% [-4.95%;-3.97%]     2 451 814
50/50/50/50 ACO                   6.20%       1 278 863       92 678    2.60%  -4.78% [-5.27%;-4.29%]     3 713 116
