PANEL A -- DESIGN FIXE EX ANTE (aucun ciblage de volatilite)
Stress historique integral : aucune exclusion d'investissabilite.
strategie                  actions    oblig.       or       MF     brut   emprunt
---------------------------------------------------------------------------------
ACO 33/67                    100%*      0.0%     0.0%     0.0%   100.0%      0.0%
Stocks/I 50/50               100%*      0.0%     0.0%     0.0%   100.0%      0.0%
Actions domestiques         100%**      0.0%     0.0%     0.0%   100.0%      0.0%
ACO 33/67, change cst     100%****      0.0%     0.0%     0.0%   100.0%      0.0%
90/60 local fixe              90%*     60%**     0.0%     0.0%   150.0%     50.0%
90/60 oblig. mondiales        90%*    60%***     0.0%     0.0%   150.0%     50.0%
60/40 ACO/couvert            60.0%     40.0%     0.0%     0.0%   100.0%      0.0%
60/40 ACO + 33.33 MF         60.0%     40.0%     0.0%    33.3%   133.3%     33.3%
60/40 ACO + 33.33 Or         60.0%     40.0%    33.3%     0.0%   133.3%     33.3%
54/36/20/20 ACO              54.0%     36.0%    20.0%    20.0%   130.0%     30.0%
40/26.67/16.67/16.67 ACO     40.0%     26.7%    16.7%    16.7%   100.0%      0.0%
50/33.33/20.83/20.83 ACO     50.0%     33.3%    20.8%    20.8%   125.0%     25.0%
60/40/25/25 ACO              60.0%     40.0%    25.0%    25.0%   150.0%     50.0%
70/46.67/29.17/29.17 ACO     70.0%     46.7%    29.2%    29.2%   175.0%     75.0%
80/53.33/33.33/33.33 ACO     80.0%     53.3%    33.3%    33.3%   200.0%    100.0%
25/25/25/25 ACO              25.0%     25.0%    25.0%    25.0%   100.0%      0.0%
31.25/31.25/31.25/31.25 ACO     31.2%     31.2%    31.2%    31.2%   125.0%     25.0%
37.5/37.5/37.5/37.5 ACO      37.5%     37.5%    37.5%    37.5%   150.0%     50.0%
43.75/43.75/43.75/43.75 ACO     43.8%     43.8%    43.8%    43.8%   175.0%     75.0%
50/50/50/50 ACO              50.0%     50.0%    50.0%    50.0%   200.0%    100.0%
90/60/25/25 ACO              90.0%     60.0%    25.0%    25.0%   200.0%    100.0%
* ACO 33/67 est le portefeuille fixe optimal de la revision 2025 ;
  toutes les extensions conservent cette meme poche actions.
  Stocks/I conserve la convention historique 50/50 comme controle.
** Exposition domestique au pays de residence de la trajectoire.
*** Obligations mondiales couvertes ; bill du resident ; actions inchangees.
**** 33/67 domestique/international, change reel neutralise ; contrefactuel.

PANEL B -- MOMENTS REALISES (evaluation, jamais calibrage)
strategie                  rendement   volatilite    pct. 1 %       minimum (pays-annee)
----------------------------------------------------------------------------------------
ACO 33/67                      8.12%       17.03%     -38.40%    -46.80% (Portugal 1974)
40/26.67/16.67/16.67 ACO       5.78%        8.97%     -12.36%    -25.76% (Portugal 1974)
50/33.33/20.83/20.83 ACO       6.89%       10.96%     -15.18%    -26.81% (Portugal 1974)
60/40/25/25 ACO                7.99%       13.01%     -17.96%    -27.86% (Portugal 1974)
70/46.67/29.17/29.17 ACO       9.09%       15.09%     -20.95%    -32.58% (Portugal 1990)
80/53.33/33.33/33.33 ACO      10.20%       17.20%     -24.78%    -37.72% (Portugal 1990)
25/25/25/25 ACO                5.42%        8.53%     -12.04%    -18.00% (Portugal 1974)
31.25/31.25/31.25/31.25 ACO       6.44%       10.41%     -14.04%    -19.96% (Portugal 1990)
37.5/37.5/37.5/37.5 ACO        7.45%       12.34%     -16.16%    -24.63% (Portugal 1990)
43.75/43.75/43.75/43.75 ACO       8.46%       14.31%     -19.52%    -29.30% (Portugal 1990)
50/50/50/50 ACO                9.48%       16.31%     -23.24%    -33.97% (Portugal 1990)

PANEL C -- CYCLE DE VIE, CRRA ET EPARGNE EQUIVALENTE
10000 trajectoires appariees ; blocs 10 ans ; spread 0.30% ; gamma 3.84
MF nets de frais 0.85%, couts 0.57% et haircut 0.00%
Obligations et MF couverts ; friction de change 0.10%
Controle revenu median : age 25 28 480  age 47 68 284

Reference d'utilite : ACO 33/67 avec 10 % d'epargne.
strategie                   epargne eq.   richesse med.   conso moy.    ruine            delta [IC95]     legs med.
-----------------------------------------------------------------------------------------------------------------
ACO 33/67                        10.00%         947 810       74 724    6.04%  +0.00% [+0.00%;+0.00%]     1 737 560
40/26.67/16.67/16.67 ACO         10.03%         795 718       61 758    0.88%  -5.16% [-5.61%;-4.71%]     1 346 910
50/33.33/20.83/20.83 ACO          8.06%         981 772       71 340    0.47%  -5.57% [-6.03%;-5.11%]     2 184 617
60/40/25/25 ACO                   6.57%       1 203 043       83 465    0.29%  -5.75% [-6.21%;-5.29%]     3 456 876
70/46.67/29.17/29.17 ACO          5.43%       1 470 460       98 821    0.33%  -5.71% [-6.17%;-5.25%]     5 289 553
80/53.33/33.33/33.33 ACO          4.54%       1 782 645      118 248    0.43%  -5.61% [-6.07%;-5.15%]     7 860 919
25/25/25/25 ACO                  10.47%         763 158       60 375    0.80%  -5.24% [-5.71%;-4.77%]     1 223 944
31.25/31.25/31.25/31.25 ACO       8.48%         935 920       69 325    0.50%  -5.54% [-6.01%;-5.07%]     1 986 708
37.5/37.5/37.5/37.5 ACO           6.94%       1 144 211       80 683    0.40%  -5.64% [-6.11%;-5.17%]     3 095 448
43.75/43.75/43.75/43.75 ACO       5.74%       1 384 689       95 124    0.40%  -5.64% [-6.11%;-5.17%]     4 728 999
50/50/50/50 ACO                   4.81%       1 678 541      113 506    0.43%  -5.61% [-6.09%;-5.13%]     7 014 530
