PANEL A -- DESIGN FIXE EX ANTE (aucun ciblage de volatilite)
Stress historique integral : aucune exclusion d'investissabilite.
strategie                  actions    oblig.       or       MF     brut   emprunt
---------------------------------------------------------------------------------
ACO 33/67                    100%*      0.0%     0.0%     0.0%   100.0%      0.0%
Stocks/I 50/50               100%*      0.0%     0.0%     0.0%   100.0%      0.0%
Actions domestiques         100%**      0.0%     0.0%     0.0%   100.0%      0.0%
ACO 33/67, change cst     100%****      0.0%     0.0%     0.0%   100.0%      0.0%
90/60 local fixe              90%*     60%**     0.0%     0.0%   150.0%     50.0%
90/60 oblig. mondiales        90%*    60%***     0.0%     0.0%   150.0%     50.0%
60/40 ACO/couvert            60.0%     40.0%     0.0%     0.0%   100.0%      0.0%
60/40 ACO + 33.33 MF         60.0%     40.0%     0.0%    33.3%   133.3%     33.3%
60/40 ACO + 33.33 Or         60.0%     40.0%    33.3%     0.0%   133.3%     33.3%
54/36/20/20 ACO              54.0%     36.0%    20.0%    20.0%   130.0%     30.0%
40/26.67/16.67/16.67 ACO     40.0%     26.7%    16.7%    16.7%   100.0%      0.0%
50/33.33/20.83/20.83 ACO     50.0%     33.3%    20.8%    20.8%   125.0%     25.0%
60/40/25/25 ACO              60.0%     40.0%    25.0%    25.0%   150.0%     50.0%
70/46.67/29.17/29.17 ACO     70.0%     46.7%    29.2%    29.2%   175.0%     75.0%
80/53.33/33.33/33.33 ACO     80.0%     53.3%    33.3%    33.3%   200.0%    100.0%
25/25/25/25 ACO              25.0%     25.0%    25.0%    25.0%   100.0%      0.0%
31.25/31.25/31.25/31.25 ACO     31.2%     31.2%    31.2%    31.2%   125.0%     25.0%
37.5/37.5/37.5/37.5 ACO      37.5%     37.5%    37.5%    37.5%   150.0%     50.0%
43.75/43.75/43.75/43.75 ACO     43.8%     43.8%    43.8%    43.8%   175.0%     75.0%
50/50/50/50 ACO              50.0%     50.0%    50.0%    50.0%   200.0%    100.0%
90/60/25/25 ACO              90.0%     60.0%    25.0%    25.0%   200.0%    100.0%
* ACO 33/67 est le portefeuille fixe optimal de la revision 2025 ;
  toutes les extensions conservent cette meme poche actions.
  Stocks/I conserve la convention historique 50/50 comme controle.
** Exposition domestique au pays de residence de la trajectoire.
*** Obligations mondiales couvertes ; bill du resident ; actions inchangees.
**** 33/67 domestique/international, change reel neutralise ; contrefactuel.

PANEL B -- MOMENTS REALISES (evaluation, jamais calibrage)
strategie                  rendement   volatilite    pct. 1 %       minimum (pays-annee)
----------------------------------------------------------------------------------------
ACO 33/67                      7.79%       17.24%     -40.65%    -46.80% (Portugal 1974)
ACO 33/67 125%                 9.48%       21.41%     -50.34%       -57.10% (Japan 2008)
ACO 33/67 150%                11.17%       25.59%     -59.96%       -68.39% (Japan 2008)
ACO 33/67 175%                12.87%       29.79%     -69.62%       -79.69% (Japan 2008)
ACO 33/67 200%                14.56%       34.00%     -79.29%       -90.99% (Japan 2008)
40/26.67/16.67/16.67 ACO       5.92%        8.70%     -12.46%    -25.76% (Portugal 1974)
50/33.33/20.83/20.83 ACO       7.14%       10.67%     -15.84%    -26.81% (Portugal 1974)
60/40/25/25 ACO                8.36%       12.68%     -20.28%    -27.86% (Portugal 1974)
70/46.67/29.17/29.17 ACO       9.59%       14.72%     -24.70%    -32.58% (Portugal 1990)
80/53.33/33.33/33.33 ACO      10.81%       16.78%     -29.03%    -37.72% (Portugal 1990)
25/25/25/25 ACO                5.74%        8.27%     -11.92%    -18.00% (Portugal 1974)
31.25/31.25/31.25/31.25 ACO       6.91%       10.19%     -14.56%    -19.96% (Portugal 1990)
37.5/37.5/37.5/37.5 ACO        8.09%       12.16%     -18.33%    -24.63% (Portugal 1990)
43.75/43.75/43.75/43.75 ACO       9.27%       14.15%     -21.56%    -29.30% (Portugal 1990)
50/50/50/50 ACO               10.45%       16.16%     -25.50%    -33.97% (Portugal 1990)

PANEL C -- CYCLE DE VIE, CRRA ET EPARGNE EQUIVALENTE
10000 trajectoires appariees ; blocs 10 ans ; spread 0.30% ; gamma 3.84
MF nets de frais 0.85%, couts 0.57% et haircut 0.00%
Obligations et MF couverts ; friction de change 0.10%
Controle revenu median : age 25 28 469  age 47 68 899

Reference d'utilite : ACO 33/67 avec 10 % d'epargne.
strategie                   epargne eq.   richesse med.   conso moy.    ruine            delta [IC95]     legs med.
-----------------------------------------------------------------------------------------------------------------
ACO 33/67                        10.00%         915 170       73 583    6.67%  +0.00% [+0.00%;+0.00%]     1 528 315
ACO 33/67 125%                    9.05%       1 128 732       91 616    8.41%  +1.74% [+1.47%;+2.01%]     2 303 419
ACO 33/67 150%                    9.42%       1 338 415      114 338   11.68%  +5.01% [+4.57%;+5.45%]     2 994 074
ACO 33/67 175%                   12.51%       1 479 910      141 319   16.16%  +9.49% [+8.91%;+10.07%]     3 066 580
ACO 33/67 200%                   29.86%       1 482 184      170 910   23.67%  +17.00% [+16.26%;+17.74%]     2 275 142
40/26.67/16.67/16.67 ACO         10.07%         751 455       58 874    0.49%  -6.18% [-6.65%;-5.71%]     1 151 258
50/33.33/20.83/20.83 ACO          7.73%         959 931       68 981    0.14%  -6.53% [-7.01%;-6.05%]     2 082 652
60/40/25/25 ACO                   5.99%       1 227 468       82 206    0.11%  -6.56% [-7.05%;-6.07%]     3 582 629
70/46.67/29.17/29.17 ACO          4.69%       1 558 671       99 518    0.11%  -6.56% [-7.05%;-6.07%]     6 016 908
80/53.33/33.33/33.33 ACO          3.71%       1 976 634      122 167    0.16%  -6.51% [-7.00%;-6.02%]     9 700 942
25/25/25/25 ACO                  10.35%         725 996       57 379    0.11%  -6.56% [-7.05%;-6.07%]     1 093 472
31.25/31.25/31.25/31.25 ACO       8.04%         928 546       66 852    0.07%  -6.60% [-7.09%;-6.11%]     1 942 652
37.5/37.5/37.5/37.5 ACO           6.28%       1 182 219       79 387    0.09%  -6.58% [-7.07%;-6.09%]     3 298 790
43.75/43.75/43.75/43.75 ACO       4.95%       1 498 656       96 021    0.12%  -6.55% [-7.04%;-6.06%]     5 467 201
50/50/50/50 ACO                   3.95%       1 877 169      118 138    0.21%  -6.46% [-6.96%;-5.96%]     8 823 171
