PANEL A -- DESIGN FIXE EX ANTE (aucun ciblage de volatilite)
Stress historique integral : aucune exclusion d'investissabilite.
strategie                  actions    oblig.       or       MF     brut   emprunt
---------------------------------------------------------------------------------
ACO 33/67                    100%*      0.0%     0.0%     0.0%   100.0%      0.0%
ACO 33/67 125%              125.0%      0.0%     0.0%     0.0%   125.0%     25.0%
ACO 33/67 150%              150.0%      0.0%     0.0%     0.0%   150.0%     50.0%
ACO 33/67 175%              175.0%      0.0%     0.0%     0.0%   175.0%     75.0%
ACO 33/67 200%              200.0%      0.0%     0.0%     0.0%   200.0%    100.0%
Stocks/I 50/50               100%*      0.0%     0.0%     0.0%   100.0%      0.0%
Actions domestiques         100%**      0.0%     0.0%     0.0%   100.0%      0.0%
ACO 33/67, change cst     100%****      0.0%     0.0%     0.0%   100.0%      0.0%
90/60 local fixe              90%*     60%**     0.0%     0.0%   150.0%     50.0%
90/60 oblig. mondiales        90%*    60%***     0.0%     0.0%   150.0%     50.0%
60/40 ACO/couvert            60.0%     40.0%     0.0%     0.0%   100.0%      0.0%
60/40 ACO + 33.33 MF         60.0%     40.0%     0.0%    33.3%   133.3%     33.3%
60/40 ACO + 33.33 Or         60.0%     40.0%    33.3%     0.0%   133.3%     33.3%
54/36/20/20 ACO              54.0%     36.0%    20.0%    20.0%   130.0%     30.0%
40/26.67/16.67/16.67 ACO     40.0%     26.7%    16.7%    16.7%   100.0%      0.0%
50/33.33/20.83/20.83 ACO     50.0%     33.3%    20.8%    20.8%   125.0%     25.0%
60/40/25/25 ACO              60.0%     40.0%    25.0%    25.0%   150.0%     50.0%
70/46.67/29.17/29.17 ACO     70.0%     46.7%    29.2%    29.2%   175.0%     75.0%
80/53.33/33.33/33.33 ACO     80.0%     53.3%    33.3%    33.3%   200.0%    100.0%
25/25/25/25 ACO              25.0%     25.0%    25.0%    25.0%   100.0%      0.0%
31.25/31.25/31.25/31.25 ACO     31.2%     31.2%    31.2%    31.2%   125.0%     25.0%
37.5/37.5/37.5/37.5 ACO      37.5%     37.5%    37.5%    37.5%   150.0%     50.0%
43.75/43.75/43.75/43.75 ACO     43.8%     43.8%    43.8%    43.8%   175.0%     75.0%
50/50/50/50 ACO              50.0%     50.0%    50.0%    50.0%   200.0%    100.0%
90/60/25/25 ACO              90.0%     60.0%    25.0%    25.0%   200.0%    100.0%
* ACO 33/67 est le portefeuille fixe optimal de la revision 2025 ;
  toutes les extensions conservent cette meme poche actions.
  Stocks/I conserve la convention historique 50/50 comme controle.
** Exposition domestique au pays de residence de la trajectoire.
*** Obligations mondiales couvertes ; bill du resident ; actions inchangees.
**** 33/67 domestique/international, change reel neutralise ; contrefactuel.

PANEL B -- MOMENTS REALISES (evaluation, jamais calibrage)
strategie                  rendement   volatilite    pct. 1 %       minimum (pays-annee)
----------------------------------------------------------------------------------------
ACO 33/67                      7.59%       17.44%     -39.42%       -84.60% (Japan 1945)
ACO 33/67 125%                 9.32%       21.50%     -48.19%       -83.21% (Japan 1945)
ACO 33/67 150%                11.06%       25.63%     -57.49%       -81.82% (Japan 1945)
ACO 33/67 175%                12.80%       29.81%     -66.32%       -80.44% (Japan 1945)
ACO 33/67 200%                14.54%       34.01%     -75.75%       -90.99% (Japan 2008)
40/26.67/16.67/16.67 ACO       5.32%       10.26%     -15.83%       -86.70% (Japan 1945)
50/33.33/20.83/20.83 ACO       6.50%       12.17%     -18.39%       -85.83% (Japan 1945)
60/40/25/25 ACO                7.67%       14.19%     -21.00%       -84.97% (Japan 1945)
70/46.67/29.17/29.17 ACO       8.84%       16.28%     -23.84%       -84.10% (Japan 1945)
80/53.33/33.33/33.33 ACO      10.02%       18.41%     -26.84%       -83.24% (Japan 1945)
25/25/25/25 ACO                5.03%       10.09%     -15.22%       -86.97% (Japan 1945)
31.25/31.25/31.25/31.25 ACO       6.13%       11.93%     -15.52%       -86.17% (Japan 1945)
37.5/37.5/37.5/37.5 ACO        7.23%       13.89%     -18.70%       -85.37% (Japan 1945)
43.75/43.75/43.75/43.75 ACO       8.34%       15.92%     -21.10%       -84.58% (Japan 1945)
50/50/50/50 ACO                9.44%       18.00%     -23.89%       -83.78% (Japan 1945)

PANEL C -- CYCLE DE VIE, CRRA ET EPARGNE EQUIVALENTE
10000 trajectoires appariees ; blocs 10 ans ; spread 0.30% ; gamma 3.84
MF nets de frais 0.85%, couts 0.61% et haircut 0.00%
Obligations et MF couverts ; friction de change 0.10%
Controle revenu median : age 25 28 469  age 47 69 098

Reference d'utilite : ACO 33/67 avec 10 % d'epargne.
strategie                   epargne eq.   richesse med.   conso moy.    ruine            delta [IC95]     legs med.
-----------------------------------------------------------------------------------------------------------------
ACO 33/67                        10.00%         882 853       71 735    7.38%  +0.00% [+0.00%;+0.00%]     1 518 043
ACO 33/67 125%                    8.80%       1 108 758       90 266    8.81%  +1.43% [+1.13%;+1.73%]     2 331 530
ACO 33/67 150%                    8.78%       1 329 302      115 323   12.01%  +4.63% [+4.17%;+5.09%]     3 146 815
ACO 33/67 175%                   10.74%       1 508 012      148 053   16.09%  +8.71% [+8.12%;+9.30%]     3 567 557
ACO 33/67 200%                   19.10%       1 604 923      187 646   21.71%  +14.33% [+13.61%;+15.05%]     3 118 494
40/26.67/16.67/16.67 ACO         11.82%         676 093       56 411    4.46%  -2.92% [-3.41%;-2.43%]       892 913
50/33.33/20.83/20.83 ACO          9.17%         846 774       65 407    2.80%  -4.58% [-5.05%;-4.11%]     1 535 882
60/40/25/25 ACO                   7.23%       1 056 368       77 035    2.15%  -5.23% [-5.69%;-4.77%]     2 516 517
70/46.67/29.17/29.17 ACO          5.78%       1 316 435       92 105    1.81%  -5.57% [-6.03%;-5.11%]     4 006 002
80/53.33/33.33/33.33 ACO          4.68%       1 626 341      111 636    1.57%  -5.81% [-6.27%;-5.35%]     6 253 216
25/25/25/25 ACO                  12.62%         643 172       54 818    5.08%  -2.30% [-2.85%;-1.75%]       791 921
31.25/31.25/31.25/31.25 ACO       9.90%         796 363       62 986    3.71%  -3.67% [-4.19%;-3.15%]     1 316 609
37.5/37.5/37.5/37.5 ACO           7.90%         985 076       73 519    2.87%  -4.51% [-5.01%;-4.01%]     2 132 513
43.75/43.75/43.75/43.75 ACO       6.38%       1 216 031       87 146    2.36%  -5.02% [-5.51%;-4.53%]     3 368 681
50/50/50/50 ACO                   5.21%       1 491 547      104 808    2.02%  -5.36% [-5.85%;-4.87%]     5 130 201
