PANEL A -- DESIGN FIXE EX ANTE (aucun ciblage de volatilite)
Stress historique integral : aucune exclusion d'investissabilite.
strategie                  actions    oblig.       or       MF     brut   emprunt
---------------------------------------------------------------------------------
ACO 33/67                    100%*      0.0%     0.0%     0.0%   100.0%      0.0%
ACO 33/67 125%              125.0%      0.0%     0.0%     0.0%   125.0%     25.0%
ACO 33/67 150%              150.0%      0.0%     0.0%     0.0%   150.0%     50.0%
ACO 33/67 175%              175.0%      0.0%     0.0%     0.0%   175.0%     75.0%
ACO 33/67 200%              200.0%      0.0%     0.0%     0.0%   200.0%    100.0%
Stocks/I 50/50               100%*      0.0%     0.0%     0.0%   100.0%      0.0%
Actions domestiques         100%**      0.0%     0.0%     0.0%   100.0%      0.0%
ACO 33/67, change cst     100%****      0.0%     0.0%     0.0%   100.0%      0.0%
90/60 local fixe              90%*     60%**     0.0%     0.0%   150.0%     50.0%
90/60 oblig. mondiales        90%*    60%***     0.0%     0.0%   150.0%     50.0%
60/40 ACO/couvert            60.0%     40.0%     0.0%     0.0%   100.0%      0.0%
60/40 ACO + 33.33 MF         60.0%     40.0%     0.0%    33.3%   133.3%     33.3%
60/40 ACO + 33.33 Or         60.0%     40.0%    33.3%     0.0%   133.3%     33.3%
54/36/20/20 ACO              54.0%     36.0%    20.0%    20.0%   130.0%     30.0%
40/26.67/16.67/16.67 ACO     40.0%     26.7%    16.7%    16.7%   100.0%      0.0%
50/33.33/20.83/20.83 ACO     50.0%     33.3%    20.8%    20.8%   125.0%     25.0%
60/40/25/25 ACO              60.0%     40.0%    25.0%    25.0%   150.0%     50.0%
70/46.67/29.17/29.17 ACO     70.0%     46.7%    29.2%    29.2%   175.0%     75.0%
80/53.33/33.33/33.33 ACO     80.0%     53.3%    33.3%    33.3%   200.0%    100.0%
25/25/25/25 ACO              25.0%     25.0%    25.0%    25.0%   100.0%      0.0%
31.25/31.25/31.25/31.25 ACO     31.2%     31.2%    31.2%    31.2%   125.0%     25.0%
37.5/37.5/37.5/37.5 ACO      37.5%     37.5%    37.5%    37.5%   150.0%     50.0%
43.75/43.75/43.75/43.75 ACO     43.8%     43.8%    43.8%    43.8%   175.0%     75.0%
50/50/50/50 ACO              50.0%     50.0%    50.0%    50.0%   200.0%    100.0%
90/60/25/25 ACO              90.0%     60.0%    25.0%    25.0%   200.0%    100.0%
* ACO 33/67 est le portefeuille fixe optimal de la revision 2025 ;
  toutes les extensions conservent cette meme poche actions.
  Stocks/I conserve la convention historique 50/50 comme controle.
** Exposition domestique au pays de residence de la trajectoire.
*** Obligations mondiales couvertes ; bill du resident ; actions inchangees.
**** 33/67 domestique/international, change reel neutralise ; contrefactuel.

PANEL B -- MOMENTS REALISES (evaluation, jamais calibrage)
strategie                  rendement   volatilite    pct. 1 %       minimum (pays-annee)
----------------------------------------------------------------------------------------
ACO 33/67                      8.08%       25.76%     -40.51%       -84.59% (Japan 1945)
ACO 33/67 125%                 9.96%       32.07%     -48.46%       -83.20% (Japan 1945)
ACO 33/67 150%                11.85%       38.44%     -58.06%       -81.81% (Japan 1945)
ACO 33/67 175%                13.73%       44.83%     -66.51%       -80.42% (Japan 1945)
ACO 33/67 200%                15.62%       51.25%     -76.03%       -90.89% (Japan 2008)
40/26.67/16.67/16.67 ACO       5.47%       15.95%     -16.89%       -86.70% (Japan 1945)
50/33.33/20.83/20.83 ACO       6.70%       19.59%     -19.46%       -85.83% (Japan 1945)
60/40/25/25 ACO                7.94%       23.31%     -22.56%       -84.97% (Japan 1945)
70/46.67/29.17/29.17 ACO       9.17%       27.09%     -26.73%       -84.10% (Japan 1945)
80/53.33/33.33/33.33 ACO      10.40%       30.90%     -29.16%       -83.24% (Japan 1945)
25/25/25/25 ACO                5.09%       15.29%     -15.91%       -86.97% (Japan 1945)
31.25/31.25/31.25/31.25 ACO       6.23%       18.74%     -17.76%       -86.17% (Japan 1945)
37.5/37.5/37.5/37.5 ACO        7.37%       22.29%     -20.23%       -85.37% (Japan 1945)
43.75/43.75/43.75/43.75 ACO       8.51%       25.89%     -22.83%       -84.57% (Japan 1945)
50/50/50/50 ACO                9.65%       29.52%     -26.18%       -83.78% (Japan 1945)

PANEL C -- CYCLE DE VIE, CRRA ET EPARGNE EQUIVALENTE
5000 trajectoires appariees ; blocs 10 ans ; spread 0.30% ; gamma 3.84
MF nets de frais 0.85%, couts 0.57% et haircut 0.00%
Obligations et MF couverts ; friction de change 0.10%
Controle revenu median : age 25 28 450  age 47 69 454

Reference d'utilite : ACO 33/67 avec 10 % d'epargne.
strategie                   epargne eq.   richesse med.   conso moy.    ruine            delta [IC95]     legs med.
-----------------------------------------------------------------------------------------------------------------
ACO 33/67                        10.00%         859 790       72 233    7.76%  +0.00% [+0.00%;+0.00%]     1 425 703
ACO 33/67 125%                    8.62%       1 087 199       92 043    9.22%  +1.46% [+1.04%;+1.88%]     2 321 671
ACO 33/67 150%                    8.42%       1 333 153      119 118   11.82%  +4.06% [+3.42%;+4.70%]     3 161 226
ACO 33/67 175%                    9.90%       1 543 249      155 191   16.12%  +8.36% [+7.51%;+9.21%]     3 704 084
ACO 33/67 200%                   16.41%       1 637 703      200 379   22.38%  +14.62% [+13.57%;+15.67%]     3 238 522
40/26.67/16.67/16.67 ACO         12.65%         635 720       54 709    5.88%  -1.88% [-2.58%;-1.18%]       778 272
50/33.33/20.83/20.83 ACO          9.77%         789 999       63 040    3.98%  -3.78% [-4.43%;-3.13%]     1 307 826
60/40/25/25 ACO                   7.73%         976 514       73 729    3.10%  -4.66% [-5.30%;-4.02%]     2 110 756
70/46.67/29.17/29.17 ACO          6.22%       1 197 380       87 488    2.68%  -5.08% [-5.73%;-4.43%]     3 319 059
80/53.33/33.33/33.33 ACO          5.08%       1 473 595      105 233    2.52%  -5.24% [-5.89%;-4.59%]     5 129 124
25/25/25/25 ACO                  13.82%         601 307       52 638    6.86%  -0.90% [-1.70%;-0.10%]       647 133
31.25/31.25/31.25/31.25 ACO      10.86%         733 793       59 844    4.80%  -2.96% [-3.69%;-2.23%]     1 054 748
37.5/37.5/37.5/37.5 ACO           8.72%         895 419       69 018    3.66%  -4.10% [-4.80%;-3.40%]     1 666 822
43.75/43.75/43.75/43.75 ACO       7.13%       1 086 774       80 735    3.02%  -4.74% [-5.43%;-4.05%]     2 579 640
50/50/50/50 ACO                   5.89%       1 323 598       95 739    2.86%  -4.90% [-5.59%;-4.21%]     3 901 973
