PANEL A -- DESIGN FIXE EX ANTE (aucun ciblage de volatilite)
Stress historique integral : aucune exclusion d'investissabilite.
strategie                  actions    oblig.       or       MF     brut   emprunt
---------------------------------------------------------------------------------
ACO 33/67                    100%*      0.0%     0.0%     0.0%   100.0%      0.0%
ACO 33/67 125%              125.0%      0.0%     0.0%     0.0%   125.0%     25.0%
ACO 33/67 150%              150.0%      0.0%     0.0%     0.0%   150.0%     50.0%
ACO 33/67 175%              175.0%      0.0%     0.0%     0.0%   175.0%     75.0%
ACO 33/67 200%              200.0%      0.0%     0.0%     0.0%   200.0%    100.0%
Stocks/I 50/50               100%*      0.0%     0.0%     0.0%   100.0%      0.0%
Actions domestiques         100%**      0.0%     0.0%     0.0%   100.0%      0.0%
ACO 33/67, change cst     100%****      0.0%     0.0%     0.0%   100.0%      0.0%
90/60 local fixe              90%*     60%**     0.0%     0.0%   150.0%     50.0%
90/60 oblig. mondiales        90%*    60%***     0.0%     0.0%   150.0%     50.0%
60/40 ACO/couvert            60.0%     40.0%     0.0%     0.0%   100.0%      0.0%
60/40 ACO + 33.33 MF         60.0%     40.0%     0.0%    33.3%   133.3%     33.3%
60/40 ACO + 33.33 Or         60.0%     40.0%    33.3%     0.0%   133.3%     33.3%
54/36/20/20 ACO              54.0%     36.0%    20.0%    20.0%   130.0%     30.0%
40/26.67/16.67/16.67 ACO     40.0%     26.7%    16.7%    16.7%   100.0%      0.0%
50/33.33/20.83/20.83 ACO     50.0%     33.3%    20.8%    20.8%   125.0%     25.0%
60/40/25/25 ACO              60.0%     40.0%    25.0%    25.0%   150.0%     50.0%
70/46.67/29.17/29.17 ACO     70.0%     46.7%    29.2%    29.2%   175.0%     75.0%
80/53.33/33.33/33.33 ACO     80.0%     53.3%    33.3%    33.3%   200.0%    100.0%
25/25/25/25 ACO              25.0%     25.0%    25.0%    25.0%   100.0%      0.0%
31.25/31.25/31.25/31.25 ACO     31.2%     31.2%    31.2%    31.2%   125.0%     25.0%
37.5/37.5/37.5/37.5 ACO      37.5%     37.5%    37.5%    37.5%   150.0%     50.0%
43.75/43.75/43.75/43.75 ACO     43.8%     43.8%    43.8%    43.8%   175.0%     75.0%
50/50/50/50 ACO              50.0%     50.0%    50.0%    50.0%   200.0%    100.0%
90/60/25/25 ACO              90.0%     60.0%    25.0%    25.0%   200.0%    100.0%
* ACO 33/67 est le portefeuille fixe optimal de la revision 2025 ;
  toutes les extensions conservent cette meme poche actions.
  Stocks/I conserve la convention historique 50/50 comme controle.
** Exposition domestique au pays de residence de la trajectoire.
*** Obligations mondiales couvertes ; bill du resident ; actions inchangees.
**** 33/67 domestique/international, change reel neutralise ; contrefactuel.

PANEL B -- MOMENTS REALISES (evaluation, jamais calibrage)
strategie                  rendement   volatilite    pct. 1 %       minimum (pays-annee)
----------------------------------------------------------------------------------------
ACO 33/67                      8.27%       25.16%     -39.90%       -84.60% (Japan 1945)
ACO 33/67 125%                10.17%       31.30%     -48.40%       -83.21% (Japan 1945)
ACO 33/67 150%                12.07%       37.49%     -57.69%       -81.82% (Japan 1945)
ACO 33/67 175%                13.96%       43.71%     -66.10%       -80.44% (Japan 1945)
ACO 33/67 200%                15.86%       49.95%     -75.65%       -90.84% (Japan 2008)
40/26.67/16.67/16.67 ACO       5.59%       15.38%     -15.97%       -86.68% (Japan 1945)
50/33.33/20.83/20.83 ACO       6.82%       18.85%     -18.25%       -85.80% (Japan 1945)
60/40/25/25 ACO                8.05%       22.40%     -21.95%       -84.93% (Japan 1945)
70/46.67/29.17/29.17 ACO       9.27%       26.01%     -25.17%       -84.06% (Japan 1945)
80/53.33/33.33/33.33 ACO      10.50%       29.64%     -28.65%       -83.19% (Japan 1945)
25/25/25/25 ACO                5.19%       14.66%     -14.78%       -86.94% (Japan 1945)
31.25/31.25/31.25/31.25 ACO       6.31%       17.92%     -16.83%       -86.14% (Japan 1945)
37.5/37.5/37.5/37.5 ACO        7.44%       21.28%     -19.35%       -85.34% (Japan 1945)
43.75/43.75/43.75/43.75 ACO       8.56%       24.68%     -21.86%       -84.53% (Japan 1945)
50/50/50/50 ACO                9.69%       28.11%     -25.42%       -83.73% (Japan 1945)

PANEL C -- CYCLE DE VIE, CRRA ET EPARGNE EQUIVALENTE
5000 trajectoires appariees ; blocs 10 ans ; spread 0.30% ; gamma 3.84
MF nets de frais 0.85%, couts 0.57% et haircut 0.00%
Obligations et MF couverts ; friction de change 0.10%
Controle revenu median : age 25 28 553  age 47 68 891

Reference d'utilite : ACO 33/67 avec 10 % d'epargne.
strategie                   epargne eq.   richesse med.   conso moy.    ruine            delta [IC95]     legs med.
-----------------------------------------------------------------------------------------------------------------
ACO 33/67                        10.00%         932 073       73 756    7.18%  +0.00% [+0.00%;+0.00%]     1 676 968
ACO 33/67 125%                    8.52%       1 202 228       94 362    8.74%  +1.56% [+1.15%;+1.97%]     2 676 590
ACO 33/67 150%                    8.22%       1 483 241      122 872   11.62%  +4.44% [+3.81%;+5.07%]     3 756 973
ACO 33/67 175%                    9.55%       1 724 394      161 169   15.18%  +8.00% [+7.18%;+8.82%]     4 484 645
ACO 33/67 200%                   15.39%       1 865 190      211 184   20.40%  +13.22% [+12.21%;+14.23%]     4 074 938
40/26.67/16.67/16.67 ACO         13.10%         663 228       55 346    4.94%  -2.24% [-2.91%;-1.57%]       840 634
50/33.33/20.83/20.83 ACO         10.11%         829 974       63 786    3.28%  -3.90% [-4.52%;-3.28%]     1 431 174
60/40/25/25 ACO                   7.97%       1 043 152       74 635    2.74%  -4.44% [-5.06%;-3.82%]     2 345 621
70/46.67/29.17/29.17 ACO          6.36%       1 294 004       88 607    2.28%  -4.90% [-5.52%;-4.28%]     3 780 594
80/53.33/33.33/33.33 ACO          5.15%       1 594 672      106 598    1.96%  -5.22% [-5.85%;-4.59%]     5 802 395
25/25/25/25 ACO                  14.55%         612 519       53 090    6.04%  -1.14% [-1.91%;-0.37%]       696 575
31.25/31.25/31.25/31.25 ACO      11.44%         754 120       60 334    4.14%  -3.04% [-3.74%;-2.34%]     1 143 017
37.5/37.5/37.5/37.5 ACO           9.17%         922 735       69 558    3.34%  -3.84% [-4.52%;-3.16%]     1 820 992
43.75/43.75/43.75/43.75 ACO       7.47%       1 121 599       81 350    2.86%  -4.32% [-5.00%;-3.64%]     2 856 596
50/50/50/50 ACO                   6.16%       1 351 811       96 444    2.62%  -4.56% [-5.24%;-3.88%]     4 287 259
