PANEL A -- DESIGN FIXE EX ANTE (aucun ciblage de volatilite)
Stress historique integral : aucune exclusion d'investissabilite.
strategie                  actions    oblig.       or       MF     brut   emprunt
---------------------------------------------------------------------------------
ACO 33/67                    100%*      0.0%     0.0%     0.0%   100.0%      0.0%
ACO 33/67 125%              125.0%      0.0%     0.0%     0.0%   125.0%     25.0%
ACO 33/67 150%              150.0%      0.0%     0.0%     0.0%   150.0%     50.0%
ACO 33/67 175%              175.0%      0.0%     0.0%     0.0%   175.0%     75.0%
ACO 33/67 200%              200.0%      0.0%     0.0%     0.0%   200.0%    100.0%
Stocks/I 50/50               100%*      0.0%     0.0%     0.0%   100.0%      0.0%
Actions domestiques         100%**      0.0%     0.0%     0.0%   100.0%      0.0%
ACO 33/67, change cst     100%****      0.0%     0.0%     0.0%   100.0%      0.0%
90/60 local fixe              90%*     60%**     0.0%     0.0%   150.0%     50.0%
90/60 oblig. mondiales        90%*    60%***     0.0%     0.0%   150.0%     50.0%
60/40 ACO/couvert            60.0%     40.0%     0.0%     0.0%   100.0%      0.0%
60/40 ACO + 33.33 MF         60.0%     40.0%     0.0%    33.3%   133.3%     33.3%
60/40 ACO + 33.33 Or         60.0%     40.0%    33.3%     0.0%   133.3%     33.3%
54/36/20/20 ACO              54.0%     36.0%    20.0%    20.0%   130.0%     30.0%
40/26.67/16.67/16.67 ACO     40.0%     26.7%    16.7%    16.7%   100.0%      0.0%
50/33.33/20.83/20.83 ACO     50.0%     33.3%    20.8%    20.8%   125.0%     25.0%
60/40/25/25 ACO              60.0%     40.0%    25.0%    25.0%   150.0%     50.0%
70/46.67/29.17/29.17 ACO     70.0%     46.7%    29.2%    29.2%   175.0%     75.0%
80/53.33/33.33/33.33 ACO     80.0%     53.3%    33.3%    33.3%   200.0%    100.0%
25/25/25/25 ACO              25.0%     25.0%    25.0%    25.0%   100.0%      0.0%
31.25/31.25/31.25/31.25 ACO     31.2%     31.2%    31.2%    31.2%   125.0%     25.0%
37.5/37.5/37.5/37.5 ACO      37.5%     37.5%    37.5%    37.5%   150.0%     50.0%
43.75/43.75/43.75/43.75 ACO     43.8%     43.8%    43.8%    43.8%   175.0%     75.0%
50/50/50/50 ACO              50.0%     50.0%    50.0%    50.0%   200.0%    100.0%
90/60/25/25 ACO              90.0%     60.0%    25.0%    25.0%   200.0%    100.0%
* ACO 33/67 est le portefeuille fixe optimal de la revision 2025 ;
  toutes les extensions conservent cette meme poche actions.
  Stocks/I conserve la convention historique 50/50 comme controle.
** Exposition domestique au pays de residence de la trajectoire.
*** Obligations mondiales couvertes ; bill du resident ; actions inchangees.
**** 33/67 domestique/international, change reel neutralise ; contrefactuel.

PANEL B -- MOMENTS REALISES (evaluation, jamais calibrage)
strategie                  rendement   volatilite    pct. 1 %       minimum (pays-annee)
----------------------------------------------------------------------------------------
ACO 33/67                      7.56%       25.81%     -38.83%       -86.73% (Japan 1945)
ACO 33/67 125%                 9.33%       32.11%     -47.43%       -85.87% (Japan 1945)
ACO 33/67 150%                11.09%       38.47%     -56.91%       -85.01% (Japan 1945)
ACO 33/67 175%                12.86%       44.86%     -65.29%       -84.56% (Japan 2008)
ACO 33/67 200%                14.62%       51.26%     -74.11%       -96.55% (Japan 2008)
40/26.67/16.67/16.67 ACO       5.27%       16.03%     -19.04%       -87.55% (Japan 1945)
50/33.33/20.83/20.83 ACO       6.46%       19.68%     -20.69%       -86.90% (Japan 1945)
60/40/25/25 ACO                7.65%       23.42%     -23.97%       -86.25% (Japan 1945)
70/46.67/29.17/29.17 ACO       8.85%       27.20%     -27.84%       -85.60% (Japan 1945)
80/53.33/33.33/33.33 ACO      10.04%       31.02%     -29.58%       -84.95% (Japan 1945)
25/25/25/25 ACO                4.97%       15.37%     -17.45%       -87.50% (Japan 1945)
31.25/31.25/31.25/31.25 ACO       6.09%       18.83%     -19.15%       -86.84% (Japan 1945)
37.5/37.5/37.5/37.5 ACO        7.21%       22.39%     -22.04%       -86.17% (Japan 1945)
43.75/43.75/43.75/43.75 ACO       8.32%       26.00%     -24.33%       -85.51% (Japan 1945)
50/50/50/50 ACO                9.44%       29.65%     -27.84%       -84.85% (Japan 1945)

PANEL C -- CYCLE DE VIE, CRRA ET EPARGNE EQUIVALENTE
5000 trajectoires appariees ; blocs 10 ans ; spread 0.30% ; gamma 3.84
MF nets de frais 0.85%, couts 0.57% et haircut 0.00%
Obligations et MF couverts ; friction de change 0.10%
Controle revenu median : age 25 28 450  age 47 69 454

Reference d'utilite : ACO 33/67 avec 10 % d'epargne.
strategie                   epargne eq.   richesse med.   conso moy.    ruine            delta [IC95]     legs med.
-----------------------------------------------------------------------------------------------------------------
ACO 33/67                        10.00%         762 512       66 505    8.06%  +0.00% [+0.00%;+0.00%]     1 066 818
ACO 33/67 125%                    8.64%         941 661       81 626    9.34%  +1.28% [+0.87%;+1.69%]     1 616 516
ACO 33/67 150%                    8.27%       1 103 173      101 198   11.68%  +3.62% [+3.00%;+4.24%]     2 154 924
ACO 33/67 175%                    9.11%       1 237 261      124 832   15.52%  +7.46% [+6.64%;+8.28%]     2 403 167
ACO 33/67 200%                   13.10%       1 297 864      152 440   21.00%  +12.94% [+11.94%;+13.94%]     2 197 752
40/26.67/16.67/16.67 ACO         12.02%         614 241       53 396    6.48%  -1.58% [-2.23%;-0.93%]       691 240
50/33.33/20.83/20.83 ACO          9.44%         754 069       60 990    4.90%  -3.16% [-3.77%;-2.55%]     1 138 487
60/40/25/25 ACO                   7.57%         925 803       70 626    3.86%  -4.20% [-4.81%;-3.59%]     1 829 122
70/46.67/29.17/29.17 ACO          6.17%       1 120 588       82 854    3.44%  -4.62% [-5.24%;-4.00%]     2 794 221
80/53.33/33.33/33.33 ACO          5.10%       1 349 876       98 372    3.18%  -4.88% [-5.52%;-4.24%]     4 141 221
25/25/25/25 ACO                  12.78%         587 795       51 882    7.22%  -0.84% [-1.57%;-0.11%]       603 743
31.25/31.25/31.25/31.25 ACO      10.16%         712 966       58 742    5.42%  -2.64% [-3.32%;-1.96%]       968 468
37.5/37.5/37.5/37.5 ACO           8.23%         859 857       67 424    4.38%  -3.68% [-4.34%;-3.02%]     1 495 690
43.75/43.75/43.75/43.75 ACO       6.77%       1 033 067       78 456    3.70%  -4.36% [-5.04%;-3.68%]     2 263 409
50/50/50/50 ACO                   5.63%       1 229 732       92 488    3.54%  -4.52% [-5.21%;-3.83%]     3 365 971
