PANEL A -- DESIGN FIXE EX ANTE (aucun ciblage de volatilite)
Stress historique integral : aucune exclusion d'investissabilite.
strategie                  actions    oblig.       or       MF     brut   emprunt
---------------------------------------------------------------------------------
ACO 33/67                    100%*      0.0%     0.0%     0.0%   100.0%      0.0%
ACO 33/67 125%              125.0%      0.0%     0.0%     0.0%   125.0%     25.0%
ACO 33/67 150%              150.0%      0.0%     0.0%     0.0%   150.0%     50.0%
ACO 33/67 175%              175.0%      0.0%     0.0%     0.0%   175.0%     75.0%
ACO 33/67 200%              200.0%      0.0%     0.0%     0.0%   200.0%    100.0%
Stocks/I 50/50               100%*      0.0%     0.0%     0.0%   100.0%      0.0%
Actions domestiques         100%**      0.0%     0.0%     0.0%   100.0%      0.0%
ACO 33/67, change cst     100%****      0.0%     0.0%     0.0%   100.0%      0.0%
90/60 local fixe              90%*     60%**     0.0%     0.0%   150.0%     50.0%
90/60 oblig. mondiales        90%*    60%***     0.0%     0.0%   150.0%     50.0%
60/40 ACO/couvert            60.0%     40.0%     0.0%     0.0%   100.0%      0.0%
60/40 ACO + 33.33 MF         60.0%     40.0%     0.0%    33.3%   133.3%     33.3%
60/40 ACO + 33.33 Or         60.0%     40.0%    33.3%     0.0%   133.3%     33.3%
54/36/20/20 ACO              54.0%     36.0%    20.0%    20.0%   130.0%     30.0%
40/26.67/16.67/16.67 ACO     40.0%     26.7%    16.7%    16.7%   100.0%      0.0%
50/33.33/20.83/20.83 ACO     50.0%     33.3%    20.8%    20.8%   125.0%     25.0%
60/40/25/25 ACO              60.0%     40.0%    25.0%    25.0%   150.0%     50.0%
70/46.67/29.17/29.17 ACO     70.0%     46.7%    29.2%    29.2%   175.0%     75.0%
80/53.33/33.33/33.33 ACO     80.0%     53.3%    33.3%    33.3%   200.0%    100.0%
25/25/25/25 ACO              25.0%     25.0%    25.0%    25.0%   100.0%      0.0%
31.25/31.25/31.25/31.25 ACO     31.2%     31.2%    31.2%    31.2%   125.0%     25.0%
37.5/37.5/37.5/37.5 ACO      37.5%     37.5%    37.5%    37.5%   150.0%     50.0%
43.75/43.75/43.75/43.75 ACO     43.8%     43.8%    43.8%    43.8%   175.0%     75.0%
50/50/50/50 ACO              50.0%     50.0%    50.0%    50.0%   200.0%    100.0%
90/60/25/25 ACO              90.0%     60.0%    25.0%    25.0%   200.0%    100.0%
* ACO 33/67 est le portefeuille fixe optimal de la revision 2025 ;
  toutes les extensions conservent cette meme poche actions.
  Stocks/I conserve la convention historique 50/50 comme controle.
** Exposition domestique au pays de residence de la trajectoire.
*** Obligations mondiales couvertes ; bill du resident ; actions inchangees.
**** 33/67 domestique/international, change reel neutralise ; contrefactuel.

PANEL B -- MOMENTS REALISES (evaluation, jamais calibrage)
strategie                  rendement   volatilite    pct. 1 %       minimum (pays-annee)
----------------------------------------------------------------------------------------
ACO 33/67                      8.11%       25.79%     -40.26%       -84.60% (Japan 1945)
ACO 33/67 125%                10.02%       32.11%     -48.33%       -83.20% (Japan 1945)
ACO 33/67 150%                11.92%       38.48%     -57.64%       -81.81% (Japan 1945)
ACO 33/67 175%                13.83%       44.89%     -66.17%       -80.42% (Japan 1945)
ACO 33/67 200%                15.73%       51.31%     -75.94%       -90.58% (Japan 2008)
40/26.67/16.67/16.67 ACO       5.49%       15.93%     -16.77%       -86.69% (Japan 1945)
50/33.33/20.83/20.83 ACO       6.74%       19.57%     -19.86%       -85.82% (Japan 1945)
60/40/25/25 ACO                7.99%       23.29%     -22.95%       -84.95% (Japan 1945)
70/46.67/29.17/29.17 ACO       9.24%       27.07%     -26.72%       -84.08% (Japan 1945)
80/53.33/33.33/33.33 ACO      10.48%       30.87%     -29.33%       -83.21% (Japan 1945)
25/25/25/25 ACO                5.11%       15.26%     -15.91%       -86.95% (Japan 1945)
31.25/31.25/31.25/31.25 ACO       6.26%       18.72%     -18.01%       -86.15% (Japan 1945)
37.5/37.5/37.5/37.5 ACO        7.41%       22.26%     -20.61%       -85.35% (Japan 1945)
43.75/43.75/43.75/43.75 ACO       8.56%       25.85%     -22.83%       -84.55% (Japan 1945)
50/50/50/50 ACO                9.72%       29.48%     -26.99%       -83.75% (Japan 1945)

PANEL C -- CYCLE DE VIE, CRRA ET EPARGNE EQUIVALENTE
5000 trajectoires appariees ; blocs 10 ans ; spread 0.30% ; gamma 3.84
MF nets de frais 0.85%, couts 0.57% et haircut 0.00%
Obligations et MF couverts ; friction de change 0.10%
Controle revenu median : age 25 28 550  age 47 69 607

Reference d'utilite : ACO 33/67 avec 10 % d'epargne.
strategie                   epargne eq.   richesse med.   conso moy.    ruine            delta [IC95]     legs med.
-----------------------------------------------------------------------------------------------------------------
ACO 33/67                        10.00%         874 303       72 289    8.44%  +0.00% [+0.00%;+0.00%]     1 483 617
ACO 33/67 125%                    8.66%       1 116 761       93 045    9.94%  +1.50% [+1.04%;+1.96%]     2 358 146
ACO 33/67 150%                    8.55%       1 364 381      122 063   12.80%  +4.36% [+3.69%;+5.03%]     3 235 296
ACO 33/67 175%                   10.00%       1 583 203      161 468   16.50%  +8.06% [+7.22%;+8.90%]     3 804 109
ACO 33/67 200%                   15.61%       1 677 639      213 559   21.56%  +13.12% [+12.11%;+14.13%]     3 360 248
40/26.67/16.67/16.67 ACO         12.85%         637 566       54 173    6.28%  -2.16% [-2.88%;-1.44%]       766 118
50/33.33/20.83/20.83 ACO          9.89%         794 658       62 629    4.54%  -3.90% [-4.58%;-3.22%]     1 303 051
60/40/25/25 ACO                   7.78%         991 014       73 578    3.56%  -4.88% [-5.55%;-4.21%]     2 141 334
70/46.67/29.17/29.17 ACO          6.24%       1 221 075       87 805    2.98%  -5.46% [-6.12%;-4.80%]     3 400 545
80/53.33/33.33/33.33 ACO          5.07%       1 501 168      106 334    2.68%  -5.76% [-6.43%;-5.09%]     5 202 523
25/25/25/25 ACO                  14.11%         594 139       51 958    7.12%  -1.32% [-2.15%;-0.49%]       642 458
31.25/31.25/31.25/31.25 ACO      11.06%         727 132       59 152    5.26%  -3.18% [-3.94%;-2.42%]     1 064 104
37.5/37.5/37.5/37.5 ACO           8.86%         891 800       68 366    4.34%  -4.10% [-4.83%;-3.37%]     1 701 165
43.75/43.75/43.75/43.75 ACO       7.21%       1 092 714       80 201    3.66%  -4.78% [-5.50%;-4.06%]     2 632 518
50/50/50/50 ACO                   5.94%       1 331 835       95 467    3.42%  -5.02% [-5.74%;-4.30%]     3 940 352
