PANEL A -- DESIGN FIXE EX ANTE (aucun ciblage de volatilite)
Stress historique integral : aucune exclusion d'investissabilite.
strategie                  actions    oblig.       or       MF     brut   emprunt
---------------------------------------------------------------------------------
ACO 33/67                    100%*      0.0%     0.0%     0.0%   100.0%      0.0%
ACO 33/67 125%              125.0%      0.0%     0.0%     0.0%   125.0%     25.0%
ACO 33/67 150%              150.0%      0.0%     0.0%     0.0%   150.0%     50.0%
ACO 33/67 175%              175.0%      0.0%     0.0%     0.0%   175.0%     75.0%
ACO 33/67 200%              200.0%      0.0%     0.0%     0.0%   200.0%    100.0%
Stocks/I 50/50               100%*      0.0%     0.0%     0.0%   100.0%      0.0%
Actions domestiques         100%**      0.0%     0.0%     0.0%   100.0%      0.0%
ACO 33/67, change cst     100%****      0.0%     0.0%     0.0%   100.0%      0.0%
90/60 local fixe              90%*     60%**     0.0%     0.0%   150.0%     50.0%
90/60 oblig. mondiales        90%*    60%***     0.0%     0.0%   150.0%     50.0%
60/40 ACO/couvert            60.0%     40.0%     0.0%     0.0%   100.0%      0.0%
60/40 ACO + 33.33 MF         60.0%     40.0%     0.0%    33.3%   133.3%     33.3%
60/40 ACO + 33.33 Or         60.0%     40.0%    33.3%     0.0%   133.3%     33.3%
54/36/20/20 ACO              54.0%     36.0%    20.0%    20.0%   130.0%     30.0%
40/26.67/16.67/16.67 ACO     40.0%     26.7%    16.7%    16.7%   100.0%      0.0%
50/33.33/20.83/20.83 ACO     50.0%     33.3%    20.8%    20.8%   125.0%     25.0%
60/40/25/25 ACO              60.0%     40.0%    25.0%    25.0%   150.0%     50.0%
70/46.67/29.17/29.17 ACO     70.0%     46.7%    29.2%    29.2%   175.0%     75.0%
80/53.33/33.33/33.33 ACO     80.0%     53.3%    33.3%    33.3%   200.0%    100.0%
25/25/25/25 ACO              25.0%     25.0%    25.0%    25.0%   100.0%      0.0%
31.25/31.25/31.25/31.25 ACO     31.2%     31.2%    31.2%    31.2%   125.0%     25.0%
37.5/37.5/37.5/37.5 ACO      37.5%     37.5%    37.5%    37.5%   150.0%     50.0%
43.75/43.75/43.75/43.75 ACO     43.8%     43.8%    43.8%    43.8%   175.0%     75.0%
50/50/50/50 ACO              50.0%     50.0%    50.0%    50.0%   200.0%    100.0%
90/60/25/25 ACO              90.0%     60.0%    25.0%    25.0%   200.0%    100.0%
* ACO 33/67 est le portefeuille fixe optimal de la revision 2025 ;
  toutes les extensions conservent cette meme poche actions.
  Stocks/I conserve la convention historique 50/50 comme controle.
** Exposition domestique au pays de residence de la trajectoire.
*** Obligations mondiales couvertes ; bill du resident ; actions inchangees.
**** 33/67 domestique/international, change reel neutralise ; contrefactuel.

PANEL B -- MOMENTS REALISES (evaluation, jamais calibrage)
strategie                  rendement   volatilite    pct. 1 %       minimum (pays-annee)
----------------------------------------------------------------------------------------
ACO 33/67                      8.23%       25.76%     -40.18%       -84.51% (Japan 1945)
ACO 33/67 125%                10.15%       32.10%     -47.92%       -83.09% (Japan 1945)
ACO 33/67 150%                12.06%       38.48%     -57.31%       -81.68% (Japan 1945)
ACO 33/67 175%                13.98%       44.89%     -65.95%       -80.27% (Japan 1945)
ACO 33/67 200%                15.90%       51.32%     -75.64%       -90.85% (Japan 2008)
40/26.67/16.67/16.67 ACO       5.55%       15.84%     -16.13%       -86.63% (Japan 1945)
50/33.33/20.83/20.83 ACO       6.79%       19.51%     -18.73%       -85.74% (Japan 1945)
60/40/25/25 ACO                8.04%       23.26%     -22.10%       -84.86% (Japan 1945)
70/46.67/29.17/29.17 ACO       9.29%       27.05%     -25.14%       -83.98% (Japan 1945)
80/53.33/33.33/33.33 ACO      10.54%       30.87%     -29.23%       -83.09% (Japan 1945)
25/25/25/25 ACO                5.16%       15.17%     -15.37%       -86.91% (Japan 1945)
31.25/31.25/31.25/31.25 ACO       6.31%       18.66%     -16.90%       -86.10% (Japan 1945)
37.5/37.5/37.5/37.5 ACO        7.46%       22.23%     -19.71%       -85.29% (Japan 1945)
43.75/43.75/43.75/43.75 ACO       8.60%       25.84%     -21.75%       -84.47% (Japan 1945)
50/50/50/50 ACO                9.75%       29.49%     -25.07%       -83.66% (Japan 1945)

PANEL C -- CYCLE DE VIE, CRRA ET EPARGNE EQUIVALENTE
5000 trajectoires appariees ; blocs 10 ans ; spread 0.30% ; gamma 3.84
MF nets de frais 0.85%, couts 0.57% et haircut 0.00%
Obligations et MF couverts ; friction de change 0.10%
Controle revenu median : age 25 28 553  age 47 68 891

Reference d'utilite : ACO 33/67 avec 10 % d'epargne.
strategie                   epargne eq.   richesse med.   conso moy.    ruine            delta [IC95]     legs med.
-----------------------------------------------------------------------------------------------------------------
ACO 33/67                        10.00%         901 751       72 382    7.76%  +0.00% [+0.00%;+0.00%]     1 562 463
ACO 33/67 125%                    8.53%       1 150 314       92 169    9.22%  +1.46% [+1.05%;+1.87%]     2 519 311
ACO 33/67 150%                    8.16%       1 410 376      119 385   11.64%  +3.88% [+3.26%;+4.50%]     3 521 013
ACO 33/67 175%                    9.39%       1 632 181      155 892   15.80%  +8.04% [+7.22%;+8.86%]     4 172 408
ACO 33/67 200%                   14.99%       1 764 282      202 560   20.88%  +13.12% [+12.13%;+14.11%]     3 844 006
40/26.67/16.67/16.67 ACO         13.05%         652 368       54 773    5.32%  -2.44% [-3.16%;-1.72%]       787 462
50/33.33/20.83/20.83 ACO         10.05%         811 628       63 074    3.50%  -4.26% [-4.92%;-3.60%]     1 346 985
60/40/25/25 ACO                   7.93%       1 013 534       73 744    2.70%  -5.06% [-5.71%;-4.41%]     2 223 852
70/46.67/29.17/29.17 ACO          6.34%       1 253 044       87 472    2.18%  -5.58% [-6.24%;-4.92%]     3 573 349
80/53.33/33.33/33.33 ACO          5.15%       1 547 153      105 153    1.82%  -5.94% [-6.61%;-5.27%]     5 524 392
25/25/25/25 ACO                  14.44%         611 342       52 632    6.52%  -1.24% [-2.06%;-0.42%]       665 897
31.25/31.25/31.25/31.25 ACO      11.33%         750 171       59 796    4.40%  -3.36% [-4.11%;-2.61%]     1 103 482
37.5/37.5/37.5/37.5 ACO           9.08%         914 782       68 923    3.28%  -4.48% [-5.19%;-3.77%]     1 753 024
43.75/43.75/43.75/43.75 ACO       7.38%       1 103 761       80 594    2.78%  -4.98% [-5.69%;-4.27%]     2 731 653
50/50/50/50 ACO                   6.09%       1 333 544       95 532    2.46%  -5.30% [-6.00%;-4.60%]     4 103 969
