PANEL A -- DESIGN FIXE EX ANTE (aucun ciblage de volatilite)
Stress historique integral : aucune exclusion d'investissabilite.
strategie                  actions    oblig.       or       MF     brut   emprunt
---------------------------------------------------------------------------------
ACO 33/67                    100%*      0.0%     0.0%     0.0%   100.0%      0.0%
ACO 33/67 125%              125.0%      0.0%     0.0%     0.0%   125.0%     25.0%
ACO 33/67 150%              150.0%      0.0%     0.0%     0.0%   150.0%     50.0%
ACO 33/67 175%              175.0%      0.0%     0.0%     0.0%   175.0%     75.0%
ACO 33/67 200%              200.0%      0.0%     0.0%     0.0%   200.0%    100.0%
Stocks/I 50/50               100%*      0.0%     0.0%     0.0%   100.0%      0.0%
Actions domestiques         100%**      0.0%     0.0%     0.0%   100.0%      0.0%
ACO 33/67, change cst     100%****      0.0%     0.0%     0.0%   100.0%      0.0%
90/60 local fixe              90%*     60%**     0.0%     0.0%   150.0%     50.0%
90/60 oblig. mondiales        90%*    60%***     0.0%     0.0%   150.0%     50.0%
60/40 ACO/couvert            60.0%     40.0%     0.0%     0.0%   100.0%      0.0%
60/40 ACO + 33.33 MF         60.0%     40.0%     0.0%    33.3%   133.3%     33.3%
60/40 ACO + 33.33 Or         60.0%     40.0%    33.3%     0.0%   133.3%     33.3%
54/36/20/20 ACO              54.0%     36.0%    20.0%    20.0%   130.0%     30.0%
40/26.67/16.67/16.67 ACO     40.0%     26.7%    16.7%    16.7%   100.0%      0.0%
50/33.33/20.83/20.83 ACO     50.0%     33.3%    20.8%    20.8%   125.0%     25.0%
60/40/25/25 ACO              60.0%     40.0%    25.0%    25.0%   150.0%     50.0%
70/46.67/29.17/29.17 ACO     70.0%     46.7%    29.2%    29.2%   175.0%     75.0%
80/53.33/33.33/33.33 ACO     80.0%     53.3%    33.3%    33.3%   200.0%    100.0%
25/25/25/25 ACO              25.0%     25.0%    25.0%    25.0%   100.0%      0.0%
31.25/31.25/31.25/31.25 ACO     31.2%     31.2%    31.2%    31.2%   125.0%     25.0%
37.5/37.5/37.5/37.5 ACO      37.5%     37.5%    37.5%    37.5%   150.0%     50.0%
43.75/43.75/43.75/43.75 ACO     43.8%     43.8%    43.8%    43.8%   175.0%     75.0%
50/50/50/50 ACO              50.0%     50.0%    50.0%    50.0%   200.0%    100.0%
90/60/25/25 ACO              90.0%     60.0%    25.0%    25.0%   200.0%    100.0%
* ACO 33/67 est le portefeuille fixe optimal de la revision 2025 ;
  toutes les extensions conservent cette meme poche actions.
  Stocks/I conserve la convention historique 50/50 comme controle.
** Exposition domestique au pays de residence de la trajectoire.
*** Obligations mondiales couvertes ; bill du resident ; actions inchangees.
**** 33/67 domestique/international, change reel neutralise ; contrefactuel.

PANEL B -- MOMENTS REALISES (evaluation, jamais calibrage)
strategie                  rendement   volatilite    pct. 1 %       minimum (pays-annee)
----------------------------------------------------------------------------------------
ACO 33/67                      8.23%       25.74%     -39.34%       -84.60% (Japan 1945)
ACO 33/67 125%                10.14%       32.05%     -48.05%       -83.21% (Japan 1945)
ACO 33/67 150%                12.06%       38.42%     -57.15%       -81.82% (Japan 1945)
ACO 33/67 175%                13.97%       44.82%     -66.33%       -80.43% (Japan 1945)
ACO 33/67 200%                15.88%       51.23%     -75.77%       -90.94% (Japan 2008)
40/26.67/16.67/16.67 ACO       5.56%       15.85%     -16.08%       -86.69% (Japan 1945)
50/33.33/20.83/20.83 ACO       6.81%       19.48%     -19.02%       -85.82% (Japan 1945)
60/40/25/25 ACO                8.05%       23.20%     -22.21%       -84.95% (Japan 1945)
70/46.67/29.17/29.17 ACO       9.30%       26.96%     -25.25%       -84.08% (Japan 1945)
80/53.33/33.33/33.33 ACO      10.54%       30.76%     -28.81%       -83.22% (Japan 1945)
25/25/25/25 ACO                5.17%       15.22%     -15.41%       -86.96% (Japan 1945)
31.25/31.25/31.25/31.25 ACO       6.32%       18.67%     -17.71%       -86.15% (Japan 1945)
37.5/37.5/37.5/37.5 ACO        7.47%       22.21%     -20.16%       -85.35% (Japan 1945)
43.75/43.75/43.75/43.75 ACO       8.61%       25.80%     -22.77%       -84.55% (Japan 1945)
50/50/50/50 ACO                9.76%       29.42%     -26.07%       -83.75% (Japan 1945)

PANEL C -- CYCLE DE VIE, CRRA ET EPARGNE EQUIVALENTE
5000 trajectoires appariees ; blocs 10 ans ; spread 0.30% ; gamma 3.84
MF nets de frais 0.85%, couts 0.57% et haircut 0.00%
Obligations et MF couverts ; friction de change 0.10%
Controle revenu median : age 25 28 585  age 47 70 112

Reference d'utilite : ACO 33/67 avec 10 % d'epargne.
strategie                   epargne eq.   richesse med.   conso moy.    ruine            delta [IC95]     legs med.
-----------------------------------------------------------------------------------------------------------------
ACO 33/67                        10.00%         915 383       74 705    7.28%  +0.00% [+0.00%;+0.00%]     1 606 738
ACO 33/67 125%                    8.63%       1 158 079       96 818    8.64%  +1.36% [+0.93%;+1.79%]     2 610 253
ACO 33/67 150%                    8.49%       1 393 389      128 299   11.80%  +4.52% [+3.86%;+5.18%]     3 667 634
ACO 33/67 175%                   10.13%       1 623 564      172 117   15.74%  +8.46% [+7.61%;+9.31%]     4 287 069
ACO 33/67 200%                   17.36%       1 754 122      231 237   21.44%  +14.16% [+13.14%;+15.18%]     3 921 999
40/26.67/16.67/16.67 ACO         12.89%         664 392       55 541    4.74%  -2.54% [-3.26%;-1.82%]       815 360
50/33.33/20.83/20.83 ACO          9.99%         829 749       64 334    3.20%  -4.08% [-4.73%;-3.43%]     1 389 660
60/40/25/25 ACO                   7.94%       1 027 942       75 762    2.48%  -4.80% [-5.42%;-4.18%]     2 270 154
70/46.67/29.17/29.17 ACO          6.41%       1 273 560       90 651    2.04%  -5.24% [-5.87%;-4.61%]     3 630 694
80/53.33/33.33/33.33 ACO          5.23%       1 565 277      110 067    1.86%  -5.42% [-6.06%;-4.78%]     5 650 787
25/25/25/25 ACO                  14.23%         617 280       53 308    6.26%  -1.02% [-1.83%;-0.21%]       693 593
31.25/31.25/31.25/31.25 ACO      11.18%         759 343       60 861    4.30%  -2.98% [-3.72%;-2.24%]     1 137 355
37.5/37.5/37.5/37.5 ACO           9.02%         922 919       70 562    3.24%  -4.04% [-4.74%;-3.34%]     1 794 938
43.75/43.75/43.75/43.75 ACO       7.39%       1 127 359       83 066    2.60%  -4.68% [-5.36%;-4.00%]     2 777 553
50/50/50/50 ACO                   6.15%       1 367 120       99 172    2.36%  -4.92% [-5.60%;-4.24%]     4 171 700
