PANEL A -- DESIGN FIXE EX ANTE (aucun ciblage de volatilite)
Stress historique integral : aucune exclusion d'investissabilite.
strategie                  actions    oblig.       or       MF     brut   emprunt
---------------------------------------------------------------------------------
ACO 33/67                    100%*      0.0%     0.0%     0.0%   100.0%      0.0%
ACO 33/67 125%              125.0%      0.0%     0.0%     0.0%   125.0%     25.0%
ACO 33/67 150%              150.0%      0.0%     0.0%     0.0%   150.0%     50.0%
ACO 33/67 175%              175.0%      0.0%     0.0%     0.0%   175.0%     75.0%
ACO 33/67 200%              200.0%      0.0%     0.0%     0.0%   200.0%    100.0%
Stocks/I 50/50               100%*      0.0%     0.0%     0.0%   100.0%      0.0%
Actions domestiques         100%**      0.0%     0.0%     0.0%   100.0%      0.0%
ACO 33/67, change cst     100%****      0.0%     0.0%     0.0%   100.0%      0.0%
90/60 local fixe              90%*     60%**     0.0%     0.0%   150.0%     50.0%
90/60 oblig. mondiales        90%*    60%***     0.0%     0.0%   150.0%     50.0%
60/40 ACO/couvert            60.0%     40.0%     0.0%     0.0%   100.0%      0.0%
60/40 ACO + 33.33 MF         60.0%     40.0%     0.0%    33.3%   133.3%     33.3%
60/40 ACO + 33.33 Or         60.0%     40.0%    33.3%     0.0%   133.3%     33.3%
54/36/20/20 ACO              54.0%     36.0%    20.0%    20.0%   130.0%     30.0%
40/26.67/16.67/16.67 ACO     40.0%     26.7%    16.7%    16.7%   100.0%      0.0%
50/33.33/20.83/20.83 ACO     50.0%     33.3%    20.8%    20.8%   125.0%     25.0%
60/40/25/25 ACO              60.0%     40.0%    25.0%    25.0%   150.0%     50.0%
70/46.67/29.17/29.17 ACO     70.0%     46.7%    29.2%    29.2%   175.0%     75.0%
80/53.33/33.33/33.33 ACO     80.0%     53.3%    33.3%    33.3%   200.0%    100.0%
25/25/25/25 ACO              25.0%     25.0%    25.0%    25.0%   100.0%      0.0%
31.25/31.25/31.25/31.25 ACO     31.2%     31.2%    31.2%    31.2%   125.0%     25.0%
37.5/37.5/37.5/37.5 ACO      37.5%     37.5%    37.5%    37.5%   150.0%     50.0%
43.75/43.75/43.75/43.75 ACO     43.8%     43.8%    43.8%    43.8%   175.0%     75.0%
50/50/50/50 ACO              50.0%     50.0%    50.0%    50.0%   200.0%    100.0%
90/60/25/25 ACO              90.0%     60.0%    25.0%    25.0%   200.0%    100.0%
* ACO 33/67 est le portefeuille fixe optimal de la revision 2025 ;
  toutes les extensions conservent cette meme poche actions.
  Stocks/I conserve la convention historique 50/50 comme controle.
** Exposition domestique au pays de residence de la trajectoire.
*** Obligations mondiales couvertes ; bill du resident ; actions inchangees.
**** 33/67 domestique/international, change reel neutralise ; contrefactuel.

PANEL B -- MOMENTS REALISES (evaluation, jamais calibrage)
strategie                  rendement   volatilite    pct. 1 %       minimum (pays-annee)
----------------------------------------------------------------------------------------
ACO 33/67                      8.03%       25.50%     -40.21%       -84.59% (Japan 1945)
ACO 33/67 125%                 9.88%       31.74%     -48.17%       -83.20% (Japan 1945)
ACO 33/67 150%                11.74%       38.02%     -57.43%       -81.81% (Japan 1945)
ACO 33/67 175%                13.59%       44.34%     -66.26%       -80.42% (Japan 1945)
ACO 33/67 200%                15.44%       50.67%     -75.70%       -90.89% (Japan 2008)
40/26.67/16.67/16.67 ACO       5.46%       15.81%     -16.33%       -86.67% (Japan 1945)
50/33.33/20.83/20.83 ACO       6.67%       19.42%     -19.40%       -85.79% (Japan 1945)
60/40/25/25 ACO                7.88%       23.10%     -22.56%       -84.92% (Japan 1945)
70/46.67/29.17/29.17 ACO       9.09%       26.83%     -26.85%       -84.05% (Japan 1945)
80/53.33/33.33/33.33 ACO      10.30%       30.59%     -29.40%       -83.18% (Japan 1945)
25/25/25/25 ACO                5.09%       15.18%     -15.37%       -86.94% (Japan 1945)
31.25/31.25/31.25/31.25 ACO       6.21%       18.61%     -17.56%       -86.13% (Japan 1945)
37.5/37.5/37.5/37.5 ACO        7.33%       22.12%     -20.16%       -85.33% (Japan 1945)
43.75/43.75/43.75/43.75 ACO       8.45%       25.68%     -22.72%       -84.52% (Japan 1945)
50/50/50/50 ACO                9.57%       29.27%     -26.55%       -83.72% (Japan 1945)

PANEL C -- CYCLE DE VIE, CRRA ET EPARGNE EQUIVALENTE
5000 trajectoires appariees ; blocs 10 ans ; spread 0.30% ; gamma 3.84
MF nets de frais 0.85%, couts 0.57% et haircut 0.00%
Obligations et MF couverts ; friction de change 0.10%
Controle revenu median : age 25 28 553  age 47 68 891

Reference d'utilite : ACO 33/67 avec 10 % d'epargne.
strategie                   epargne eq.   richesse med.   conso moy.    ruine            delta [IC95]     legs med.
-----------------------------------------------------------------------------------------------------------------
ACO 33/67                        10.00%         871 952       70 378    8.36%  +0.00% [+0.00%;+0.00%]     1 403 445
ACO 33/67 125%                    8.59%       1 106 248       88 499   10.04%  +1.68% [+1.24%;+2.12%]     2 184 873
ACO 33/67 150%                    8.32%       1 332 757      113 002   12.90%  +4.54% [+3.89%;+5.19%]     2 944 404
ACO 33/67 175%                    9.67%       1 515 061      145 213   16.94%  +8.58% [+7.74%;+9.42%]     3 377 123
ACO 33/67 200%                   15.62%       1 612 906      185 876   22.50%  +14.14% [+13.11%;+15.17%]     2 898 064
40/26.67/16.67/16.67 ACO         12.85%         640 657       54 130    6.04%  -2.32% [-3.06%;-1.58%]       757 448
50/33.33/20.83/20.83 ACO          9.94%         792 742       62 034    4.10%  -4.26% [-4.94%;-3.58%]     1 261 249
60/40/25/25 ACO                   7.87%         982 324       72 120    3.26%  -5.10% [-5.77%;-4.43%]     2 054 613
70/46.67/29.17/29.17 ACO          6.31%       1 208 651       85 000    2.66%  -5.70% [-6.37%;-5.03%]     3 205 349
80/53.33/33.33/33.33 ACO          5.14%       1 480 312      101 468    2.28%  -6.08% [-6.76%;-5.40%]     4 930 088
25/25/25/25 ACO                  14.12%         597 378       52 182    6.94%  -1.42% [-2.25%;-0.59%]       642 838
31.25/31.25/31.25/31.25 ACO      11.12%         735 454       59 061    5.00%  -3.36% [-4.12%;-2.60%]     1 046 176
37.5/37.5/37.5/37.5 ACO           8.94%         893 919       67 788    3.86%  -4.50% [-5.23%;-3.77%]     1 660 489
43.75/43.75/43.75/43.75 ACO       7.28%       1 069 381       78 882    3.24%  -5.12% [-5.85%;-4.39%]     2 562 169
50/50/50/50 ACO                   6.00%       1 281 881       93 008    2.98%  -5.38% [-6.11%;-4.65%]     3 840 452
