PANEL A -- DESIGN FIXE EX ANTE (aucun ciblage de volatilite)
Stress historique integral : aucune exclusion d'investissabilite.
strategie                  actions    oblig.       or       MF     brut   emprunt
---------------------------------------------------------------------------------
ACO 33/67                    100%*      0.0%     0.0%     0.0%   100.0%      0.0%
ACO 33/67 125%              125.0%      0.0%     0.0%     0.0%   125.0%     25.0%
ACO 33/67 150%              150.0%      0.0%     0.0%     0.0%   150.0%     50.0%
ACO 33/67 175%              175.0%      0.0%     0.0%     0.0%   175.0%     75.0%
ACO 33/67 200%              200.0%      0.0%     0.0%     0.0%   200.0%    100.0%
Stocks/I 50/50               100%*      0.0%     0.0%     0.0%   100.0%      0.0%
Actions domestiques         100%**      0.0%     0.0%     0.0%   100.0%      0.0%
ACO 33/67, change cst     100%****      0.0%     0.0%     0.0%   100.0%      0.0%
90/60 local fixe              90%*     60%**     0.0%     0.0%   150.0%     50.0%
90/60 oblig. mondiales        90%*    60%***     0.0%     0.0%   150.0%     50.0%
60/40 ACO/couvert            60.0%     40.0%     0.0%     0.0%   100.0%      0.0%
60/40 ACO + 33.33 MF         60.0%     40.0%     0.0%    33.3%   133.3%     33.3%
60/40 ACO + 33.33 Or         60.0%     40.0%    33.3%     0.0%   133.3%     33.3%
54/36/20/20 ACO              54.0%     36.0%    20.0%    20.0%   130.0%     30.0%
40/26.67/16.67/16.67 ACO     40.0%     26.7%    16.7%    16.7%   100.0%      0.0%
50/33.33/20.83/20.83 ACO     50.0%     33.3%    20.8%    20.8%   125.0%     25.0%
60/40/25/25 ACO              60.0%     40.0%    25.0%    25.0%   150.0%     50.0%
70/46.67/29.17/29.17 ACO     70.0%     46.7%    29.2%    29.2%   175.0%     75.0%
80/53.33/33.33/33.33 ACO     80.0%     53.3%    33.3%    33.3%   200.0%    100.0%
25/25/25/25 ACO              25.0%     25.0%    25.0%    25.0%   100.0%      0.0%
31.25/31.25/31.25/31.25 ACO     31.2%     31.2%    31.2%    31.2%   125.0%     25.0%
37.5/37.5/37.5/37.5 ACO      37.5%     37.5%    37.5%    37.5%   150.0%     50.0%
43.75/43.75/43.75/43.75 ACO     43.8%     43.8%    43.8%    43.8%   175.0%     75.0%
50/50/50/50 ACO              50.0%     50.0%    50.0%    50.0%   200.0%    100.0%
90/60/25/25 ACO              90.0%     60.0%    25.0%    25.0%   200.0%    100.0%
* ACO 33/67 est le portefeuille fixe optimal de la revision 2025 ;
  toutes les extensions conservent cette meme poche actions.
  Stocks/I conserve la convention historique 50/50 comme controle.
** Exposition domestique au pays de residence de la trajectoire.
*** Obligations mondiales couvertes ; bill du resident ; actions inchangees.
**** 33/67 domestique/international, change reel neutralise ; contrefactuel.

PANEL B -- MOMENTS REALISES (evaluation, jamais calibrage)
strategie                  rendement   volatilite    pct. 1 %       minimum (pays-annee)
----------------------------------------------------------------------------------------
ACO 33/67                      8.13%       25.82%     -40.28%       -84.59% (Japan 1945)
ACO 33/67 125%                10.05%       32.15%     -48.18%       -83.20% (Japan 1945)
ACO 33/67 150%                11.97%       38.52%     -57.45%       -81.81% (Japan 1945)
ACO 33/67 175%                13.89%       44.93%     -65.97%       -80.41% (Japan 1945)
ACO 33/67 200%                15.81%       51.36%     -75.73%       -90.94% (Japan 2008)
40/26.67/16.67/16.67 ACO       5.48%       15.94%     -16.78%       -86.68% (Japan 1945)
50/33.33/20.83/20.83 ACO       6.74%       19.57%     -19.87%       -85.81% (Japan 1945)
60/40/25/25 ACO                8.00%       23.30%     -22.96%       -84.95% (Japan 1945)
70/46.67/29.17/29.17 ACO       9.26%       27.07%     -26.81%       -84.08% (Japan 1945)
80/53.33/33.33/33.33 ACO      10.51%       30.88%     -29.52%       -83.21% (Japan 1945)
25/25/25/25 ACO                5.10%       15.27%     -15.80%       -86.95% (Japan 1945)
31.25/31.25/31.25/31.25 ACO       6.26%       18.73%     -17.99%       -86.15% (Japan 1945)
37.5/37.5/37.5/37.5 ACO        7.42%       22.27%     -20.66%       -85.35% (Japan 1945)
43.75/43.75/43.75/43.75 ACO       8.58%       25.87%     -23.06%       -84.55% (Japan 1945)
50/50/50/50 ACO                9.74%       29.50%     -26.97%       -83.75% (Japan 1945)

PANEL C -- CYCLE DE VIE, CRRA ET EPARGNE EQUIVALENTE
5000 trajectoires appariees ; blocs 10 ans ; spread 0.30% ; gamma 3.84
MF nets de frais 0.85%, couts 0.57% et haircut 0.00%
Obligations et MF couverts ; friction de change 0.10%
Controle revenu median : age 25 28 553  age 47 68 891

Reference d'utilite : ACO 33/67 avec 10 % d'epargne.
strategie                   epargne eq.   richesse med.   conso moy.    ruine            delta [IC95]     legs med.
-----------------------------------------------------------------------------------------------------------------
ACO 33/67                        10.00%         876 822       71 258    8.66%  +0.00% [+0.00%;+0.00%]     1 428 176
ACO 33/67 125%                    8.54%       1 124 453       90 501   10.24%  +1.58% [+1.15%;+2.01%]     2 282 745
ACO 33/67 150%                    8.25%       1 377 344      116 766   12.90%  +4.24% [+3.60%;+4.88%]     3 189 978
ACO 33/67 175%                    9.58%       1 584 056      151 802   16.96%  +8.30% [+7.46%;+9.14%]     3 678 420
ACO 33/67 200%                   15.40%       1 714 895      196 566   22.16%  +13.50% [+12.49%;+14.51%]     3 275 337
40/26.67/16.67/16.67 ACO         12.90%         639 378       54 264    6.12%  -2.54% [-3.29%;-1.79%]       749 276
50/33.33/20.83/20.83 ACO          9.89%         799 299       62 499    4.10%  -4.56% [-5.26%;-3.86%]     1 292 043
60/40/25/25 ACO                   7.76%       1 000 344       73 086    3.06%  -5.60% [-6.28%;-4.92%]     2 149 326
70/46.67/29.17/29.17 ACO          6.18%       1 246 212       86 704    2.54%  -6.12% [-6.81%;-5.43%]     3 407 696
80/53.33/33.33/33.33 ACO          5.00%       1 534 762      104 238    2.10%  -6.56% [-7.26%;-5.86%]     5 358 195
25/25/25/25 ACO                  14.25%         595 389       52 170    7.24%  -1.42% [-2.27%;-0.57%]       637 370
31.25/31.25/31.25/31.25 ACO      11.13%         738 142       59 287    5.00%  -3.66% [-4.45%;-2.87%]     1 046 518
37.5/37.5/37.5/37.5 ACO           8.87%         905 716       68 362    3.76%  -4.90% [-5.64%;-4.16%]     1 683 496
43.75/43.75/43.75/43.75 ACO       7.18%       1 094 945       79 965    3.16%  -5.50% [-6.24%;-4.76%]     2 652 220
50/50/50/50 ACO                   5.88%       1 324 391       94 822    2.72%  -5.94% [-6.67%;-5.21%]     4 034 170
