PANEL A -- DESIGN FIXE EX ANTE (aucun ciblage de volatilite)
Stress historique integral : aucune exclusion d'investissabilite.
strategie                  actions    oblig.       or       MF     brut   emprunt
---------------------------------------------------------------------------------
ACO 33/67                    100%*      0.0%     0.0%     0.0%   100.0%      0.0%
ACO 33/67 125%              125.0%      0.0%     0.0%     0.0%   125.0%     25.0%
ACO 33/67 150%              150.0%      0.0%     0.0%     0.0%   150.0%     50.0%
ACO 33/67 175%              175.0%      0.0%     0.0%     0.0%   175.0%     75.0%
ACO 33/67 200%              200.0%      0.0%     0.0%     0.0%   200.0%    100.0%
Stocks/I 50/50               100%*      0.0%     0.0%     0.0%   100.0%      0.0%
Actions domestiques         100%**      0.0%     0.0%     0.0%   100.0%      0.0%
ACO 33/67, change cst     100%****      0.0%     0.0%     0.0%   100.0%      0.0%
90/60 local fixe              90%*     60%**     0.0%     0.0%   150.0%     50.0%
90/60 oblig. mondiales        90%*    60%***     0.0%     0.0%   150.0%     50.0%
60/40 ACO/couvert            60.0%     40.0%     0.0%     0.0%   100.0%      0.0%
60/40 ACO + 33.33 MF         60.0%     40.0%     0.0%    33.3%   133.3%     33.3%
60/40 ACO + 33.33 Or         60.0%     40.0%    33.3%     0.0%   133.3%     33.3%
54/36/20/20 ACO              54.0%     36.0%    20.0%    20.0%   130.0%     30.0%
40/26.67/16.67/16.67 ACO     40.0%     26.7%    16.7%    16.7%   100.0%      0.0%
50/33.33/20.83/20.83 ACO     50.0%     33.3%    20.8%    20.8%   125.0%     25.0%
60/40/25/25 ACO              60.0%     40.0%    25.0%    25.0%   150.0%     50.0%
70/46.67/29.17/29.17 ACO     70.0%     46.7%    29.2%    29.2%   175.0%     75.0%
80/53.33/33.33/33.33 ACO     80.0%     53.3%    33.3%    33.3%   200.0%    100.0%
25/25/25/25 ACO              25.0%     25.0%    25.0%    25.0%   100.0%      0.0%
31.25/31.25/31.25/31.25 ACO     31.2%     31.2%    31.2%    31.2%   125.0%     25.0%
37.5/37.5/37.5/37.5 ACO      37.5%     37.5%    37.5%    37.5%   150.0%     50.0%
43.75/43.75/43.75/43.75 ACO     43.8%     43.8%    43.8%    43.8%   175.0%     75.0%
50/50/50/50 ACO              50.0%     50.0%    50.0%    50.0%   200.0%    100.0%
90/60/25/25 ACO              90.0%     60.0%    25.0%    25.0%   200.0%    100.0%
* ACO 33/67 est le portefeuille fixe optimal de la revision 2025 ;
  toutes les extensions conservent cette meme poche actions.
  Stocks/I conserve la convention historique 50/50 comme controle.
** Exposition domestique au pays de residence de la trajectoire.
*** Obligations mondiales couvertes ; bill du resident ; actions inchangees.
**** 33/67 domestique/international, change reel neutralise ; contrefactuel.

PANEL B -- MOMENTS REALISES (evaluation, jamais calibrage)
strategie                  rendement   volatilite    pct. 1 %       minimum (pays-annee)
----------------------------------------------------------------------------------------
ACO 33/67                      8.28%       26.02%     -41.21%       -50.81% (Italy 1947)
ACO 33/67 125%                10.21%       32.44%     -49.28%     -58.18% (Belgium 2008)
ACO 33/67 150%                12.13%       38.91%     -58.22%     -69.72% (Belgium 2008)
ACO 33/67 175%                14.06%       45.40%     -66.71%     -81.26% (Belgium 2008)
ACO 33/67 200%                15.98%       51.91%     -76.55%     -92.79% (Belgium 2008)
40/26.67/16.67/16.67 ACO       5.60%       15.81%     -16.08%       -58.72% (Italy 1944)
50/33.33/20.83/20.83 ACO       6.86%       19.50%     -18.38%       -54.38% (Italy 1944)
60/40/25/25 ACO                8.12%       23.26%     -21.28%       -50.05% (Italy 1944)
70/46.67/29.17/29.17 ACO       9.37%       27.07%     -25.71%       -49.79% (Italy 1947)
80/53.33/33.33/33.33 ACO      10.63%       30.90%     -28.36%       -51.91% (Italy 1947)
25/25/25/25 ACO                5.21%       15.07%     -15.47%       -61.25% (Italy 1944)
31.25/31.25/31.25/31.25 ACO       6.37%       18.55%     -17.26%       -57.55% (Italy 1944)
37.5/37.5/37.5/37.5 ACO        7.53%       22.12%     -20.34%       -53.85% (Italy 1944)
43.75/43.75/43.75/43.75 ACO       8.69%       25.73%     -22.32%       -50.15% (Italy 1944)
50/50/50/50 ACO                9.84%       29.37%     -26.09%       -48.27% (Italy 1947)

PANEL C -- CYCLE DE VIE, CRRA ET EPARGNE EQUIVALENTE
5000 trajectoires appariees ; blocs 10 ans ; spread 0.30% ; gamma 3.84
MF nets de frais 0.85%, couts 0.57% et haircut 0.00%
Obligations et MF couverts ; friction de change 0.10%
Controle revenu median : age 25 28 393  age 47 70 120

Reference d'utilite : ACO 33/67 avec 10 % d'epargne.
strategie                   epargne eq.   richesse med.   conso moy.    ruine            delta [IC95]     legs med.
-----------------------------------------------------------------------------------------------------------------
ACO 33/67                        10.00%         905 088       75 073    7.10%  +0.00% [+0.00%;+0.00%]     1 565 927
ACO 33/67 125%                    8.88%       1 145 977       96 996    9.18%  +2.08% [+1.60%;+2.56%]     2 451 192
ACO 33/67 150%                    9.21%       1 377 703      127 477   12.40%  +5.30% [+4.60%;+6.00%]     3 289 848
ACO 33/67 175%                   12.17%       1 547 340      168 312   17.32%  +10.22% [+9.33%;+11.11%]     3 661 507
ACO 33/67 200%                   28.32%       1 593 543      220 882   24.00%  +16.90% [+15.82%;+17.98%]     3 011 953
40/26.67/16.67/16.67 ACO         12.56%         662 177       55 822    4.14%  -2.96% [-3.68%;-2.24%]       810 290
50/33.33/20.83/20.83 ACO          9.70%         824 994       64 685    2.54%  -4.56% [-5.25%;-3.87%]     1 393 691
60/40/25/25 ACO                   7.67%       1 027 944       76 167    1.58%  -5.52% [-6.20%;-4.84%]     2 315 072
70/46.67/29.17/29.17 ACO          6.16%       1 273 713       91 032    1.24%  -5.86% [-6.54%;-5.18%]     3 751 703
80/53.33/33.33/33.33 ACO          5.03%       1 576 043      110 290    1.06%  -6.04% [-6.72%;-5.36%]     5 821 005
25/25/25/25 ACO                  13.86%         613 484       53 473    5.24%  -1.86% [-2.68%;-1.04%]       684 906
31.25/31.25/31.25/31.25 ACO      10.88%         753 499       61 033    3.38%  -3.72% [-4.49%;-2.95%]     1 122 633
37.5/37.5/37.5/37.5 ACO           8.74%         931 898       70 708    2.40%  -4.70% [-5.45%;-3.95%]     1 795 401
43.75/43.75/43.75/43.75 ACO       7.13%       1 145 033       83 111    1.94%  -5.16% [-5.89%;-4.43%]     2 790 914
50/50/50/50 ACO                   5.91%       1 389 080       99 042    1.72%  -5.38% [-6.11%;-4.65%]     4 250 969
