PANEL A -- DESIGN FIXE EX ANTE (aucun ciblage de volatilite)
Stress historique integral : aucune exclusion d'investissabilite.
strategie                  actions    oblig.       or       MF     brut   emprunt
---------------------------------------------------------------------------------
ACO 33/67                    100%*      0.0%     0.0%     0.0%   100.0%      0.0%
ACO 33/67 125%              125.0%      0.0%     0.0%     0.0%   125.0%     25.0%
ACO 33/67 150%              150.0%      0.0%     0.0%     0.0%   150.0%     50.0%
ACO 33/67 175%              175.0%      0.0%     0.0%     0.0%   175.0%     75.0%
ACO 33/67 200%              200.0%      0.0%     0.0%     0.0%   200.0%    100.0%
Stocks/I 50/50               100%*      0.0%     0.0%     0.0%   100.0%      0.0%
Actions domestiques         100%**      0.0%     0.0%     0.0%   100.0%      0.0%
ACO 33/67, change cst     100%****      0.0%     0.0%     0.0%   100.0%      0.0%
90/60 local fixe              90%*     60%**     0.0%     0.0%   150.0%     50.0%
90/60 oblig. mondiales        90%*    60%***     0.0%     0.0%   150.0%     50.0%
60/40 ACO/couvert            60.0%     40.0%     0.0%     0.0%   100.0%      0.0%
60/40 ACO + 33.33 MF         60.0%     40.0%     0.0%    33.3%   133.3%     33.3%
60/40 ACO + 33.33 Or         60.0%     40.0%    33.3%     0.0%   133.3%     33.3%
54/36/20/20 ACO              54.0%     36.0%    20.0%    20.0%   130.0%     30.0%
40/26.67/16.67/16.67 ACO     40.0%     26.7%    16.7%    16.7%   100.0%      0.0%
50/33.33/20.83/20.83 ACO     50.0%     33.3%    20.8%    20.8%   125.0%     25.0%
60/40/25/25 ACO              60.0%     40.0%    25.0%    25.0%   150.0%     50.0%
70/46.67/29.17/29.17 ACO     70.0%     46.7%    29.2%    29.2%   175.0%     75.0%
80/53.33/33.33/33.33 ACO     80.0%     53.3%    33.3%    33.3%   200.0%    100.0%
25/25/25/25 ACO              25.0%     25.0%    25.0%    25.0%   100.0%      0.0%
31.25/31.25/31.25/31.25 ACO     31.2%     31.2%    31.2%    31.2%   125.0%     25.0%
37.5/37.5/37.5/37.5 ACO      37.5%     37.5%    37.5%    37.5%   150.0%     50.0%
43.75/43.75/43.75/43.75 ACO     43.8%     43.8%    43.8%    43.8%   175.0%     75.0%
50/50/50/50 ACO              50.0%     50.0%    50.0%    50.0%   200.0%    100.0%
90/60/25/25 ACO              90.0%     60.0%    25.0%    25.0%   200.0%    100.0%
* ACO 33/67 est le portefeuille fixe optimal de la revision 2025 ;
  toutes les extensions conservent cette meme poche actions.
  Stocks/I conserve la convention historique 50/50 comme controle.
** Exposition domestique au pays de residence de la trajectoire.
*** Obligations mondiales couvertes ; bill du resident ; actions inchangees.
**** 33/67 domestique/international, change reel neutralise ; contrefactuel.

PANEL B -- MOMENTS REALISES (evaluation, jamais calibrage)
strategie                  rendement   volatilite    pct. 1 %       minimum (pays-annee)
----------------------------------------------------------------------------------------
ACO 33/67                      8.26%       25.83%     -39.05%       -83.96% (Japan 1945)
ACO 33/67 125%                10.19%       32.16%     -46.75%       -82.41% (Japan 1945)
ACO 33/67 150%                12.11%       38.55%     -55.62%       -80.86% (Japan 1945)
ACO 33/67 175%                14.04%       44.96%     -65.20%       -79.31% (Japan 1945)
ACO 33/67 200%                15.97%       51.40%     -74.78%       -90.23% (Japan 2008)
40/26.67/16.67/16.67 ACO       5.56%       15.96%     -17.38%       -86.46% (Japan 1945)
50/33.33/20.83/20.83 ACO       6.81%       19.60%     -19.04%       -85.54% (Japan 1945)
60/40/25/25 ACO                8.06%       23.33%     -21.36%       -84.61% (Japan 1945)
70/46.67/29.17/29.17 ACO       9.31%       27.11%     -25.08%       -83.69% (Japan 1945)
80/53.33/33.33/33.33 ACO      10.57%       30.93%     -28.41%       -82.76% (Japan 1945)
25/25/25/25 ACO                5.15%       15.29%     -16.07%       -86.82% (Japan 1945)
31.25/31.25/31.25/31.25 ACO       6.31%       18.75%     -17.69%       -85.99% (Japan 1945)
37.5/37.5/37.5/37.5 ACO        7.46%       22.30%     -19.68%       -85.15% (Japan 1945)
43.75/43.75/43.75/43.75 ACO       8.61%       25.91%     -22.12%       -84.32% (Japan 1945)
50/50/50/50 ACO                9.76%       29.55%     -26.22%       -83.49% (Japan 1945)

PANEL C -- CYCLE DE VIE, CRRA ET EPARGNE EQUIVALENTE
5000 trajectoires appariees ; blocs 10 ans ; spread 0.30% ; gamma 3.84
MF nets de frais 0.85%, couts 0.57% et haircut 0.00%
Obligations et MF couverts ; friction de change 0.10%
Controle revenu median : age 25 28 450  age 47 69 454

Reference d'utilite : ACO 33/67 avec 10 % d'epargne.
strategie                   epargne eq.   richesse med.   conso moy.    ruine            delta [IC95]     legs med.
-----------------------------------------------------------------------------------------------------------------
ACO 33/67                        10.00%         893 515       74 428    8.02%  +0.00% [+0.00%;+0.00%]     1 562 578
ACO 33/67 125%                    8.70%       1 146 626       96 439    9.50%  +1.48% [+1.03%;+1.93%]     2 490 300
ACO 33/67 150%                    8.63%       1 412 741      127 257   12.18%  +4.16% [+3.49%;+4.83%]     3 420 553
ACO 33/67 175%                   10.26%       1 658 848      169 143   16.48%  +8.46% [+7.59%;+9.33%]     3 966 426
ACO 33/67 200%                   17.94%       1 778 397      224 224   22.38%  +14.36% [+13.31%;+15.41%]     3 716 790
40/26.67/16.67/16.67 ACO         12.69%         646 248       55 229    5.84%  -2.18% [-2.89%;-1.47%]       809 124
50/33.33/20.83/20.83 ACO          9.79%         802 676       63 951    3.92%  -4.10% [-4.75%;-3.45%]     1 374 779
60/40/25/25 ACO                   7.72%       1 002 636       75 241    3.08%  -4.94% [-5.59%;-4.29%]     2 206 531
70/46.67/29.17/29.17 ACO          6.20%       1 232 589       89 905    2.82%  -5.20% [-5.85%;-4.55%]     3 511 315
80/53.33/33.33/33.33 ACO          5.05%       1 521 091      108 971    2.48%  -5.54% [-6.20%;-4.88%]     5 491 107
25/25/25/25 ACO                  13.94%         607 758       52 954    6.62%  -1.40% [-2.19%;-0.61%]       657 839
31.25/31.25/31.25/31.25 ACO      10.94%         743 747       60 378    4.80%  -3.22% [-3.96%;-2.48%]     1 073 367
37.5/37.5/37.5/37.5 ACO           8.77%         912 165       69 874    3.62%  -4.40% [-5.10%;-3.70%]     1 700 510
43.75/43.75/43.75/43.75 ACO       7.16%       1 099 251       82 042    3.12%  -4.90% [-5.60%;-4.20%]     2 661 073
50/50/50/50 ACO                   5.90%       1 338 834       97 711    2.92%  -5.10% [-5.80%;-4.40%]     3 980 517
