PANEL A -- DESIGN FIXE EX ANTE (aucun ciblage de volatilite)
Stress historique integral : aucune exclusion d'investissabilite.
strategie                  actions    oblig.       or       MF     brut   emprunt
---------------------------------------------------------------------------------
ACO 33/67                    100%*      0.0%     0.0%     0.0%   100.0%      0.0%
ACO 33/67 125%              125.0%      0.0%     0.0%     0.0%   125.0%     25.0%
ACO 33/67 150%              150.0%      0.0%     0.0%     0.0%   150.0%     50.0%
ACO 33/67 175%              175.0%      0.0%     0.0%     0.0%   175.0%     75.0%
ACO 33/67 200%              200.0%      0.0%     0.0%     0.0%   200.0%    100.0%
Stocks/I 50/50               100%*      0.0%     0.0%     0.0%   100.0%      0.0%
Actions domestiques         100%**      0.0%     0.0%     0.0%   100.0%      0.0%
ACO 33/67, change cst     100%****      0.0%     0.0%     0.0%   100.0%      0.0%
90/60 local fixe              90%*     60%**     0.0%     0.0%   150.0%     50.0%
90/60 oblig. mondiales        90%*    60%***     0.0%     0.0%   150.0%     50.0%
60/40 ACO/couvert            60.0%     40.0%     0.0%     0.0%   100.0%      0.0%
60/40 ACO + 33.33 MF         60.0%     40.0%     0.0%    33.3%   133.3%     33.3%
60/40 ACO + 33.33 Or         60.0%     40.0%    33.3%     0.0%   133.3%     33.3%
54/36/20/20 ACO              54.0%     36.0%    20.0%    20.0%   130.0%     30.0%
40/26.67/16.67/16.67 ACO     40.0%     26.7%    16.7%    16.7%   100.0%      0.0%
50/33.33/20.83/20.83 ACO     50.0%     33.3%    20.8%    20.8%   125.0%     25.0%
60/40/25/25 ACO              60.0%     40.0%    25.0%    25.0%   150.0%     50.0%
70/46.67/29.17/29.17 ACO     70.0%     46.7%    29.2%    29.2%   175.0%     75.0%
80/53.33/33.33/33.33 ACO     80.0%     53.3%    33.3%    33.3%   200.0%    100.0%
25/25/25/25 ACO              25.0%     25.0%    25.0%    25.0%   100.0%      0.0%
31.25/31.25/31.25/31.25 ACO     31.2%     31.2%    31.2%    31.2%   125.0%     25.0%
37.5/37.5/37.5/37.5 ACO      37.5%     37.5%    37.5%    37.5%   150.0%     50.0%
43.75/43.75/43.75/43.75 ACO     43.8%     43.8%    43.8%    43.8%   175.0%     75.0%
50/50/50/50 ACO              50.0%     50.0%    50.0%    50.0%   200.0%    100.0%
90/60/25/25 ACO              90.0%     60.0%    25.0%    25.0%   200.0%    100.0%
* ACO 33/67 est le portefeuille fixe optimal de la revision 2025 ;
  toutes les extensions conservent cette meme poche actions.
  Stocks/I conserve la convention historique 50/50 comme controle.
** Exposition domestique au pays de residence de la trajectoire.
*** Obligations mondiales couvertes ; bill du resident ; actions inchangees.
**** 33/67 domestique/international, change reel neutralise ; contrefactuel.

PANEL B -- MOMENTS REALISES (evaluation, jamais calibrage)
strategie                  rendement   volatilite    pct. 1 %       minimum (pays-annee)
----------------------------------------------------------------------------------------
ACO 33/67                      8.12%       25.28%     -40.36%       -84.60% (Japan 1945)
ACO 33/67 125%                10.00%       31.47%     -48.19%       -83.21% (Japan 1945)
ACO 33/67 150%                11.89%       37.71%     -57.47%       -81.82% (Japan 1945)
ACO 33/67 175%                13.78%       43.99%     -66.32%       -80.44% (Japan 1945)
ACO 33/67 200%                15.67%       50.28%     -75.74%       -90.99% (Japan 2008)
40/26.67/16.67/16.67 ACO       5.66%       15.66%     -16.09%       -86.70% (Japan 1945)
50/33.33/20.83/20.83 ACO       6.93%       19.23%     -18.63%       -85.83% (Japan 1945)
60/40/25/25 ACO                8.20%       22.88%     -21.18%       -84.97% (Japan 1945)
70/46.67/29.17/29.17 ACO       9.48%       26.58%     -24.40%       -84.10% (Japan 1945)
80/53.33/33.33/33.33 ACO      10.75%       30.31%     -27.72%       -83.24% (Japan 1945)
25/25/25/25 ACO                5.35%       15.09%     -15.53%       -86.97% (Japan 1945)
31.25/31.25/31.25/31.25 ACO       6.55%       18.50%     -15.83%       -86.17% (Japan 1945)
37.5/37.5/37.5/37.5 ACO        7.75%       21.99%     -18.86%       -85.37% (Japan 1945)
43.75/43.75/43.75/43.75 ACO       8.95%       25.54%     -21.16%       -84.58% (Japan 1945)
50/50/50/50 ACO               10.15%       29.12%     -24.18%       -83.78% (Japan 1945)

PANEL C -- CYCLE DE VIE, CRRA ET EPARGNE EQUIVALENTE
10000 trajectoires appariees ; blocs 10 ans ; spread 0.30% ; gamma 3.84
MF nets de frais 0.85%, couts 0.61% et haircut 0.00%
Obligations et MF couverts ; friction de change 0.10%
Controle revenu median : age 25 28 528  age 47 70 059

Reference d'utilite : ACO 33/67 avec 10 % d'epargne.
strategie                   epargne eq.   richesse med.   conso moy.    ruine            delta [IC95]     legs med.
-----------------------------------------------------------------------------------------------------------------
ACO 33/67                        10.00%         915 242       73 595    7.38%  +0.00% [+0.00%;+0.00%]     1 607 268
ACO 33/67 125%                    8.30%       1 193 846       95 906    8.47%  +1.09% [+0.81%;+1.37%]     2 786 804
ACO 33/67 150%                    7.74%       1 495 796      127 889   10.86%  +3.48% [+3.05%;+3.91%]     4 125 610
ACO 33/67 175%                    8.66%       1 783 771      172 998   14.34%  +6.96% [+6.40%;+7.52%]     5 172 339
ACO 33/67 200%                   13.79%       1 992 215      233 647   19.68%  +12.30% [+11.61%;+12.99%]     5 070 552
40/26.67/16.67/16.67 ACO         12.87%         645 968       54 927    4.93%  -2.45% [-2.96%;-1.94%]       797 997
50/33.33/20.83/20.83 ACO          9.81%         821 335       63 919    3.29%  -4.09% [-4.56%;-3.62%]     1 406 396
60/40/25/25 ACO                   7.63%       1 032 280       75 727    2.50%  -4.88% [-5.33%;-4.43%]     2 399 125
70/46.67/29.17/29.17 ACO          6.02%       1 293 235       91 291    2.08%  -5.30% [-5.75%;-4.85%]     3 930 270
80/53.33/33.33/33.33 ACO          4.81%       1 610 213      111 833    1.84%  -5.54% [-6.00%;-5.08%]     6 341 988
25/25/25/25 ACO                  13.90%         607 220       52 986    5.89%  -1.49% [-2.06%;-0.92%]       680 289
31.25/31.25/31.25/31.25 ACO      10.76%         754 759       60 876    4.11%  -3.27% [-3.79%;-2.75%]     1 166 375
37.5/37.5/37.5/37.5 ACO           8.49%         943 104       71 152    3.13%  -4.25% [-4.75%;-3.75%]     1 909 219
43.75/43.75/43.75/43.75 ACO       6.80%       1 167 474       84 601    2.64%  -4.74% [-5.23%;-4.25%]     3 051 121
50/50/50/50 ACO                   5.51%       1 439 845      102 245    2.26%  -5.12% [-5.61%;-4.63%]     4 815 665
