PANEL A -- DESIGN FIXE EX ANTE (aucun ciblage de volatilite)
Stress historique integral : aucune exclusion d'investissabilite.
strategie                  actions    oblig.       or       MF     brut   emprunt
---------------------------------------------------------------------------------
ACO 33/67                    100%*      0.0%     0.0%     0.0%   100.0%      0.0%
ACO 33/67 125%              125.0%      0.0%     0.0%     0.0%   125.0%     25.0%
ACO 33/67 150%              150.0%      0.0%     0.0%     0.0%   150.0%     50.0%
ACO 33/67 175%              175.0%      0.0%     0.0%     0.0%   175.0%     75.0%
ACO 33/67 200%              200.0%      0.0%     0.0%     0.0%   200.0%    100.0%
Stocks/I 50/50               100%*      0.0%     0.0%     0.0%   100.0%      0.0%
Actions domestiques         100%**      0.0%     0.0%     0.0%   100.0%      0.0%
ACO 33/67, change cst     100%****      0.0%     0.0%     0.0%   100.0%      0.0%
90/60 local fixe              90%*     60%**     0.0%     0.0%   150.0%     50.0%
90/60 oblig. mondiales        90%*    60%***     0.0%     0.0%   150.0%     50.0%
60/40 ACO/couvert            60.0%     40.0%     0.0%     0.0%   100.0%      0.0%
60/40 ACO + 33.33 MF         60.0%     40.0%     0.0%    33.3%   133.3%     33.3%
60/40 ACO + 33.33 Or         60.0%     40.0%    33.3%     0.0%   133.3%     33.3%
54/36/20/20 ACO              54.0%     36.0%    20.0%    20.0%   130.0%     30.0%
40/26.67/16.67/16.67 ACO     40.0%     26.7%    16.7%    16.7%   100.0%      0.0%
50/33.33/20.83/20.83 ACO     50.0%     33.3%    20.8%    20.8%   125.0%     25.0%
60/40/25/25 ACO              60.0%     40.0%    25.0%    25.0%   150.0%     50.0%
70/46.67/29.17/29.17 ACO     70.0%     46.7%    29.2%    29.2%   175.0%     75.0%
80/53.33/33.33/33.33 ACO     80.0%     53.3%    33.3%    33.3%   200.0%    100.0%
25/25/25/25 ACO              25.0%     25.0%    25.0%    25.0%   100.0%      0.0%
31.25/31.25/31.25/31.25 ACO     31.2%     31.2%    31.2%    31.2%   125.0%     25.0%
37.5/37.5/37.5/37.5 ACO      37.5%     37.5%    37.5%    37.5%   150.0%     50.0%
43.75/43.75/43.75/43.75 ACO     43.8%     43.8%    43.8%    43.8%   175.0%     75.0%
50/50/50/50 ACO              50.0%     50.0%    50.0%    50.0%   200.0%    100.0%
90/60/25/25 ACO              90.0%     60.0%    25.0%    25.0%   200.0%    100.0%
* ACO 33/67 est le portefeuille fixe optimal de la revision 2025 ;
  toutes les extensions conservent cette meme poche actions.
  Stocks/I conserve la convention historique 50/50 comme controle.
** Exposition domestique au pays de residence de la trajectoire.
*** Obligations mondiales couvertes ; bill du resident ; actions inchangees.
**** 33/67 domestique/international, change reel neutralise ; contrefactuel.

PANEL B -- MOMENTS REALISES (evaluation, jamais calibrage)
strategie                  rendement   volatilite    pct. 1 %       minimum (pays-annee)
----------------------------------------------------------------------------------------
ACO 33/67                      8.12%       25.28%     -40.36%       -84.60% (Japan 1945)
ACO 33/67 125%                10.00%       31.47%     -48.19%       -83.21% (Japan 1945)
ACO 33/67 150%                11.89%       37.71%     -57.47%       -81.82% (Japan 1945)
ACO 33/67 175%                13.78%       43.99%     -66.32%       -80.44% (Japan 1945)
ACO 33/67 200%                15.67%       50.28%     -75.74%       -90.99% (Japan 2008)
40/26.67/16.67/16.67 ACO       5.43%       15.01%     -16.19%       -86.96% (Japan 1945)
50/33.33/20.83/20.83 ACO       6.65%       18.38%     -18.91%       -86.15% (Japan 1945)
60/40/25/25 ACO                7.86%       21.83%     -22.08%       -85.35% (Japan 1945)
70/46.67/29.17/29.17 ACO       9.08%       25.34%     -24.90%       -84.55% (Japan 1945)
80/53.33/33.33/33.33 ACO      10.30%       28.89%     -28.23%       -83.75% (Japan 1945)
25/25/25/25 ACO                5.02%       14.22%     -15.57%       -87.31% (Japan 1945)
31.25/31.25/31.25/31.25 ACO       6.14%       17.36%     -17.70%       -86.60% (Japan 1945)
37.5/37.5/37.5/37.5 ACO        7.26%       20.59%     -20.02%       -85.88% (Japan 1945)
43.75/43.75/43.75/43.75 ACO       8.37%       23.88%     -22.43%       -85.17% (Japan 1945)
50/50/50/50 ACO                9.49%       27.20%     -26.53%       -84.46% (Japan 1945)

PANEL C -- CYCLE DE VIE, CRRA ET EPARGNE EQUIVALENTE
10000 trajectoires appariees ; blocs 10 ans ; spread 0.30% ; gamma 3.84
MF nets de frais 0.85%, couts 0.57% et haircut 0.00%
Obligations et MF couverts ; friction de change 0.10%
Controle revenu median : age 25 28 445  age 47 70 443

Reference d'utilite : ACO 33/67 avec 10 % d'epargne.
strategie                   epargne eq.   richesse med.   conso moy.    ruine            delta [IC95]     legs med.
-----------------------------------------------------------------------------------------------------------------
ACO 33/67                        10.00%         893 324       71 733    6.98%  +0.00% [+0.00%;+0.00%]     1 564 744
ACO 33/67 125%                    8.56%       1 137 622       90 926    8.13%  +1.15% [+0.86%;+1.44%]     2 512 346
ACO 33/67 150%                    8.30%       1 381 587      117 048   10.69%  +3.71% [+3.27%;+4.15%]     3 504 847
ACO 33/67 175%                    9.64%       1 575 340      151 395   14.81%  +7.83% [+7.25%;+8.41%]     4 129 999
ACO 33/67 200%                   15.66%       1 674 475      195 615   20.28%  +13.30% [+12.59%;+14.01%]     3 768 679
40/26.67/16.67/16.67 ACO         13.02%         647 529       54 540    5.35%  -1.63% [-2.13%;-1.13%]       790 673
50/33.33/20.83/20.83 ACO         10.05%         806 046       62 690    3.53%  -3.45% [-3.91%;-2.99%]     1 343 022
60/40/25/25 ACO                   7.93%         997 702       73 109    2.77%  -4.21% [-4.65%;-3.77%]     2 184 345
70/46.67/29.17/29.17 ACO          6.35%       1 231 747       86 482    2.28%  -4.70% [-5.14%;-4.26%]     3 488 858
80/53.33/33.33/33.33 ACO          5.16%       1 523 110      103 632    1.98%  -5.00% [-5.44%;-4.56%]     5 386 150
25/25/25/25 ACO                  14.31%         600 712       52 441    6.48%  -0.50% [-1.06%;+0.06%]       663 492
31.25/31.25/31.25/31.25 ACO      11.20%         734 016       59 482    4.51%  -2.47% [-2.98%;-1.96%]     1 092 083
37.5/37.5/37.5/37.5 ACO           8.97%         893 846       68 403    3.39%  -3.59% [-4.07%;-3.11%]     1 723 530
43.75/43.75/43.75/43.75 ACO       7.31%       1 090 645       79 749    2.87%  -4.11% [-4.59%;-3.63%]     2 670 143
50/50/50/50 ACO                   6.04%       1 323 307       94 202    2.60%  -4.38% [-4.86%;-3.90%]     4 007 920
