PANEL A -- DESIGN FIXE EX ANTE (aucun ciblage de volatilite)
Stress historique integral : aucune exclusion d'investissabilite.
strategie                  actions    oblig.       or       MF     brut   emprunt
---------------------------------------------------------------------------------
ACO 33/67                    100%*      0.0%     0.0%     0.0%   100.0%      0.0%
ACO 33/67 125%              125.0%      0.0%     0.0%     0.0%   125.0%     25.0%
ACO 33/67 150%              150.0%      0.0%     0.0%     0.0%   150.0%     50.0%
ACO 33/67 175%              175.0%      0.0%     0.0%     0.0%   175.0%     75.0%
ACO 33/67 200%              200.0%      0.0%     0.0%     0.0%   200.0%    100.0%
Stocks/I 50/50               100%*      0.0%     0.0%     0.0%   100.0%      0.0%
Actions domestiques         100%**      0.0%     0.0%     0.0%   100.0%      0.0%
ACO 33/67, change cst     100%****      0.0%     0.0%     0.0%   100.0%      0.0%
90/60 local fixe              90%*     60%**     0.0%     0.0%   150.0%     50.0%
90/60 oblig. mondiales        90%*    60%***     0.0%     0.0%   150.0%     50.0%
60/40 ACO/couvert            60.0%     40.0%     0.0%     0.0%   100.0%      0.0%
60/40 ACO + 33.33 MF         60.0%     40.0%     0.0%    33.3%   133.3%     33.3%
60/40 ACO + 33.33 Or         60.0%     40.0%    33.3%     0.0%   133.3%     33.3%
54/36/20/20 ACO              54.0%     36.0%    20.0%    20.0%   130.0%     30.0%
40/26.67/16.67/16.67 ACO     40.0%     26.7%    16.7%    16.7%   100.0%      0.0%
50/33.33/20.83/20.83 ACO     50.0%     33.3%    20.8%    20.8%   125.0%     25.0%
60/40/25/25 ACO              60.0%     40.0%    25.0%    25.0%   150.0%     50.0%
70/46.67/29.17/29.17 ACO     70.0%     46.7%    29.2%    29.2%   175.0%     75.0%
80/53.33/33.33/33.33 ACO     80.0%     53.3%    33.3%    33.3%   200.0%    100.0%
25/25/25/25 ACO              25.0%     25.0%    25.0%    25.0%   100.0%      0.0%
31.25/31.25/31.25/31.25 ACO     31.2%     31.2%    31.2%    31.2%   125.0%     25.0%
37.5/37.5/37.5/37.5 ACO      37.5%     37.5%    37.5%    37.5%   150.0%     50.0%
43.75/43.75/43.75/43.75 ACO     43.8%     43.8%    43.8%    43.8%   175.0%     75.0%
50/50/50/50 ACO              50.0%     50.0%    50.0%    50.0%   200.0%    100.0%
90/60/25/25 ACO              90.0%     60.0%    25.0%    25.0%   200.0%    100.0%
* ACO 33/67 est le portefeuille fixe optimal de la revision 2025 ;
  toutes les extensions conservent cette meme poche actions.
  Stocks/I conserve la convention historique 50/50 comme controle.
** Exposition domestique au pays de residence de la trajectoire.
*** Obligations mondiales couvertes ; bill du resident ; actions inchangees.
**** 33/67 domestique/international, change reel neutralise ; contrefactuel.

PANEL B -- MOMENTS REALISES (evaluation, jamais calibrage)
strategie                  rendement   volatilite    pct. 1 %       minimum (pays-annee)
----------------------------------------------------------------------------------------
ACO 33/67                      8.12%       17.03%     -38.40%    -46.80% (Portugal 1974)
ACO 33/67 125%                 9.81%       21.20%     -47.93%       -57.10% (Japan 2008)
ACO 33/67 150%                11.49%       25.41%     -57.17%       -68.39% (Japan 2008)
ACO 33/67 175%                13.18%       29.63%     -66.35%       -79.69% (Japan 2008)
ACO 33/67 200%                14.87%       33.87%     -75.81%       -90.99% (Japan 2008)
40/26.67/16.67/16.67 ACO       5.95%        9.09%     -11.91%    -24.85% (Portugal 1974)
50/33.33/20.83/20.83 ACO       7.10%       11.10%     -14.39%    -25.67% (Portugal 1974)
60/40/25/25 ACO                8.24%       13.18%     -17.71%    -26.50% (Portugal 1974)
70/46.67/29.17/29.17 ACO       9.39%       15.29%     -20.46%    -30.23% (Portugal 1990)
80/53.33/33.33/33.33 ACO      10.54%       17.42%     -23.36%    -35.03% (Portugal 1990)
25/25/25/25 ACO                5.68%        8.79%     -11.95%    -16.64% (Portugal 1974)
31.25/31.25/31.25/31.25 ACO       6.76%       10.72%     -13.91%    -17.44% (Portugal 1990)
37.5/37.5/37.5/37.5 ACO        7.83%       12.72%     -15.60%    -21.61% (Portugal 1990)
43.75/43.75/43.75/43.75 ACO       8.91%       14.75%     -18.10%    -25.77% (Portugal 1990)
50/50/50/50 ACO                9.99%       16.81%     -20.94%    -29.94% (Portugal 1990)

PANEL C -- CYCLE DE VIE, CRRA ET EPARGNE EQUIVALENTE
10000 trajectoires appariees ; blocs 10 ans ; spread 0.30% ; gamma 3.84
MF nets de frais 0.85%, couts 0.61% et haircut 0.00%
Obligations et MF couverts ; friction de change 0.10%
Controle revenu median : age 25 28 480  age 47 68 284

Reference d'utilite : ACO 33/67 avec 10 % d'epargne.
strategie                   epargne eq.   richesse med.   conso moy.    ruine            delta [IC95]     legs med.
-----------------------------------------------------------------------------------------------------------------
ACO 33/67                        10.00%         947 810       74 724    6.04%  +0.00% [+0.00%;+0.00%]     1 737 560
ACO 33/67 125%                    9.80%       1 129 415       91 077    8.74%  +2.70% [+2.37%;+3.03%]     2 303 509
ACO 33/67 150%                   11.36%       1 270 665      111 618   12.76%  +6.72% [+6.22%;+7.22%]     2 614 326
ACO 33/67 175%                   17.68%       1 349 999      136 274   18.57%  +12.53% [+11.87%;+13.19%]     2 466 822
ACO 33/67 200%                   54.71%       1 317 647      165 162   25.67%  +19.63% [+18.85%;+20.41%]     1 689 094
40/26.67/16.67/16.67 ACO          9.59%         828 014       63 226    0.82%  -5.22% [-5.67%;-4.77%]     1 471 560
50/33.33/20.83/20.83 ACO          7.63%       1 031 442       73 696    0.37%  -5.67% [-6.13%;-5.21%]     2 449 542
60/40/25/25 ACO                   6.17%       1 276 859       87 094    0.24%  -5.80% [-6.26%;-5.34%]     3 954 992
70/46.67/29.17/29.17 ACO          5.04%       1 582 614      104 256    0.22%  -5.82% [-6.28%;-5.36%]     6 153 115
80/53.33/33.33/33.33 ACO          4.16%       1 942 070      126 205    0.30%  -5.74% [-6.20%;-5.28%]     9 240 334
25/25/25/25 ACO                   9.82%         807 628       62 412    0.66%  -5.38% [-5.85%;-4.91%]     1 413 929
31.25/31.25/31.25/31.25 ACO       7.83%       1 007 462       72 555    0.33%  -5.71% [-6.18%;-5.24%]     2 349 594
37.5/37.5/37.5/37.5 ACO           6.31%       1 249 084       85 612    0.26%  -5.78% [-6.25%;-5.31%]     3 740 219
43.75/43.75/43.75/43.75 ACO       5.14%       1 539 954      102 442    0.24%  -5.80% [-6.27%;-5.33%]     5 895 007
50/50/50/50 ACO                   4.23%       1 897 389      124 153    0.27%  -5.77% [-6.24%;-5.30%]     9 044 315
