PANEL A -- DESIGN FIXE EX ANTE (aucun ciblage de volatilite)
Stress historique integral : aucune exclusion d'investissabilite.
strategie                  actions    oblig.       or       MF     brut   emprunt
---------------------------------------------------------------------------------
ACO 33/67                    100%*      0.0%     0.0%     0.0%   100.0%      0.0%
ACO 33/67 125%              125.0%      0.0%     0.0%     0.0%   125.0%     25.0%
ACO 33/67 150%              150.0%      0.0%     0.0%     0.0%   150.0%     50.0%
ACO 33/67 175%              175.0%      0.0%     0.0%     0.0%   175.0%     75.0%
ACO 33/67 200%              200.0%      0.0%     0.0%     0.0%   200.0%    100.0%
Stocks/I 50/50               100%*      0.0%     0.0%     0.0%   100.0%      0.0%
Actions domestiques         100%**      0.0%     0.0%     0.0%   100.0%      0.0%
ACO 33/67, change cst     100%****      0.0%     0.0%     0.0%   100.0%      0.0%
90/60 local fixe              90%*     60%**     0.0%     0.0%   150.0%     50.0%
90/60 oblig. mondiales        90%*    60%***     0.0%     0.0%   150.0%     50.0%
60/40 ACO/couvert            60.0%     40.0%     0.0%     0.0%   100.0%      0.0%
60/40 ACO + 33.33 MF         60.0%     40.0%     0.0%    33.3%   133.3%     33.3%
60/40 ACO + 33.33 Or         60.0%     40.0%    33.3%     0.0%   133.3%     33.3%
54/36/20/20 ACO              54.0%     36.0%    20.0%    20.0%   130.0%     30.0%
40/26.67/16.67/16.67 ACO     40.0%     26.7%    16.7%    16.7%   100.0%      0.0%
50/33.33/20.83/20.83 ACO     50.0%     33.3%    20.8%    20.8%   125.0%     25.0%
60/40/25/25 ACO              60.0%     40.0%    25.0%    25.0%   150.0%     50.0%
70/46.67/29.17/29.17 ACO     70.0%     46.7%    29.2%    29.2%   175.0%     75.0%
80/53.33/33.33/33.33 ACO     80.0%     53.3%    33.3%    33.3%   200.0%    100.0%
25/25/25/25 ACO              25.0%     25.0%    25.0%    25.0%   100.0%      0.0%
31.25/31.25/31.25/31.25 ACO     31.2%     31.2%    31.2%    31.2%   125.0%     25.0%
37.5/37.5/37.5/37.5 ACO      37.5%     37.5%    37.5%    37.5%   150.0%     50.0%
43.75/43.75/43.75/43.75 ACO     43.8%     43.8%    43.8%    43.8%   175.0%     75.0%
50/50/50/50 ACO              50.0%     50.0%    50.0%    50.0%   200.0%    100.0%
90/60/25/25 ACO              90.0%     60.0%    25.0%    25.0%   200.0%    100.0%
* ACO 33/67 est le portefeuille fixe optimal de la revision 2025 ;
  toutes les extensions conservent cette meme poche actions.
  Stocks/I conserve la convention historique 50/50 comme controle.
** Exposition domestique au pays de residence de la trajectoire.
*** Obligations mondiales couvertes ; bill du resident ; actions inchangees.
**** 33/67 domestique/international, change reel neutralise ; contrefactuel.

PANEL B -- MOMENTS REALISES (evaluation, jamais calibrage)
strategie                  rendement   volatilite    pct. 1 %       minimum (pays-annee)
----------------------------------------------------------------------------------------
ACO 33/67                      8.12%       25.28%     -40.36%       -84.60% (Japan 1945)
ACO 33/67 125%                 9.45%       31.47%     -48.74%       -83.76% (Japan 1945)
ACO 33/67 150%                10.79%       37.71%     -58.57%       -82.92% (Japan 1945)
ACO 33/67 175%                12.13%       43.99%     -67.97%       -82.09% (Japan 1945)
ACO 33/67 200%                13.47%       50.28%     -77.94%       -93.19% (Japan 2008)
40/26.67/16.67/16.67 ACO       5.66%       15.66%     -16.09%       -86.70% (Japan 1945)
50/33.33/20.83/20.83 ACO       6.38%       19.23%     -19.18%       -86.38% (Japan 1945)
60/40/25/25 ACO                7.10%       22.88%     -22.28%       -86.07% (Japan 1945)
70/46.67/29.17/29.17 ACO       7.83%       26.58%     -26.05%       -85.75% (Japan 1945)
80/53.33/33.33/33.33 ACO       8.55%       30.31%     -29.92%       -85.44% (Japan 1945)
25/25/25/25 ACO                5.35%       15.09%     -15.53%       -86.97% (Japan 1945)
31.25/31.25/31.25/31.25 ACO       6.00%       18.50%     -16.38%       -86.72% (Japan 1945)
37.5/37.5/37.5/37.5 ACO        6.65%       21.99%     -19.96%       -86.47% (Japan 1945)
43.75/43.75/43.75/43.75 ACO       7.30%       25.54%     -22.81%       -86.23% (Japan 1945)
50/50/50/50 ACO                7.95%       29.12%     -26.38%       -85.98% (Japan 1945)

PANEL C -- CYCLE DE VIE, CRRA ET EPARGNE EQUIVALENTE
10000 trajectoires appariees ; blocs 10 ans ; spread 2.50% ; gamma 3.84
MF nets de frais 0.85%, couts 0.61% et haircut 0.00%
Obligations et MF couverts ; friction de change 0.10%
Controle revenu median : age 25 28 445  age 47 70 443

Reference d'utilite : ACO 33/67 avec 10 % d'epargne.
strategie                   epargne eq.   richesse med.   conso moy.    ruine            delta [IC95]     legs med.
-----------------------------------------------------------------------------------------------------------------
ACO 33/67                        10.00%         893 324       71 733    6.98%  +0.00% [+0.00%;+0.00%]     1 564 744
ACO 33/67 125%                   10.30%         994 829       82 102   10.08%  +3.10% [+2.74%;+3.46%]     1 841 418
ACO 33/67 150%                   12.44%       1 053 376       93 393   14.49%  +7.51% [+6.97%;+8.05%]     1 851 008
ACO 33/67 175%                   19.29%       1 052 564      105 029   20.74%  +13.76% [+13.06%;+14.46%]     1 533 703
ACO 33/67 200%                   53.05%         968 182      116 294   28.08%  +21.10% [+20.28%;+21.92%]       957 672
40/26.67/16.67/16.67 ACO         12.35%         672 728       56 021    5.04%  -1.94% [-2.43%;-1.45%]       882 717
50/33.33/20.83/20.83 ACO         11.00%         746 756       60 089    4.30%  -2.68% [-3.15%;-2.21%]     1 107 130
60/40/25/25 ACO                  10.01%         819 214       64 568    4.10%  -2.88% [-3.33%;-2.43%]     1 370 628
70/46.67/29.17/29.17 ACO          9.28%         892 302       69 480    4.44%  -2.54% [-2.99%;-2.09%]     1 644 275
80/53.33/33.33/33.33 ACO          8.75%         968 086       74 834    4.91%  -2.07% [-2.52%;-1.62%]     1 919 762
25/25/25/25 ACO                  13.26%         639 711       54 427    5.90%  -1.08% [-1.62%;-0.54%]       777 270
31.25/31.25/31.25/31.25 ACO      11.98%         699 508       57 960    5.46%  -1.52% [-2.05%;-0.99%]       958 931
37.5/37.5/37.5/37.5 ACO          11.03%         757 343       61 861    5.37%  -1.61% [-2.14%;-1.08%]     1 152 660
43.75/43.75/43.75/43.75 ACO      10.36%         815 366       66 153    5.65%  -1.33% [-1.88%;-0.78%]     1 339 938
50/50/50/50 ACO                   9.90%         876 924       70 878    6.35%  -0.63% [-1.20%;-0.06%]     1 538 852
