PANEL A -- DESIGN FIXE EX ANTE (aucun ciblage de volatilite)
Stress historique integral : aucune exclusion d'investissabilite.
strategie                  actions    oblig.       or       MF     brut   emprunt
---------------------------------------------------------------------------------
ACO 33/67                    100%*      0.0%     0.0%     0.0%   100.0%      0.0%
ACO 33/67 125%              125.0%      0.0%     0.0%     0.0%   125.0%     25.0%
ACO 33/67 150%              150.0%      0.0%     0.0%     0.0%   150.0%     50.0%
ACO 33/67 175%              175.0%      0.0%     0.0%     0.0%   175.0%     75.0%
ACO 33/67 200%              200.0%      0.0%     0.0%     0.0%   200.0%    100.0%
Stocks/I 50/50               100%*      0.0%     0.0%     0.0%   100.0%      0.0%
Actions domestiques         100%**      0.0%     0.0%     0.0%   100.0%      0.0%
ACO 33/67, change cst     100%****      0.0%     0.0%     0.0%   100.0%      0.0%
90/60 local fixe              90%*     60%**     0.0%     0.0%   150.0%     50.0%
90/60 oblig. mondiales        90%*    60%***     0.0%     0.0%   150.0%     50.0%
60/40 ACO/couvert            60.0%     40.0%     0.0%     0.0%   100.0%      0.0%
60/40 ACO + 33.33 MF         60.0%     40.0%     0.0%    33.3%   133.3%     33.3%
60/40 ACO + 33.33 Or         60.0%     40.0%    33.3%     0.0%   133.3%     33.3%
54/36/20/20 ACO              54.0%     36.0%    20.0%    20.0%   130.0%     30.0%
40/26.67/16.67/16.67 ACO     40.0%     26.7%    16.7%    16.7%   100.0%      0.0%
50/33.33/20.83/20.83 ACO     50.0%     33.3%    20.8%    20.8%   125.0%     25.0%
60/40/25/25 ACO              60.0%     40.0%    25.0%    25.0%   150.0%     50.0%
70/46.67/29.17/29.17 ACO     70.0%     46.7%    29.2%    29.2%   175.0%     75.0%
80/53.33/33.33/33.33 ACO     80.0%     53.3%    33.3%    33.3%   200.0%    100.0%
25/25/25/25 ACO              25.0%     25.0%    25.0%    25.0%   100.0%      0.0%
31.25/31.25/31.25/31.25 ACO     31.2%     31.2%    31.2%    31.2%   125.0%     25.0%
37.5/37.5/37.5/37.5 ACO      37.5%     37.5%    37.5%    37.5%   150.0%     50.0%
43.75/43.75/43.75/43.75 ACO     43.8%     43.8%    43.8%    43.8%   175.0%     75.0%
50/50/50/50 ACO              50.0%     50.0%    50.0%    50.0%   200.0%    100.0%
90/60/25/25 ACO              90.0%     60.0%    25.0%    25.0%   200.0%    100.0%
* ACO 33/67 est le portefeuille fixe optimal de la revision 2025 ;
  toutes les extensions conservent cette meme poche actions.
  Stocks/I conserve la convention historique 50/50 comme controle.
** Exposition domestique au pays de residence de la trajectoire.
*** Obligations mondiales couvertes ; bill du resident ; actions inchangees.
**** 33/67 domestique/international, change reel neutralise ; contrefactuel.

PANEL B -- MOMENTS REALISES (evaluation, jamais calibrage)
strategie                  rendement   volatilite    pct. 1 %       minimum (pays-annee)
----------------------------------------------------------------------------------------
ACO 33/67                      8.12%       25.28%     -40.36%       -84.60% (Japan 1945)
ACO 33/67 125%                 9.58%       31.47%     -48.62%       -83.64% (Japan 1945)
ACO 33/67 150%                11.04%       37.71%     -58.32%       -82.67% (Japan 1945)
ACO 33/67 175%                12.51%       43.99%     -67.59%       -81.71% (Japan 1945)
ACO 33/67 200%                13.97%       50.28%     -77.44%       -92.69% (Japan 2008)
40/26.67/16.67/16.67 ACO       5.66%       15.66%     -16.09%       -86.70% (Japan 1945)
50/33.33/20.83/20.83 ACO       6.51%       19.23%     -19.05%       -86.26% (Japan 1945)
60/40/25/25 ACO                7.35%       22.88%     -22.03%       -85.82% (Japan 1945)
70/46.67/29.17/29.17 ACO       8.20%       26.58%     -25.67%       -85.38% (Japan 1945)
80/53.33/33.33/33.33 ACO       9.05%       30.31%     -29.42%       -84.94% (Japan 1945)
25/25/25/25 ACO                5.35%       15.09%     -15.53%       -86.97% (Japan 1945)
31.25/31.25/31.25/31.25 ACO       6.13%       18.50%     -16.26%       -86.60% (Japan 1945)
37.5/37.5/37.5/37.5 ACO        6.90%       21.99%     -19.71%       -86.22% (Japan 1945)
43.75/43.75/43.75/43.75 ACO       7.67%       25.54%     -22.44%       -85.85% (Japan 1945)
50/50/50/50 ACO                8.45%       29.12%     -25.88%       -85.48% (Japan 1945)

PANEL C -- CYCLE DE VIE, CRRA ET EPARGNE EQUIVALENTE
10000 trajectoires appariees ; blocs 10 ans ; spread 2.00% ; gamma 3.84
MF nets de frais 0.85%, couts 0.61% et haircut 0.00%
Obligations et MF couverts ; friction de change 0.10%
Controle revenu median : age 25 28 445  age 47 70 443

Reference d'utilite : ACO 33/67 avec 10 % d'epargne.
strategie                   epargne eq.   richesse med.   conso moy.    ruine            delta [IC95]     legs med.
-----------------------------------------------------------------------------------------------------------------
ACO 33/67                        10.00%         893 324       71 733    6.98%  +0.00% [+0.00%;+0.00%]     1 564 744
ACO 33/67 125%                    9.87%       1 025 754       84 003    9.56%  +2.58% [+2.24%;+2.92%]     1 974 251
ACO 33/67 150%                   11.31%       1 121 442       98 183   13.69%  +6.71% [+6.19%;+7.23%]     2 148 396
ACO 33/67 175%                   16.42%       1 152 000      113 762   19.26%  +12.28% [+11.61%;+12.95%]     1 935 581
ACO 33/67 200%                   38.35%       1 092 089      130 293   26.38%  +19.40% [+18.60%;+20.20%]     1 308 678
40/26.67/16.67/16.67 ACO         12.35%         672 728       56 021    5.04%  -1.94% [-2.43%;-1.45%]       882 717
50/33.33/20.83/20.83 ACO         10.62%         768 328       61 168    4.00%  -2.98% [-3.44%;-2.52%]     1 189 768
60/40/25/25 ACO                   9.33%         869 576       67 069    3.64%  -3.34% [-3.79%;-2.89%]     1 579 465
70/46.67/29.17/29.17 ACO          8.35%         976 468       73 829    3.59%  -3.39% [-3.83%;-2.95%]     2 032 277
80/53.33/33.33/33.33 ACO          7.58%       1 093 865       81 531    3.82%  -3.16% [-3.61%;-2.71%]     2 561 702
25/25/25/25 ACO                  13.26%         639 711       54 427    5.90%  -1.08% [-1.62%;-0.54%]       777 270
31.25/31.25/31.25/31.25 ACO      11.55%         720 219       58 973    5.13%  -1.85% [-2.38%;-1.32%]     1 029 335
37.5/37.5/37.5/37.5 ACO          10.27%         802 717       64 187    4.70%  -2.28% [-2.80%;-1.76%]     1 322 403
43.75/43.75/43.75/43.75 ACO       9.29%         891 099       70 164    4.68%  -2.30% [-2.82%;-1.78%]     1 669 963
50/50/50/50 ACO                   8.55%         987 671       77 023    4.91%  -2.07% [-2.60%;-1.54%]     2 061 795
