PANEL A -- DESIGN FIXE EX ANTE (aucun ciblage de volatilite)
Stress historique integral : aucune exclusion d'investissabilite.
strategie                  actions    oblig.       or       MF     brut   emprunt
---------------------------------------------------------------------------------
ACO 33/67                    100%*      0.0%     0.0%     0.0%   100.0%      0.0%
ACO 33/67 125%              125.0%      0.0%     0.0%     0.0%   125.0%     25.0%
ACO 33/67 150%              150.0%      0.0%     0.0%     0.0%   150.0%     50.0%
ACO 33/67 175%              175.0%      0.0%     0.0%     0.0%   175.0%     75.0%
ACO 33/67 200%              200.0%      0.0%     0.0%     0.0%   200.0%    100.0%
Stocks/I 50/50               100%*      0.0%     0.0%     0.0%   100.0%      0.0%
Actions domestiques         100%**      0.0%     0.0%     0.0%   100.0%      0.0%
ACO 33/67, change cst     100%****      0.0%     0.0%     0.0%   100.0%      0.0%
90/60 local fixe              90%*     60%**     0.0%     0.0%   150.0%     50.0%
90/60 oblig. mondiales        90%*    60%***     0.0%     0.0%   150.0%     50.0%
60/40 ACO/couvert            60.0%     40.0%     0.0%     0.0%   100.0%      0.0%
60/40 ACO + 33.33 MF         60.0%     40.0%     0.0%    33.3%   133.3%     33.3%
60/40 ACO + 33.33 Or         60.0%     40.0%    33.3%     0.0%   133.3%     33.3%
54/36/20/20 ACO              54.0%     36.0%    20.0%    20.0%   130.0%     30.0%
40/26.67/16.67/16.67 ACO     40.0%     26.7%    16.7%    16.7%   100.0%      0.0%
50/33.33/20.83/20.83 ACO     50.0%     33.3%    20.8%    20.8%   125.0%     25.0%
60/40/25/25 ACO              60.0%     40.0%    25.0%    25.0%   150.0%     50.0%
70/46.67/29.17/29.17 ACO     70.0%     46.7%    29.2%    29.2%   175.0%     75.0%
80/53.33/33.33/33.33 ACO     80.0%     53.3%    33.3%    33.3%   200.0%    100.0%
25/25/25/25 ACO              25.0%     25.0%    25.0%    25.0%   100.0%      0.0%
31.25/31.25/31.25/31.25 ACO     31.2%     31.2%    31.2%    31.2%   125.0%     25.0%
37.5/37.5/37.5/37.5 ACO      37.5%     37.5%    37.5%    37.5%   150.0%     50.0%
43.75/43.75/43.75/43.75 ACO     43.8%     43.8%    43.8%    43.8%   175.0%     75.0%
50/50/50/50 ACO              50.0%     50.0%    50.0%    50.0%   200.0%    100.0%
90/60/25/25 ACO              90.0%     60.0%    25.0%    25.0%   200.0%    100.0%
* ACO 33/67 est le portefeuille fixe optimal de la revision 2025 ;
  toutes les extensions conservent cette meme poche actions.
  Stocks/I conserve la convention historique 50/50 comme controle.
** Exposition domestique au pays de residence de la trajectoire.
*** Obligations mondiales couvertes ; bill du resident ; actions inchangees.
**** 33/67 domestique/international, change reel neutralise ; contrefactuel.

PANEL B -- MOMENTS REALISES (evaluation, jamais calibrage)
strategie                  rendement   volatilite    pct. 1 %       minimum (pays-annee)
----------------------------------------------------------------------------------------
ACO 33/67                      8.12%       25.28%     -40.36%       -84.60% (Japan 1945)
ACO 33/67 125%                 9.83%       31.47%     -48.37%       -83.39% (Japan 1945)
ACO 33/67 150%                11.54%       37.71%     -57.82%       -82.17% (Japan 1945)
ACO 33/67 175%                13.26%       43.99%     -66.84%       -80.96% (Japan 1945)
ACO 33/67 200%                14.97%       50.28%     -76.44%       -91.69% (Japan 2008)
40/26.67/16.67/16.67 ACO       5.66%       15.66%     -16.09%       -86.70% (Japan 1945)
50/33.33/20.83/20.83 ACO       6.76%       19.23%     -18.80%       -86.01% (Japan 1945)
60/40/25/25 ACO                7.85%       22.88%     -21.53%       -85.32% (Japan 1945)
70/46.67/29.17/29.17 ACO       8.95%       26.58%     -24.92%       -84.63% (Japan 1945)
80/53.33/33.33/33.33 ACO      10.05%       30.31%     -28.42%       -83.94% (Japan 1945)
25/25/25/25 ACO                5.35%       15.09%     -15.53%       -86.97% (Japan 1945)
31.25/31.25/31.25/31.25 ACO       6.38%       18.50%     -16.01%       -86.35% (Japan 1945)
37.5/37.5/37.5/37.5 ACO        7.40%       21.99%     -19.21%       -85.72% (Japan 1945)
43.75/43.75/43.75/43.75 ACO       8.42%       25.54%     -21.69%       -85.10% (Japan 1945)
50/50/50/50 ACO                9.45%       29.12%     -24.88%       -84.48% (Japan 1945)

PANEL C -- CYCLE DE VIE, CRRA ET EPARGNE EQUIVALENTE
10000 trajectoires appariees ; blocs 10 ans ; spread 1.00% ; gamma 3.84
MF nets de frais 0.85%, couts 0.61% et haircut 0.00%
Obligations et MF couverts ; friction de change 0.10%
Controle revenu median : age 25 28 445  age 47 70 443

Reference d'utilite : ACO 33/67 avec 10 % d'epargne.
strategie                   epargne eq.   richesse med.   conso moy.    ruine            delta [IC95]     legs med.
-----------------------------------------------------------------------------------------------------------------
ACO 33/67                        10.00%         893 324       71 733    6.98%  +0.00% [+0.00%;+0.00%]     1 564 744
ACO 33/67 125%                    9.07%       1 090 485       87 982    8.73%  +1.75% [+1.44%;+2.06%]     2 273 105
ACO 33/67 150%                    9.42%       1 266 132      108 751   11.84%  +4.86% [+4.39%;+5.33%]     2 884 448
ACO 33/67 175%                   11.94%       1 385 590      134 256   16.62%  +9.64% [+9.02%;+10.26%]     3 039 675
ACO 33/67 200%                   22.03%       1 405 389      164 792   22.73%  +15.75% [+15.00%;+16.50%]     2 442 270
40/26.67/16.67/16.67 ACO         12.35%         672 728       56 021    5.04%  -1.94% [-2.43%;-1.45%]       882 717
50/33.33/20.83/20.83 ACO          9.92%         815 557       63 429    3.54%  -3.44% [-3.89%;-2.99%]     1 374 728
60/40/25/25 ACO                   8.14%         981 222       72 573    2.91%  -4.07% [-4.51%;-3.63%]     2 085 795
70/46.67/29.17/29.17 ACO          6.78%       1 170 511       83 888    2.51%  -4.47% [-4.91%;-4.03%]     3 087 637
80/53.33/33.33/33.33 ACO          5.73%       1 391 059       97 867    2.44%  -4.54% [-4.98%;-4.10%]     4 447 957
25/25/25/25 ACO                  13.26%         639 711       54 427    5.90%  -1.08% [-1.62%;-0.54%]       777 270
31.25/31.25/31.25/31.25 ACO      10.76%         763 372       61 094    4.52%  -2.46% [-2.97%;-1.95%]     1 192 527
37.5/37.5/37.5/37.5 ACO           8.93%         904 609       69 305    3.58%  -3.40% [-3.89%;-2.91%]     1 763 925
43.75/43.75/43.75/43.75 ACO       7.53%       1 069 557       79 443    3.24%  -3.74% [-4.22%;-3.26%]     2 562 514
50/50/50/50 ACO                   6.44%       1 266 914       91 973    3.16%  -3.82% [-4.30%;-3.34%]     3 621 379
