PANEL A -- DESIGN FIXE EX ANTE (aucun ciblage de volatilite)
Stress historique integral : aucune exclusion d'investissabilite.
strategie                  actions    oblig.       or       MF     brut   emprunt
---------------------------------------------------------------------------------
ACO 33/67                    100%*      0.0%     0.0%     0.0%   100.0%      0.0%
ACO 33/67 125%              125.0%      0.0%     0.0%     0.0%   125.0%     25.0%
ACO 33/67 150%              150.0%      0.0%     0.0%     0.0%   150.0%     50.0%
ACO 33/67 175%              175.0%      0.0%     0.0%     0.0%   175.0%     75.0%
ACO 33/67 200%              200.0%      0.0%     0.0%     0.0%   200.0%    100.0%
Stocks/I 50/50               100%*      0.0%     0.0%     0.0%   100.0%      0.0%
Actions domestiques         100%**      0.0%     0.0%     0.0%   100.0%      0.0%
ACO 33/67, change cst     100%****      0.0%     0.0%     0.0%   100.0%      0.0%
90/60 local fixe              90%*     60%**     0.0%     0.0%   150.0%     50.0%
90/60 oblig. mondiales        90%*    60%***     0.0%     0.0%   150.0%     50.0%
60/40 ACO/couvert            60.0%     40.0%     0.0%     0.0%   100.0%      0.0%
60/40 ACO + 33.33 MF         60.0%     40.0%     0.0%    33.3%   133.3%     33.3%
60/40 ACO + 33.33 Or         60.0%     40.0%    33.3%     0.0%   133.3%     33.3%
54/36/20/20 ACO              54.0%     36.0%    20.0%    20.0%   130.0%     30.0%
40/26.67/16.67/16.67 ACO     40.0%     26.7%    16.7%    16.7%   100.0%      0.0%
50/33.33/20.83/20.83 ACO     50.0%     33.3%    20.8%    20.8%   125.0%     25.0%
60/40/25/25 ACO              60.0%     40.0%    25.0%    25.0%   150.0%     50.0%
70/46.67/29.17/29.17 ACO     70.0%     46.7%    29.2%    29.2%   175.0%     75.0%
80/53.33/33.33/33.33 ACO     80.0%     53.3%    33.3%    33.3%   200.0%    100.0%
25/25/25/25 ACO              25.0%     25.0%    25.0%    25.0%   100.0%      0.0%
31.25/31.25/31.25/31.25 ACO     31.2%     31.2%    31.2%    31.2%   125.0%     25.0%
37.5/37.5/37.5/37.5 ACO      37.5%     37.5%    37.5%    37.5%   150.0%     50.0%
43.75/43.75/43.75/43.75 ACO     43.8%     43.8%    43.8%    43.8%   175.0%     75.0%
50/50/50/50 ACO              50.0%     50.0%    50.0%    50.0%   200.0%    100.0%
90/60/25/25 ACO              90.0%     60.0%    25.0%    25.0%   200.0%    100.0%
* ACO 33/67 est le portefeuille fixe optimal de la revision 2025 ;
  toutes les extensions conservent cette meme poche actions.
  Stocks/I conserve la convention historique 50/50 comme controle.
** Exposition domestique au pays de residence de la trajectoire.
*** Obligations mondiales couvertes ; bill du resident ; actions inchangees.
**** 33/67 domestique/international, change reel neutralise ; contrefactuel.

PANEL B -- MOMENTS REALISES (evaluation, jamais calibrage)
strategie                  rendement   volatilite    pct. 1 %       minimum (pays-annee)
----------------------------------------------------------------------------------------
ACO 33/67                      8.12%       25.28%     -40.36%       -84.60% (Japan 1945)
ACO 33/67 125%                 9.33%       31.47%     -48.87%       -83.89% (Japan 1945)
ACO 33/67 150%                10.54%       37.71%     -58.82%       -83.17% (Japan 1945)
ACO 33/67 175%                11.76%       43.99%     -68.34%       -82.46% (Japan 1945)
ACO 33/67 200%                12.97%       50.28%     -78.44%       -93.69% (Japan 2008)
40/26.67/16.67/16.67 ACO       5.66%       15.66%     -16.09%       -86.70% (Japan 1945)
50/33.33/20.83/20.83 ACO       6.26%       19.23%     -19.30%       -86.51% (Japan 1945)
60/40/25/25 ACO                6.85%       22.88%     -22.53%       -86.32% (Japan 1945)
70/46.67/29.17/29.17 ACO       7.45%       26.58%     -26.42%       -86.13% (Japan 1945)
80/53.33/33.33/33.33 ACO       8.05%       30.31%     -30.42%       -85.94% (Japan 1945)
25/25/25/25 ACO                5.35%       15.09%     -15.53%       -86.97% (Japan 1945)
31.25/31.25/31.25/31.25 ACO       5.88%       18.50%     -16.51%       -86.85% (Japan 1945)
37.5/37.5/37.5/37.5 ACO        6.40%       21.99%     -20.21%       -86.72% (Japan 1945)
43.75/43.75/43.75/43.75 ACO       6.92%       25.54%     -23.19%       -86.60% (Japan 1945)
50/50/50/50 ACO                7.45%       29.12%     -26.88%       -86.48% (Japan 1945)

PANEL C -- CYCLE DE VIE, CRRA ET EPARGNE EQUIVALENTE
10000 trajectoires appariees ; blocs 10 ans ; spread 3.00% ; gamma 3.84
MF nets de frais 0.85%, couts 0.61% et haircut 0.00%
Obligations et MF couverts ; friction de change 0.10%
Controle revenu median : age 25 28 445  age 47 70 443

Reference d'utilite : ACO 33/67 avec 10 % d'epargne.
strategie                   epargne eq.   richesse med.   conso moy.    ruine            delta [IC95]     legs med.
-----------------------------------------------------------------------------------------------------------------
ACO 33/67                        10.00%         893 324       71 733    6.98%  +0.00% [+0.00%;+0.00%]     1 564 744
ACO 33/67 125%                   10.76%         964 560       80 266   10.50%  +3.52% [+3.14%;+3.90%]     1 724 113
ACO 33/67 150%                   13.68%         990 285       88 941   15.31%  +8.33% [+7.77%;+8.89%]     1 604 350
ACO 33/67 175%                   22.80%         959 949       97 186   22.09%  +15.11% [+14.39%;+15.83%]     1 214 622
ACO 33/67 200%                   76.63%         855 799      104 320   29.73%  +22.75% [+21.91%;+23.59%]       687 338
40/26.67/16.67/16.67 ACO         12.35%         672 728       56 021    5.04%  -1.94% [-2.43%;-1.45%]       882 717
50/33.33/20.83/20.83 ACO         11.39%         725 394       59 043    4.64%  -2.34% [-2.81%;-1.87%]     1 034 696
60/40/25/25 ACO                  10.74%         773 412       62 218    4.75%  -2.23% [-2.69%;-1.77%]     1 182 949
70/46.67/29.17/29.17 ACO         10.34%         818 270       65 525    5.32%  -1.66% [-2.12%;-1.20%]     1 324 393
80/53.33/33.33/33.33 ACO         10.14%         858 633       68 951    6.19%  -0.79% [-1.26%;-0.32%]     1 438 110
25/25/25/25 ACO                  13.26%         639 711       54 427    5.90%  -1.08% [-1.62%;-0.54%]       777 270
31.25/31.25/31.25/31.25 ACO      12.42%         679 884       56 980    5.82%  -1.16% [-1.70%;-0.62%]       886 364
37.5/37.5/37.5/37.5 ACO          11.87%         714 799       59 674    6.19%  -0.79% [-1.34%;-0.24%]       989 466
43.75/43.75/43.75/43.75 ACO      11.58%         747 167       62 505    6.92%  -0.06% [-0.63%;+0.51%]     1 080 145
50/50/50/50 ACO                  11.56%         779 818       65 458    8.13%  +1.15% [+0.55%;+1.75%]     1 155 254
