PANEL A -- DESIGN FIXE EX ANTE (aucun ciblage de volatilite)
Stress historique integral : aucune exclusion d'investissabilite.
strategie                  actions    oblig.       or       MF     brut   emprunt
---------------------------------------------------------------------------------
ACO 33/67                    100%*      0.0%     0.0%     0.0%   100.0%      0.0%
ACO 33/67 125%              125.0%      0.0%     0.0%     0.0%   125.0%     25.0%
ACO 33/67 150%              150.0%      0.0%     0.0%     0.0%   150.0%     50.0%
ACO 33/67 175%              175.0%      0.0%     0.0%     0.0%   175.0%     75.0%
ACO 33/67 200%              200.0%      0.0%     0.0%     0.0%   200.0%    100.0%
Stocks/I 50/50               100%*      0.0%     0.0%     0.0%   100.0%      0.0%
Actions domestiques         100%**      0.0%     0.0%     0.0%   100.0%      0.0%
ACO 33/67, change cst     100%****      0.0%     0.0%     0.0%   100.0%      0.0%
90/60 local fixe              90%*     60%**     0.0%     0.0%   150.0%     50.0%
90/60 oblig. mondiales        90%*    60%***     0.0%     0.0%   150.0%     50.0%
60/40 ACO/couvert            60.0%     40.0%     0.0%     0.0%   100.0%      0.0%
60/40 ACO + 33.33 MF         60.0%     40.0%     0.0%    33.3%   133.3%     33.3%
60/40 ACO + 33.33 Or         60.0%     40.0%    33.3%     0.0%   133.3%     33.3%
54/36/20/20 ACO              54.0%     36.0%    20.0%    20.0%   130.0%     30.0%
40/26.67/16.67/16.67 ACO     40.0%     26.7%    16.7%    16.7%   100.0%      0.0%
50/33.33/20.83/20.83 ACO     50.0%     33.3%    20.8%    20.8%   125.0%     25.0%
60/40/25/25 ACO              60.0%     40.0%    25.0%    25.0%   150.0%     50.0%
70/46.67/29.17/29.17 ACO     70.0%     46.7%    29.2%    29.2%   175.0%     75.0%
80/53.33/33.33/33.33 ACO     80.0%     53.3%    33.3%    33.3%   200.0%    100.0%
25/25/25/25 ACO              25.0%     25.0%    25.0%    25.0%   100.0%      0.0%
31.25/31.25/31.25/31.25 ACO     31.2%     31.2%    31.2%    31.2%   125.0%     25.0%
37.5/37.5/37.5/37.5 ACO      37.5%     37.5%    37.5%    37.5%   150.0%     50.0%
43.75/43.75/43.75/43.75 ACO     43.8%     43.8%    43.8%    43.8%   175.0%     75.0%
50/50/50/50 ACO              50.0%     50.0%    50.0%    50.0%   200.0%    100.0%
90/60/25/25 ACO              90.0%     60.0%    25.0%    25.0%   200.0%    100.0%
* ACO 33/67 est le portefeuille fixe optimal de la revision 2025 ;
  toutes les extensions conservent cette meme poche actions.
  Stocks/I conserve la convention historique 50/50 comme controle.
** Exposition domestique au pays de residence de la trajectoire.
*** Obligations mondiales couvertes ; bill du resident ; actions inchangees.
**** 33/67 domestique/international, change reel neutralise ; contrefactuel.

PANEL B -- MOMENTS REALISES (evaluation, jamais calibrage)
strategie                  rendement   volatilite    pct. 1 %       minimum (pays-annee)
----------------------------------------------------------------------------------------
ACO 33/67                      8.12%       25.28%     -40.36%       -84.60% (Japan 1945)
ACO 33/67 125%                10.00%       31.47%     -48.19%       -83.21% (Japan 1945)
ACO 33/67 150%                11.89%       37.71%     -57.47%       -81.82% (Japan 1945)
ACO 33/67 175%                13.78%       43.99%     -66.32%       -80.44% (Japan 1945)
ACO 33/67 200%                15.67%       50.28%     -75.74%       -90.99% (Japan 2008)
40/26.67/16.67/16.67 ACO       5.27%       15.66%     -16.48%       -87.09% (Japan 1945)
50/33.33/20.83/20.83 ACO       6.44%       19.23%     -19.11%       -86.32% (Japan 1945)
60/40/25/25 ACO                7.62%       22.88%     -21.77%       -85.55% (Japan 1945)
70/46.67/29.17/29.17 ACO       8.80%       26.58%     -25.08%       -84.78% (Japan 1945)
80/53.33/33.33/33.33 ACO       9.97%       30.31%     -28.50%       -84.02% (Japan 1945)
25/25/25/25 ACO                4.90%       15.09%     -15.98%       -87.42% (Japan 1945)
31.25/31.25/31.25/31.25 ACO       5.99%       18.50%     -16.40%       -86.73% (Japan 1945)
37.5/37.5/37.5/37.5 ACO        7.07%       21.99%     -19.53%       -86.05% (Japan 1945)
43.75/43.75/43.75/43.75 ACO       8.16%       25.54%     -21.95%       -85.36% (Japan 1945)
50/50/50/50 ACO                9.25%       29.12%     -25.08%       -84.68% (Japan 1945)

PANEL C -- CYCLE DE VIE, CRRA ET EPARGNE EQUIVALENTE
10000 trajectoires appariees ; blocs 10 ans ; spread 0.30% ; gamma 3.84
MF nets de frais 0.85%, couts 0.61% et haircut 0.00%
Obligations et MF couverts ; friction de change 1.00%
Controle revenu median : age 25 28 445  age 47 70 443

Reference d'utilite : ACO 33/67 avec 10 % d'epargne.
strategie                   epargne eq.   richesse med.   conso moy.    ruine            delta [IC95]     legs med.
-----------------------------------------------------------------------------------------------------------------
ACO 33/67                        10.00%         893 324       71 733    6.98%  +0.00% [+0.00%;+0.00%]     1 564 744
ACO 33/67 125%                    8.56%       1 137 622       90 926    8.13%  +1.15% [+0.86%;+1.44%]     2 512 346
ACO 33/67 150%                    8.30%       1 381 587      117 048   10.69%  +3.71% [+3.27%;+4.15%]     3 504 847
ACO 33/67 175%                    9.64%       1 575 340      151 395   14.81%  +7.83% [+7.25%;+8.41%]     4 129 999
ACO 33/67 200%                   15.66%       1 674 475      195 615   20.28%  +13.30% [+12.59%;+14.01%]     3 768 679
40/26.67/16.67/16.67 ACO         13.80%         616 091       53 259    6.15%  -0.83% [-1.34%;-0.32%]       699 021
50/33.33/20.83/20.83 ACO         10.81%         757 368       60 624    4.17%  -2.81% [-3.27%;-2.35%]     1 148 623
60/40/25/25 ACO                   8.68%         926 891       69 898    3.21%  -3.77% [-4.21%;-3.33%]     1 831 270
70/46.67/29.17/29.17 ACO          7.08%       1 126 538       81 610    2.73%  -4.25% [-4.68%;-3.82%]     2 838 155
80/53.33/33.33/33.33 ACO          5.86%       1 365 006       96 395    2.57%  -4.41% [-4.85%;-3.97%]     4 257 342
25/25/25/25 ACO                  15.13%         576 608       51 434    7.19%  +0.21% [-0.37%;+0.79%]       589 584
31.25/31.25/31.25/31.25 ACO      12.02%         697 681       57 861    5.48%  -1.50% [-2.03%;-0.97%]       951 865
37.5/37.5/37.5/37.5 ACO           9.77%         837 242       65 904    4.28%  -2.70% [-3.21%;-2.19%]     1 463 185
43.75/43.75/43.75/43.75 ACO       8.10%       1 003 119       75 988    3.76%  -3.22% [-3.72%;-2.72%]     2 211 031
50/50/50/50 ACO                   6.81%       1 205 687       88 658    3.51%  -3.47% [-3.97%;-2.97%]     3 226 999
