PANEL A -- DESIGN FIXE EX ANTE (aucun ciblage de volatilite)
Stress historique integral : aucune exclusion d'investissabilite.
strategie                  actions    oblig.       or       MF     brut   emprunt
---------------------------------------------------------------------------------
ACO 33/67                    100%*      0.0%     0.0%     0.0%   100.0%      0.0%
ACO 33/67 125%              125.0%      0.0%     0.0%     0.0%   125.0%     25.0%
ACO 33/67 150%              150.0%      0.0%     0.0%     0.0%   150.0%     50.0%
ACO 33/67 175%              175.0%      0.0%     0.0%     0.0%   175.0%     75.0%
ACO 33/67 200%              200.0%      0.0%     0.0%     0.0%   200.0%    100.0%
Stocks/I 50/50               100%*      0.0%     0.0%     0.0%   100.0%      0.0%
Actions domestiques         100%**      0.0%     0.0%     0.0%   100.0%      0.0%
ACO 33/67, change cst     100%****      0.0%     0.0%     0.0%   100.0%      0.0%
90/60 local fixe              90%*     60%**     0.0%     0.0%   150.0%     50.0%
90/60 oblig. mondiales        90%*    60%***     0.0%     0.0%   150.0%     50.0%
60/40 ACO/couvert            60.0%     40.0%     0.0%     0.0%   100.0%      0.0%
60/40 ACO + 33.33 MF         60.0%     40.0%     0.0%    33.3%   133.3%     33.3%
60/40 ACO + 33.33 Or         60.0%     40.0%    33.3%     0.0%   133.3%     33.3%
54/36/20/20 ACO              54.0%     36.0%    20.0%    20.0%   130.0%     30.0%
40/26.67/16.67/16.67 ACO     40.0%     26.7%    16.7%    16.7%   100.0%      0.0%
50/33.33/20.83/20.83 ACO     50.0%     33.3%    20.8%    20.8%   125.0%     25.0%
60/40/25/25 ACO              60.0%     40.0%    25.0%    25.0%   150.0%     50.0%
70/46.67/29.17/29.17 ACO     70.0%     46.7%    29.2%    29.2%   175.0%     75.0%
80/53.33/33.33/33.33 ACO     80.0%     53.3%    33.3%    33.3%   200.0%    100.0%
25/25/25/25 ACO              25.0%     25.0%    25.0%    25.0%   100.0%      0.0%
31.25/31.25/31.25/31.25 ACO     31.2%     31.2%    31.2%    31.2%   125.0%     25.0%
37.5/37.5/37.5/37.5 ACO      37.5%     37.5%    37.5%    37.5%   150.0%     50.0%
43.75/43.75/43.75/43.75 ACO     43.8%     43.8%    43.8%    43.8%   175.0%     75.0%
50/50/50/50 ACO              50.0%     50.0%    50.0%    50.0%   200.0%    100.0%
90/60/25/25 ACO              90.0%     60.0%    25.0%    25.0%   200.0%    100.0%
* ACO 33/67 est le portefeuille fixe optimal de la revision 2025 ;
  toutes les extensions conservent cette meme poche actions.
  Stocks/I conserve la convention historique 50/50 comme controle.
** Exposition domestique au pays de residence de la trajectoire.
*** Obligations mondiales couvertes ; bill du resident ; actions inchangees.
**** 33/67 domestique/international, change reel neutralise ; contrefactuel.

PANEL B -- MOMENTS REALISES (evaluation, jamais calibrage)
strategie                  rendement   volatilite    pct. 1 %       minimum (pays-annee)
----------------------------------------------------------------------------------------
ACO 33/67                      8.12%       25.28%     -40.36%       -84.60% (Japan 1945)
ACO 33/67 125%                10.00%       31.47%     -48.19%       -83.21% (Japan 1945)
ACO 33/67 150%                11.89%       37.71%     -57.47%       -81.82% (Japan 1945)
ACO 33/67 175%                13.78%       43.99%     -66.32%       -80.44% (Japan 1945)
ACO 33/67 200%                15.67%       50.28%     -75.74%       -90.99% (Japan 2008)
40/26.67/16.67/16.67 ACO       5.48%       15.66%     -16.26%       -86.87% (Japan 1945)
50/33.33/20.83/20.83 ACO       6.71%       19.23%     -18.84%       -86.05% (Japan 1945)
60/40/25/25 ACO                7.94%       22.88%     -21.44%       -85.23% (Japan 1945)
70/46.67/29.17/29.17 ACO       9.18%       26.58%     -24.70%       -84.40% (Japan 1945)
80/53.33/33.33/33.33 ACO      10.41%       30.31%     -28.07%       -83.58% (Japan 1945)
25/25/25/25 ACO                5.15%       15.09%     -15.73%       -87.17% (Japan 1945)
31.25/31.25/31.25/31.25 ACO       6.30%       18.50%     -16.08%       -86.42% (Japan 1945)
37.5/37.5/37.5/37.5 ACO        7.45%       21.99%     -19.16%       -85.67% (Japan 1945)
43.75/43.75/43.75/43.75 ACO       8.60%       25.54%     -21.51%       -84.93% (Japan 1945)
50/50/50/50 ACO                9.75%       29.12%     -24.58%       -84.18% (Japan 1945)

PANEL C -- CYCLE DE VIE, CRRA ET EPARGNE EQUIVALENTE
10000 trajectoires appariees ; blocs 10 ans ; spread 0.30% ; gamma 3.84
MF nets de frais 0.85%, couts 0.61% et haircut 0.00%
Obligations et MF couverts ; friction de change 0.50%
Controle revenu median : age 25 28 445  age 47 70 443

Reference d'utilite : ACO 33/67 avec 10 % d'epargne.
strategie                   epargne eq.   richesse med.   conso moy.    ruine            delta [IC95]     legs med.
-----------------------------------------------------------------------------------------------------------------
ACO 33/67                        10.00%         893 324       71 733    6.98%  +0.00% [+0.00%;+0.00%]     1 564 744
ACO 33/67 125%                    8.56%       1 137 622       90 926    8.13%  +1.15% [+0.86%;+1.44%]     2 512 346
ACO 33/67 150%                    8.30%       1 381 587      117 048   10.69%  +3.71% [+3.27%;+4.15%]     3 504 847
ACO 33/67 175%                    9.64%       1 575 340      151 395   14.81%  +7.83% [+7.25%;+8.41%]     4 129 999
ACO 33/67 200%                   15.66%       1 674 475      195 615   20.28%  +13.30% [+12.59%;+14.01%]     3 768 679
40/26.67/16.67/16.67 ACO         12.97%         646 838       54 760    5.46%  -1.52% [-2.02%;-1.02%]       795 183
50/33.33/20.83/20.83 ACO         10.03%         807 670       63 042    3.61%  -3.37% [-3.83%;-2.91%]     1 342 184
60/40/25/25 ACO                   7.94%       1 002 510       73 643    2.84%  -4.14% [-4.58%;-3.70%]     2 198 062
70/46.67/29.17/29.17 ACO          6.38%       1 236 536       87 260    2.35%  -4.63% [-5.07%;-4.19%]     3 497 814
80/53.33/33.33/33.33 ACO          5.20%       1 521 715      104 758    2.08%  -4.90% [-5.34%;-4.46%]     5 386 717
25/25/25/25 ACO                  14.06%         610 516       53 056    6.55%  -0.43% [-0.99%;+0.13%]       689 466
31.25/31.25/31.25/31.25 ACO      10.99%         750 172       60 444    4.69%  -2.29% [-2.81%;-1.77%]     1 140 196
37.5/37.5/37.5/37.5 ACO           8.81%         915 317       69 854    3.48%  -3.50% [-3.99%;-3.01%]     1 818 106
43.75/43.75/43.75/43.75 ACO       7.18%       1 116 309       81 880    2.93%  -4.05% [-4.52%;-3.58%]     2 819 224
50/50/50/50 ACO                   5.93%       1 362 047       97 280    2.67%  -4.31% [-4.79%;-3.83%]     4 270 343
